Linux 7.2.6-200.fc44.x86_64 (fedora.fritz.box) 	09/26/2026 	_x86_64_	(16 CPU)

avg-cpu:  %user   %nice %system %iowait  %steal   %idle
           0.33    0.07    0.42    0.22    0.00   98.97

Device            r/s     rkB/s   rrqm/s  %rrqm r_await rareq-sz     w/s     wkB/s   wrqm/s  %wrqm w_await wareq-sz     d/s     dkB/s   drqm/s  %drqm d_await dareq-sz     f/s f_await  aqu-sz  %util
nvme0n1         55.93   1821.42     5.56   9.04    2.69    32.57   54.74    789.76     0.08   0.14    0.72    14.43    0.40    148.41     0.00   0.00    1.52   373.42    3.83    1.92    0.20   2.18


avg-cpu:  %user   %nice %system %iowait  %steal   %idle
           0.69    0.00    0.62    0.06    0.00   98.63

Device            r/s     rkB/s   rrqm/s  %rrqm r_await rareq-sz     w/s     wkB/s   wrqm/s  %wrqm w_await wareq-sz     d/s     dkB/s   drqm/s  %drqm d_await dareq-sz     f/s f_await  aqu-sz  %util
nvme0n1          9.00    208.00     0.00   0.00    0.44    23.11   14.00    144.00     0.00   0.00    0.50    10.29    0.00      0.00     0.00   0.00    0.00     0.00    2.00    1.50    0.01   1.00


avg-cpu:  %user   %nice %system %iowait  %steal   %idle
           0.12    0.00    0.37    0.06    0.00   99.44

Device            r/s     rkB/s   rrqm/s  %rrqm r_await rareq-sz     w/s     wkB/s   wrqm/s  %wrqm w_await wareq-sz     d/s     dkB/s   drqm/s  %drqm d_await dareq-sz     f/s f_await  aqu-sz  %util
nvme0n1          0.00      0.00     0.00   0.00    0.00     0.00   14.00    144.00     0.00   0.00    0.43    10.29    0.00      0.00     0.00   0.00    0.00     0.00    2.00    2.00    0.01   0.60


avg-cpu:  %user   %nice %system %iowait  %steal   %idle
           0.31    0.00    0.44    0.00    0.00   99.25

Device            r/s     rkB/s   rrqm/s  %rrqm r_await rareq-sz     w/s     wkB/s   wrqm/s  %wrqm w_await wareq-sz     d/s     dkB/s   drqm/s  %drqm d_await dareq-sz     f/s f_await  aqu-sz  %util
nvme0n1          0.00      0.00     0.00   0.00    0.00     0.00   14.00    144.00     0.00   0.00    0.50    10.29    0.00      0.00     0.00   0.00    0.00     0.00    2.00    2.00    0.01   0.60


avg-cpu:  %user   %nice %system %iowait  %steal   %idle
           0.31    0.00    0.37    0.06    0.00   99.25

Device            r/s     rkB/s   rrqm/s  %rrqm r_await rareq-sz     w/s     wkB/s   wrqm/s  %wrqm w_await wareq-sz     d/s     dkB/s   drqm/s  %drqm d_await dareq-sz     f/s f_await  aqu-sz  %util
nvme0n1          0.00      0.00     0.00   0.00    0.00     0.00   26.00    280.00     0.00   0.00    0.50    10.77    0.00      0.00     0.00   0.00    0.00     0.00    4.00    1.75    0.02   1.40


avg-cpu:  %user   %nice %system %iowait  %steal   %idle
           0.12    0.00    0.31    0.06    0.00   99.50

Device            r/s     rkB/s   rrqm/s  %rrqm r_await rareq-sz     w/s     wkB/s   wrqm/s  %wrqm w_await wareq-sz     d/s     dkB/s   drqm/s  %drqm d_await dareq-sz     f/s f_await  aqu-sz  %util
nvme0n1          0.00      0.00     0.00   0.00    0.00     0.00   14.00    144.00     0.00   0.00    0.43    10.29    0.00      0.00     0.00   0.00    0.00     0.00    2.00    2.00    0.01   0.60


avg-cpu:  %user   %nice %system %iowait  %steal   %idle
           0.19    0.00    0.37    0.06    0.00   99.38

Device            r/s     rkB/s   rrqm/s  %rrqm r_await rareq-sz     w/s     wkB/s   wrqm/s  %wrqm w_await wareq-sz     d/s     dkB/s   drqm/s  %drqm d_await dareq-sz     f/s f_await  aqu-sz  %util
nvme0n1          0.00      0.00     0.00   0.00    0.00     0.00   14.00    144.00     0.00   0.00    0.43    10.29    0.00      0.00     0.00   0.00    0.00     0.00    2.00    1.50    0.01   0.60


avg-cpu:  %user   %nice %system %iowait  %steal   %idle
           3.53    0.00    1.00    0.00    0.00   95.47

Device            r/s     rkB/s   rrqm/s  %rrqm r_await rareq-sz     w/s     wkB/s   wrqm/s  %wrqm w_await wareq-sz     d/s     dkB/s   drqm/s  %drqm d_await dareq-sz     f/s f_await  aqu-sz  %util
nvme0n1          0.00      0.00     0.00   0.00    0.00     0.00   14.00    144.00     0.00   0.00    0.50    10.29    0.00      0.00     0.00   0.00    0.00     0.00    2.00    2.00    0.01   0.60


avg-cpu:  %user   %nice %system %iowait  %steal   %idle
           2.22    0.00    0.88    0.06    0.00   96.84

Device            r/s     rkB/s   rrqm/s  %rrqm r_await rareq-sz     w/s     wkB/s   wrqm/s  %wrqm w_await wareq-sz     d/s     dkB/s   drqm/s  %drqm d_await dareq-sz     f/s f_await  aqu-sz  %util
nvme0n1          0.00      0.00     0.00   0.00    0.00     0.00   14.00    144.00     0.00   0.00    0.50    10.29    0.00      0.00     0.00   0.00    0.00     0.00    2.00    2.00    0.01   0.70


avg-cpu:  %user   %nice %system %iowait  %steal   %idle
           4.47    0.00    0.94    0.12    0.00   94.48

Device            r/s     rkB/s   rrqm/s  %rrqm r_await rareq-sz     w/s     wkB/s   wrqm/s  %wrqm w_await wareq-sz     d/s     dkB/s   drqm/s  %drqm d_await dareq-sz     f/s f_await  aqu-sz  %util
nvme0n1          0.00      0.00     0.00   0.00    0.00     0.00  158.00   2260.00     0.00   0.00    0.41    14.30    0.00      0.00     0.00   0.00    0.00     0.00    7.00    1.71    0.08   1.90


avg-cpu:  %user   %nice %system %iowait  %steal   %idle
           3.04    0.00    1.05    0.06    0.00   95.85

Device            r/s     rkB/s   rrqm/s  %rrqm r_await rareq-sz     w/s     wkB/s   wrqm/s  %wrqm w_await wareq-sz     d/s     dkB/s   drqm/s  %drqm d_await dareq-sz     f/s f_await  aqu-sz  %util
nvme0n1          0.00      0.00     0.00   0.00    0.00     0.00  460.00   5868.00     0.00   0.00    1.06    12.76    0.00      0.00     0.00   0.00    0.00     0.00    3.00    2.00    0.49   1.10


avg-cpu:  %user   %nice %system %iowait  %steal   %idle
           2.84    0.00    0.93    0.00    0.00   96.23

Device            r/s     rkB/s   rrqm/s  %rrqm r_await rareq-sz     w/s     wkB/s   wrqm/s  %wrqm w_await wareq-sz     d/s     dkB/s   drqm/s  %drqm d_await dareq-sz     f/s f_await  aqu-sz  %util
nvme0n1          0.00      0.00     0.00   0.00    0.00     0.00   14.00    144.00     0.00   0.00    0.50    10.29    0.00      0.00     0.00   0.00    0.00     0.00    2.00    2.00    0.01   0.80


avg-cpu:  %user   %nice %system %iowait  %steal   %idle
           1.68    0.00    0.75    0.06    0.00   97.51

Device            r/s     rkB/s   rrqm/s  %rrqm r_await rareq-sz     w/s     wkB/s   wrqm/s  %wrqm w_await wareq-sz     d/s     dkB/s   drqm/s  %drqm d_await dareq-sz     f/s f_await  aqu-sz  %util
nvme0n1          0.00      0.00     0.00   0.00    0.00     0.00   14.00    144.00     0.00   0.00    0.50    10.29    0.00      0.00     0.00   0.00    0.00     0.00    2.00    2.00    0.01   0.70


avg-cpu:  %user   %nice %system %iowait  %steal   %idle
           0.98    0.00    0.75    0.06    0.00   98.21

Device            r/s     rkB/s   rrqm/s  %rrqm r_await rareq-sz     w/s     wkB/s   wrqm/s  %wrqm w_await wareq-sz     d/s     dkB/s   drqm/s  %drqm d_await dareq-sz     f/s f_await  aqu-sz  %util
nvme0n1          0.00      0.00     0.00   0.00    0.00     0.00   14.00    144.00     0.00   0.00    0.43    10.29    0.00      0.00     0.00   0.00    0.00     0.00    2.00    1.50    0.01   0.80


avg-cpu:  %user   %nice %system %iowait  %steal   %idle
           3.19    0.00    1.06    0.12    0.00   95.63

Device            r/s     rkB/s   rrqm/s  %rrqm r_await rareq-sz     w/s     wkB/s   wrqm/s  %wrqm w_await wareq-sz     d/s     dkB/s   drqm/s  %drqm d_await dareq-sz     f/s f_await  aqu-sz  %util
nvme0n1          0.00      0.00     0.00   0.00    0.00     0.00   26.00    280.00     0.00   0.00    0.50    10.77    0.00      0.00     0.00   0.00    0.00     0.00    4.00    2.00    0.02   1.30


avg-cpu:  %user   %nice %system %iowait  %steal   %idle
           1.53    0.00    0.88    0.00    0.00   97.59

Device            r/s     rkB/s   rrqm/s  %rrqm r_await rareq-sz     w/s     wkB/s   wrqm/s  %wrqm w_await wareq-sz     d/s     dkB/s   drqm/s  %drqm d_await dareq-sz     f/s f_await  aqu-sz  %util
nvme0n1          0.00      0.00     0.00   0.00    0.00     0.00   15.00    148.00     0.00   0.00    0.47     9.87    0.00      0.00     0.00   0.00    0.00     0.00    2.00    2.00    0.01   0.60


avg-cpu:  %user   %nice %system %iowait  %steal   %idle
           2.90    0.00    0.77    0.06    0.00   96.28

Device            r/s     rkB/s   rrqm/s  %rrqm r_await rareq-sz     w/s     wkB/s   wrqm/s  %wrqm w_await wareq-sz     d/s     dkB/s   drqm/s  %drqm d_await dareq-sz     f/s f_await  aqu-sz  %util
nvme0n1          0.00      0.00     0.00   0.00    0.00     0.00   14.00    144.00     0.00   0.00    0.50    10.29    0.00      0.00     0.00   0.00    0.00     0.00    2.00    1.50    0.01   0.60


avg-cpu:  %user   %nice %system %iowait  %steal   %idle
           0.59    0.00    0.41    0.06    0.00   98.93

Device            r/s     rkB/s   rrqm/s  %rrqm r_await rareq-sz     w/s     wkB/s   wrqm/s  %wrqm w_await wareq-sz     d/s     dkB/s   drqm/s  %drqm d_await dareq-sz     f/s f_await  aqu-sz  %util
nvme0n1          0.00      0.00     0.00   0.00    0.00     0.00   14.00    144.00     0.00   0.00    0.43    10.29    0.00      0.00     0.00   0.00    0.00     0.00    2.00    2.00    0.01   0.70


avg-cpu:  %user   %nice %system %iowait  %steal   %idle
           0.54    0.00    0.42    0.00    0.00   99.05

Device            r/s     rkB/s   rrqm/s  %rrqm r_await rareq-sz     w/s     wkB/s   wrqm/s  %wrqm w_await wareq-sz     d/s     dkB/s   drqm/s  %drqm d_await dareq-sz     f/s f_await  aqu-sz  %util
nvme0n1          0.00      0.00     0.00   0.00    0.00     0.00   14.00    144.00     0.00   0.00    0.50    10.29    0.00      0.00     0.00   0.00    0.00     0.00    2.00    2.00    0.01   0.40


avg-cpu:  %user   %nice %system %iowait  %steal   %idle
           0.06    0.00    0.36    0.06    0.00   99.52

Device            r/s     rkB/s   rrqm/s  %rrqm r_await rareq-sz     w/s     wkB/s   wrqm/s  %wrqm w_await wareq-sz     d/s     dkB/s   drqm/s  %drqm d_await dareq-sz     f/s f_await  aqu-sz  %util
nvme0n1          0.00      0.00     0.00   0.00    0.00     0.00   26.00    280.00     0.00   0.00    0.46    10.77    0.00      0.00     0.00   0.00    0.00     0.00    4.00    1.75    0.02   1.10


avg-cpu:  %user   %nice %system %iowait  %steal   %idle
           0.12    0.00    0.30    0.06    0.00   99.52

Device            r/s     rkB/s   rrqm/s  %rrqm r_await rareq-sz     w/s     wkB/s   wrqm/s  %wrqm w_await wareq-sz     d/s     dkB/s   drqm/s  %drqm d_await dareq-sz     f/s f_await  aqu-sz  %util
nvme0n1          0.00      0.00     0.00   0.00    0.00     0.00   20.00    208.00     0.00   0.00    0.45    10.40    0.00      0.00     0.00   0.00    0.00     0.00    2.00    2.00    0.01   0.70


avg-cpu:  %user   %nice %system %iowait  %steal   %idle
           0.12    0.00    0.36    0.00    0.00   99.52

Device            r/s     rkB/s   rrqm/s  %rrqm r_await rareq-sz     w/s     wkB/s   wrqm/s  %wrqm w_await wareq-sz     d/s     dkB/s   drqm/s  %drqm d_await dareq-sz     f/s f_await  aqu-sz  %util
nvme0n1          0.00      0.00     0.00   0.00    0.00     0.00   14.00    144.00     0.00   0.00    0.43    10.29    0.00      0.00     0.00   0.00    0.00     0.00    2.00    2.00    0.01   0.70


avg-cpu:  %user   %nice %system %iowait  %steal   %idle
           0.06    0.00    0.36    0.06    0.00   99.52

Device            r/s     rkB/s   rrqm/s  %rrqm r_await rareq-sz     w/s     wkB/s   wrqm/s  %wrqm w_await wareq-sz     d/s     dkB/s   drqm/s  %drqm d_await dareq-sz     f/s f_await  aqu-sz  %util
nvme0n1          0.00      0.00     0.00   0.00    0.00     0.00   14.00    144.00     0.00   0.00    0.43    10.29    0.00      0.00     0.00   0.00    0.00     0.00    2.00    1.50    0.01   0.70


avg-cpu:  %user   %nice %system %iowait  %steal   %idle
           0.12    0.00    0.30    0.06    0.00   99.52

Device            r/s     rkB/s   rrqm/s  %rrqm r_await rareq-sz     w/s     wkB/s   wrqm/s  %wrqm w_await wareq-sz     d/s     dkB/s   drqm/s  %drqm d_await dareq-sz     f/s f_await  aqu-sz  %util
nvme0n1          0.00      0.00     0.00   0.00    0.00     0.00   14.00    144.00     0.00   0.00    0.50    10.29    0.00      0.00     0.00   0.00    0.00     0.00    2.00    2.00    0.01   0.60


avg-cpu:  %user   %nice %system %iowait  %steal   %idle
           0.06    0.00    0.36    0.06    0.00   99.52

Device            r/s     rkB/s   rrqm/s  %rrqm r_await rareq-sz     w/s     wkB/s   wrqm/s  %wrqm w_await wareq-sz     d/s     dkB/s   drqm/s  %drqm d_await dareq-sz     f/s f_await  aqu-sz  %util
nvme0n1          0.00      0.00     0.00   0.00    0.00     0.00   26.00    280.00     0.00   0.00    0.50    10.77    0.00      0.00     0.00   0.00    0.00     0.00    4.00    2.00    0.02   1.20


avg-cpu:  %user   %nice %system %iowait  %steal   %idle
           0.12    0.00    0.36    0.06    0.00   99.47

Device            r/s     rkB/s   rrqm/s  %rrqm r_await rareq-sz     w/s     wkB/s   wrqm/s  %wrqm w_await wareq-sz     d/s     dkB/s   drqm/s  %drqm d_await dareq-sz     f/s f_await  aqu-sz  %util
nvme0n1          0.00      0.00     0.00   0.00    0.00     0.00   35.00    400.00     0.00   0.00    0.43    11.43    0.00      0.00     0.00   0.00    0.00     0.00    2.00    2.00    0.02   0.80


avg-cpu:  %user   %nice %system %iowait  %steal   %idle
           0.06    0.00    0.35    0.06    0.00   99.53

Device            r/s     rkB/s   rrqm/s  %rrqm r_await rareq-sz     w/s     wkB/s   wrqm/s  %wrqm w_await wareq-sz     d/s     dkB/s   drqm/s  %drqm d_await dareq-sz     f/s f_await  aqu-sz  %util
nvme0n1          0.00      0.00     0.00   0.00    0.00     0.00   14.00    144.00     0.00   0.00    0.50    10.29    0.00      0.00     0.00   0.00    0.00     0.00    2.00    2.00    0.01   0.70


avg-cpu:  %user   %nice %system %iowait  %steal   %idle
           0.37    0.00    0.25    0.00    0.00   99.38

Device            r/s     rkB/s   rrqm/s  %rrqm r_await rareq-sz     w/s     wkB/s   wrqm/s  %wrqm w_await wareq-sz     d/s     dkB/s   drqm/s  %drqm d_await dareq-sz     f/s f_await  aqu-sz  %util
nvme0n1          0.00      0.00     0.00   0.00    0.00     0.00   14.00    144.00     0.00   0.00    0.43    10.29    0.00      0.00     0.00   0.00    0.00     0.00    2.00    1.50    0.01   0.70


avg-cpu:  %user   %nice %system %iowait  %steal   %idle
           0.19    0.00    0.37    0.06    0.00   99.38

Device            r/s     rkB/s   rrqm/s  %rrqm r_await rareq-sz     w/s     wkB/s   wrqm/s  %wrqm w_await wareq-sz     d/s     dkB/s   drqm/s  %drqm d_await dareq-sz     f/s f_await  aqu-sz  %util
nvme0n1          0.00      0.00     0.00   0.00    0.00     0.00   14.00    144.00     0.00   0.00    0.43    10.29    0.00      0.00     0.00   0.00    0.00     0.00    2.00    2.00    0.01   0.70


avg-cpu:  %user   %nice %system %iowait  %steal   %idle
           0.19    0.00    0.25    0.06    0.00   99.50

Device            r/s     rkB/s   rrqm/s  %rrqm r_await rareq-sz     w/s     wkB/s   wrqm/s  %wrqm w_await wareq-sz     d/s     dkB/s   drqm/s  %drqm d_await dareq-sz     f/s f_await  aqu-sz  %util
nvme0n1          0.00      0.00     0.00   0.00    0.00     0.00   26.00    280.00     0.00   0.00    0.50    10.77    0.00      0.00     0.00   0.00    0.00     0.00    4.00    2.00    0.02   1.30


avg-cpu:  %user   %nice %system %iowait  %steal   %idle
           0.12    0.00    0.37    0.06    0.00   99.44

Device            r/s     rkB/s   rrqm/s  %rrqm r_await rareq-sz     w/s     wkB/s   wrqm/s  %wrqm w_await wareq-sz     d/s     dkB/s   drqm/s  %drqm d_await dareq-sz     f/s f_await  aqu-sz  %util
nvme0n1          0.00      0.00     0.00   0.00    0.00     0.00   14.00    144.00     0.00   0.00    0.43    10.29    0.00      0.00     0.00   0.00    0.00     0.00    2.00    1.50    0.01   0.60


avg-cpu:  %user   %nice %system %iowait  %steal   %idle
           0.19    0.00    0.31    0.00    0.00   99.50

Device            r/s     rkB/s   rrqm/s  %rrqm r_await rareq-sz     w/s     wkB/s   wrqm/s  %wrqm w_await wareq-sz     d/s     dkB/s   drqm/s  %drqm d_await dareq-sz     f/s f_await  aqu-sz  %util
nvme0n1          0.00      0.00     0.00   0.00    0.00     0.00   17.00    156.00     0.00   0.00    0.47     9.18    0.00      0.00     0.00   0.00    0.00     0.00    2.00    2.00    0.01   0.60


avg-cpu:  %user   %nice %system %iowait  %steal   %idle
           0.19    0.00    0.31    0.06    0.00   99.44

Device            r/s     rkB/s   rrqm/s  %rrqm r_await rareq-sz     w/s     wkB/s   wrqm/s  %wrqm w_await wareq-sz     d/s     dkB/s   drqm/s  %drqm d_await dareq-sz     f/s f_await  aqu-sz  %util
nvme0n1          0.00      0.00     0.00   0.00    0.00     0.00   14.00    144.00     0.00   0.00    0.50    10.29    0.00      0.00     0.00   0.00    0.00     0.00    2.00    1.50    0.01   0.60


avg-cpu:  %user   %nice %system %iowait  %steal   %idle
           1.69    0.00    1.03    0.12    0.00   97.15

Device            r/s     rkB/s   rrqm/s  %rrqm r_await rareq-sz     w/s     wkB/s   wrqm/s  %wrqm w_await wareq-sz     d/s     dkB/s   drqm/s  %drqm d_await dareq-sz     f/s f_await  aqu-sz  %util
nvme0n1          0.00      0.00     0.00   0.00    0.00     0.00   92.00    600.00     1.00   1.08    0.47     6.52    0.00      0.00     0.00   0.00    0.00     0.00    5.00    1.80    0.05   1.50


avg-cpu:  %user   %nice %system %iowait  %steal   %idle
           1.55    0.00    0.95    0.06    0.00   97.44

Device            r/s     rkB/s   rrqm/s  %rrqm r_await rareq-sz     w/s     wkB/s   wrqm/s  %wrqm w_await wareq-sz     d/s     dkB/s   drqm/s  %drqm d_await dareq-sz     f/s f_await  aqu-sz  %util
nvme0n1          0.00      0.00     0.00   0.00    0.00     0.00   26.00    280.00     0.00   0.00    0.42    10.77    0.00      0.00     0.00   0.00    0.00     0.00    4.00    2.00    0.02   1.10


avg-cpu:  %user   %nice %system %iowait  %steal   %idle
           1.60    0.00    1.31    0.00    0.00   97.09

Device            r/s     rkB/s   rrqm/s  %rrqm r_await rareq-sz     w/s     wkB/s   wrqm/s  %wrqm w_await wareq-sz     d/s     dkB/s   drqm/s  %drqm d_await dareq-sz     f/s f_await  aqu-sz  %util
nvme0n1          0.00      0.00     0.00   0.00    0.00     0.00   25.00    272.00     0.00   0.00    0.48    10.88    0.00      0.00     0.00   0.00    0.00     0.00    2.00    2.00    0.01   0.60


avg-cpu:  %user   %nice %system %iowait  %steal   %idle
           1.49    0.00    1.19    0.06    0.00   97.26

Device            r/s     rkB/s   rrqm/s  %rrqm r_await rareq-sz     w/s     wkB/s   wrqm/s  %wrqm w_await wareq-sz     d/s     dkB/s   drqm/s  %drqm d_await dareq-sz     f/s f_await  aqu-sz  %util
nvme0n1          0.00      0.00     0.00   0.00    0.00     0.00   14.00    144.00     0.00   0.00    0.43    10.29    0.00      0.00     0.00   0.00    0.00     0.00    2.00    2.00    0.01   0.60


avg-cpu:  %user   %nice %system %iowait  %steal   %idle
           1.49    0.00    1.13    0.12    0.00   97.26

Device            r/s     rkB/s   rrqm/s  %rrqm r_await rareq-sz     w/s     wkB/s   wrqm/s  %wrqm w_await wareq-sz     d/s     dkB/s   drqm/s  %drqm d_await dareq-sz     f/s f_await  aqu-sz  %util
nvme0n1          0.00      0.00     0.00   0.00    0.00     0.00   35.00    360.00     0.00   0.00    0.46    10.29    0.00      0.00     0.00   0.00    0.00     0.00    5.00    1.80    0.03   1.60


avg-cpu:  %user   %nice %system %iowait  %steal   %idle
           1.37    0.00    1.31    0.00    0.00   97.31

Device            r/s     rkB/s   rrqm/s  %rrqm r_await rareq-sz     w/s     wkB/s   wrqm/s  %wrqm w_await wareq-sz     d/s     dkB/s   drqm/s  %drqm d_await dareq-sz     f/s f_await  aqu-sz  %util
nvme0n1          0.00      0.00     0.00   0.00    0.00     0.00   20.00    212.00     0.00   0.00    0.45    10.60    0.00      0.00     0.00   0.00    0.00     0.00    3.00    2.00    0.01   0.80


avg-cpu:  %user   %nice %system %iowait  %steal   %idle
           1.14    0.00    1.08    0.12    0.00   97.66

Device            r/s     rkB/s   rrqm/s  %rrqm r_await rareq-sz     w/s     wkB/s   wrqm/s  %wrqm w_await wareq-sz     d/s     dkB/s   drqm/s  %drqm d_await dareq-sz     f/s f_await  aqu-sz  %util
nvme0n1          0.00      0.00     0.00   0.00    0.00     0.00   26.00    280.00     0.00   0.00    0.46    10.77    0.00      0.00     0.00   0.00    0.00     0.00    4.00    1.75    0.02   1.20


avg-cpu:  %user   %nice %system %iowait  %steal   %idle
           1.43    0.00    0.95    0.06    0.00   97.56

Device            r/s     rkB/s   rrqm/s  %rrqm r_await rareq-sz     w/s     wkB/s   wrqm/s  %wrqm w_await wareq-sz     d/s     dkB/s   drqm/s  %drqm d_await dareq-sz     f/s f_await  aqu-sz  %util
nvme0n1          0.00      0.00     0.00   0.00    0.00     0.00  418.00   6508.00     0.00   0.00    1.81    15.57    0.00      0.00     0.00   0.00    0.00     0.00    3.00    2.00    0.76   1.30


avg-cpu:  %user   %nice %system %iowait  %steal   %idle
           1.49    0.00    1.31    0.00    0.00   97.20

Device            r/s     rkB/s   rrqm/s  %rrqm r_await rareq-sz     w/s     wkB/s   wrqm/s  %wrqm w_await wareq-sz     d/s     dkB/s   drqm/s  %drqm d_await dareq-sz     f/s f_await  aqu-sz  %util
nvme0n1          0.00      0.00     0.00   0.00    0.00     0.00   14.00    144.00     0.00   0.00    0.43    10.29    0.00      0.00     0.00   0.00    0.00     0.00    2.00    2.00    0.01   0.60


avg-cpu:  %user   %nice %system %iowait  %steal   %idle
           1.20    0.00    1.08    0.06    0.00   97.66

Device            r/s     rkB/s   rrqm/s  %rrqm r_await rareq-sz     w/s     wkB/s   wrqm/s  %wrqm w_await wareq-sz     d/s     dkB/s   drqm/s  %drqm d_await dareq-sz     f/s f_await  aqu-sz  %util
nvme0n1          0.00      0.00     0.00   0.00    0.00     0.00   14.00    144.00     0.00   0.00    0.43    10.29    0.00      0.00     0.00   0.00    0.00     0.00    2.00    2.00    0.01   0.70


avg-cpu:  %user   %nice %system %iowait  %steal   %idle
           1.78    0.00    1.07    0.06    0.00   97.10

Device            r/s     rkB/s   rrqm/s  %rrqm r_await rareq-sz     w/s     wkB/s   wrqm/s  %wrqm w_await wareq-sz     d/s     dkB/s   drqm/s  %drqm d_await dareq-sz     f/s f_await  aqu-sz  %util
nvme0n1          0.00      0.00     0.00   0.00    0.00     0.00   14.00    144.00     0.00   0.00    0.50    10.29    0.00      0.00     0.00   0.00    0.00     0.00    2.00    1.50    0.01   0.60


avg-cpu:  %user   %nice %system %iowait  %steal   %idle
           1.48    0.00    1.07    0.06    0.00   97.40

Device            r/s     rkB/s   rrqm/s  %rrqm r_await rareq-sz     w/s     wkB/s   wrqm/s  %wrqm w_await wareq-sz     d/s     dkB/s   drqm/s  %drqm d_await dareq-sz     f/s f_await  aqu-sz  %util
nvme0n1          0.00      0.00     0.00   0.00    0.00     0.00   26.00    280.00     0.00   0.00    0.46    10.77    0.00      0.00     0.00   0.00    0.00     0.00    4.00    2.00    0.02   1.10


avg-cpu:  %user   %nice %system %iowait  %steal   %idle
           1.24    0.00    1.18    0.00    0.00   97.58

Device            r/s     rkB/s   rrqm/s  %rrqm r_await rareq-sz     w/s     wkB/s   wrqm/s  %wrqm w_await wareq-sz     d/s     dkB/s   drqm/s  %drqm d_await dareq-sz     f/s f_await  aqu-sz  %util
nvme0n1          0.00      0.00     0.00   0.00    0.00     0.00   16.00    152.00     0.00   0.00    0.44     9.50    0.00      0.00     0.00   0.00    0.00     0.00    2.00    2.00    0.01   0.60


avg-cpu:  %user   %nice %system %iowait  %steal   %idle
           1.38    0.00    1.20    0.06    0.00   97.35

Device            r/s     rkB/s   rrqm/s  %rrqm r_await rareq-sz     w/s     wkB/s   wrqm/s  %wrqm w_await wareq-sz     d/s     dkB/s   drqm/s  %drqm d_await dareq-sz     f/s f_await  aqu-sz  %util
nvme0n1          0.00      0.00     0.00   0.00    0.00     0.00   14.00    144.00     0.00   0.00    0.50    10.29    0.00      0.00     0.00   0.00    0.00     0.00    2.00    2.00    0.01   0.60


avg-cpu:  %user   %nice %system %iowait  %steal   %idle
           1.08    0.00    1.26    0.00    0.00   97.67

Device            r/s     rkB/s   rrqm/s  %rrqm r_await rareq-sz     w/s     wkB/s   wrqm/s  %wrqm w_await wareq-sz     d/s     dkB/s   drqm/s  %drqm d_await dareq-sz     f/s f_await  aqu-sz  %util
nvme0n1          0.00      0.00     0.00   0.00    0.00     0.00   14.00    144.00     0.00   0.00    0.43    10.29    0.00      0.00     0.00   0.00    0.00     0.00    2.00    2.00    0.01   0.50


avg-cpu:  %user   %nice %system %iowait  %steal   %idle
           0.31    0.00    0.25    0.06    0.00   99.38

Device            r/s     rkB/s   rrqm/s  %rrqm r_await rareq-sz     w/s     wkB/s   wrqm/s  %wrqm w_await wareq-sz     d/s     dkB/s   drqm/s  %drqm d_await dareq-sz     f/s f_await  aqu-sz  %util
nvme0n1          0.00      0.00     0.00   0.00    0.00     0.00   14.00    144.00     0.00   0.00    0.43    10.29    0.00      0.00     0.00   0.00    0.00     0.00    2.00    1.50    0.01   0.60


avg-cpu:  %user   %nice %system %iowait  %steal   %idle
           0.12    0.00    0.31    0.12    0.00   99.44

Device            r/s     rkB/s   rrqm/s  %rrqm r_await rareq-sz     w/s     wkB/s   wrqm/s  %wrqm w_await wareq-sz     d/s     dkB/s   drqm/s  %drqm d_await dareq-sz     f/s f_await  aqu-sz  %util
nvme0n1          0.00      0.00     0.00   0.00    0.00     0.00   44.00    484.00     0.00   0.00    0.50    11.00    0.00      0.00     0.00   0.00    0.00     0.00    7.00    2.00    0.04   2.00


avg-cpu:  %user   %nice %system %iowait  %steal   %idle
           0.12    0.00    0.31    0.06    0.00   99.50

Device            r/s     rkB/s   rrqm/s  %rrqm r_await rareq-sz     w/s     wkB/s   wrqm/s  %wrqm w_await wareq-sz     d/s     dkB/s   drqm/s  %drqm d_await dareq-sz     f/s f_await  aqu-sz  %util
nvme0n1          0.00      0.00     0.00   0.00    0.00     0.00   14.00    144.00     0.00   0.00    0.50    10.29    0.00      0.00     0.00   0.00    0.00     0.00    2.00    1.50    0.01   0.70


avg-cpu:  %user   %nice %system %iowait  %steal   %idle
           0.12    0.00    0.37    0.00    0.00   99.50

Device            r/s     rkB/s   rrqm/s  %rrqm r_await rareq-sz     w/s     wkB/s   wrqm/s  %wrqm w_await wareq-sz     d/s     dkB/s   drqm/s  %drqm d_await dareq-sz     f/s f_await  aqu-sz  %util
nvme0n1          0.00      0.00     0.00   0.00    0.00     0.00   14.00    144.00     0.00   0.00    0.50    10.29    0.00      0.00     0.00   0.00    0.00     0.00    2.00    2.00    0.01   0.70


avg-cpu:  %user   %nice %system %iowait  %steal   %idle
           0.06    0.00    0.25    0.06    0.00   99.63

Device            r/s     rkB/s   rrqm/s  %rrqm r_await rareq-sz     w/s     wkB/s   wrqm/s  %wrqm w_await wareq-sz     d/s     dkB/s   drqm/s  %drqm d_await dareq-sz     f/s f_await  aqu-sz  %util
nvme0n1          0.00      0.00     0.00   0.00    0.00     0.00   14.00    144.00     0.00   0.00    0.43    10.29    0.00      0.00     0.00   0.00    0.00     0.00    2.00    2.00    0.01   0.60


avg-cpu:  %user   %nice %system %iowait  %steal   %idle
           0.25    0.00    0.44    0.00    0.00   99.32

Device            r/s     rkB/s   rrqm/s  %rrqm r_await rareq-sz     w/s     wkB/s   wrqm/s  %wrqm w_await wareq-sz     d/s     dkB/s   drqm/s  %drqm d_await dareq-sz     f/s f_await  aqu-sz  %util
nvme0n1          0.00      0.00     0.00   0.00    0.00     0.00   14.00    144.00     0.00   0.00    0.50    10.29    0.00      0.00     0.00   0.00    0.00     0.00    2.00    1.50    0.01   0.50


avg-cpu:  %user   %nice %system %iowait  %steal   %idle
           0.19    0.00    0.25    0.12    0.00   99.44

Device            r/s     rkB/s   rrqm/s  %rrqm r_await rareq-sz     w/s     wkB/s   wrqm/s  %wrqm w_await wareq-sz     d/s     dkB/s   drqm/s  %drqm d_await dareq-sz     f/s f_await  aqu-sz  %util
nvme0n1          0.00      0.00     0.00   0.00    0.00     0.00   26.00    280.00     0.00   0.00    0.50    10.77    0.00      0.00     0.00   0.00    0.00     0.00    4.00    2.00    0.02   1.20


avg-cpu:  %user   %nice %system %iowait  %steal   %idle
           0.19    0.00    0.37    0.00    0.00   99.44

Device            r/s     rkB/s   rrqm/s  %rrqm r_await rareq-sz     w/s     wkB/s   wrqm/s  %wrqm w_await wareq-sz     d/s     dkB/s   drqm/s  %drqm d_await dareq-sz     f/s f_await  aqu-sz  %util
nvme0n1          0.00      0.00     0.00   0.00    0.00     0.00   14.00    144.00     0.00   0.00    0.43    10.29    0.00      0.00     0.00   0.00    0.00     0.00    2.00    2.00    0.01   0.60


avg-cpu:  %user   %nice %system %iowait  %steal   %idle
           0.19    0.00    0.31    0.06    0.00   99.44

Device            r/s     rkB/s   rrqm/s  %rrqm r_await rareq-sz     w/s     wkB/s   wrqm/s  %wrqm w_await wareq-sz     d/s     dkB/s   drqm/s  %drqm d_await dareq-sz     f/s f_await  aqu-sz  %util
nvme0n1          0.00      0.00     0.00   0.00    0.00     0.00   27.00    332.00     1.00   3.57    0.48    12.30    0.00      0.00     0.00   0.00    0.00     0.00    2.00    2.00    0.02   0.90


avg-cpu:  %user   %nice %system %iowait  %steal   %idle
           0.12    0.00    0.37    0.00    0.00   99.50

Device            r/s     rkB/s   rrqm/s  %rrqm r_await rareq-sz     w/s     wkB/s   wrqm/s  %wrqm w_await wareq-sz     d/s     dkB/s   drqm/s  %drqm d_await dareq-sz     f/s f_await  aqu-sz  %util
nvme0n1          0.00      0.00     0.00   0.00    0.00     0.00   14.00    144.00     0.00   0.00    0.43    10.29    0.00      0.00     0.00   0.00    0.00     0.00    2.00    2.00    0.01   0.60


avg-cpu:  %user   %nice %system %iowait  %steal   %idle
           0.19    0.00    0.25    0.06    0.00   99.50

Device            r/s     rkB/s   rrqm/s  %rrqm r_await rareq-sz     w/s     wkB/s   wrqm/s  %wrqm w_await wareq-sz     d/s     dkB/s   drqm/s  %drqm d_await dareq-sz     f/s f_await  aqu-sz  %util
nvme0n1          0.00      0.00     0.00   0.00    0.00     0.00   90.00    476.00     1.00   1.10    0.91     5.29    0.00      0.00     0.00   0.00    0.00     0.00    2.00    1.50    0.09   0.90


avg-cpu:  %user   %nice %system %iowait  %steal   %idle
           0.18    0.00    0.43    0.06    0.00   99.32

Device            r/s     rkB/s   rrqm/s  %rrqm r_await rareq-sz     w/s     wkB/s   wrqm/s  %wrqm w_await wareq-sz     d/s     dkB/s   drqm/s  %drqm d_await dareq-sz     f/s f_await  aqu-sz  %util
nvme0n1          0.00      0.00     0.00   0.00    0.00     0.00   26.00    280.00     0.00   0.00    0.46    10.77    0.00      0.00     0.00   0.00    0.00     0.00    4.00    2.00    0.02   1.20


avg-cpu:  %user   %nice %system %iowait  %steal   %idle
           0.12    0.00    0.30    0.06    0.00   99.51

Device            r/s     rkB/s   rrqm/s  %rrqm r_await rareq-sz     w/s     wkB/s   wrqm/s  %wrqm w_await wareq-sz     d/s     dkB/s   drqm/s  %drqm d_await dareq-sz     f/s f_await  aqu-sz  %util
nvme0n1          0.00      0.00     0.00   0.00    0.00     0.00   15.00    148.00     0.00   0.00    0.40     9.87    0.00      0.00     0.00   0.00    0.00     0.00    2.00    1.50    0.01   0.50


avg-cpu:  %user   %nice %system %iowait  %steal   %idle
           0.12    0.00    0.30    0.06    0.00   99.51

Device            r/s     rkB/s   rrqm/s  %rrqm r_await rareq-sz     w/s     wkB/s   wrqm/s  %wrqm w_await wareq-sz     d/s     dkB/s   drqm/s  %drqm d_await dareq-sz     f/s f_await  aqu-sz  %util
nvme0n1          0.00      0.00     0.00   0.00    0.00     0.00   26.00    280.00     1.00   3.70    0.31    10.77    0.00      0.00     0.00   0.00    0.00     0.00    2.00    2.00    0.01   0.60


avg-cpu:  %user   %nice %system %iowait  %steal   %idle
           0.12    0.00    0.42    0.00    0.00   99.45

Device            r/s     rkB/s   rrqm/s  %rrqm r_await rareq-sz     w/s     wkB/s   wrqm/s  %wrqm w_await wareq-sz     d/s     dkB/s   drqm/s  %drqm d_await dareq-sz     f/s f_await  aqu-sz  %util
nvme0n1          0.00      0.00     0.00   0.00    0.00     0.00   20.00    168.00     0.00   0.00    0.40     8.40    0.00      0.00     0.00   0.00    0.00     0.00    2.00    2.00    0.01   0.50


avg-cpu:  %user   %nice %system %iowait  %steal   %idle
           0.37    0.00    0.30    0.06    0.00   99.27

Device            r/s     rkB/s   rrqm/s  %rrqm r_await rareq-sz     w/s     wkB/s   wrqm/s  %wrqm w_await wareq-sz     d/s     dkB/s   drqm/s  %drqm d_await dareq-sz     f/s f_await  aqu-sz  %util
nvme0n1          0.00      0.00     0.00   0.00    0.00     0.00   14.00    144.00     0.00   0.00    0.43    10.29    0.00      0.00     0.00   0.00    0.00     0.00    2.00    1.50    0.01   0.60


avg-cpu:  %user   %nice %system %iowait  %steal   %idle
           0.12    0.00    0.36    0.00    0.00   99.51

Device            r/s     rkB/s   rrqm/s  %rrqm r_await rareq-sz     w/s     wkB/s   wrqm/s  %wrqm w_await wareq-sz     d/s     dkB/s   drqm/s  %drqm d_await dareq-sz     f/s f_await  aqu-sz  %util
nvme0n1          0.00      0.00     0.00   0.00    0.00     0.00   26.00    280.00     0.00   0.00    0.50    10.77    0.00      0.00     0.00   0.00    0.00     0.00    4.00    2.00    0.02   1.20


avg-cpu:  %user   %nice %system %iowait  %steal   %idle
           0.12    0.00    0.36    0.06    0.00   99.45

Device            r/s     rkB/s   rrqm/s  %rrqm r_await rareq-sz     w/s     wkB/s   wrqm/s  %wrqm w_await wareq-sz     d/s     dkB/s   drqm/s  %drqm d_await dareq-sz     f/s f_await  aqu-sz  %util
nvme0n1          0.00      0.00     0.00   0.00    0.00     0.00   14.00    144.00     0.00   0.00    0.43    10.29    0.00      0.00     0.00   0.00    0.00     0.00    2.00    1.50    0.01   0.60


avg-cpu:  %user   %nice %system %iowait  %steal   %idle
           0.12    0.00    0.24    0.12    0.00   99.52

Device            r/s     rkB/s   rrqm/s  %rrqm r_await rareq-sz     w/s     wkB/s   wrqm/s  %wrqm w_await wareq-sz     d/s     dkB/s   drqm/s  %drqm d_await dareq-sz     f/s f_await  aqu-sz  %util
nvme0n1          0.00      0.00     0.00   0.00    0.00     0.00   38.00    372.00     0.00   0.00    0.39     9.79    0.00      0.00     0.00   0.00    0.00     0.00    5.00    1.80    0.02   1.50


avg-cpu:  %user   %nice %system %iowait  %steal   %idle
           0.06    0.00    0.30    0.00    0.00   99.64

Device            r/s     rkB/s   rrqm/s  %rrqm r_await rareq-sz     w/s     wkB/s   wrqm/s  %wrqm w_await wareq-sz     d/s     dkB/s   drqm/s  %drqm d_await dareq-sz     f/s f_await  aqu-sz  %util
nvme0n1          0.00      0.00     0.00   0.00    0.00     0.00   14.00    144.00     0.00   0.00    0.43    10.29    0.00      0.00     0.00   0.00    0.00     0.00    2.00    2.00    0.01   0.60


avg-cpu:  %user   %nice %system %iowait  %steal   %idle
           0.12    0.00    0.36    0.06    0.00   99.46

Device            r/s     rkB/s   rrqm/s  %rrqm r_await rareq-sz     w/s     wkB/s   wrqm/s  %wrqm w_await wareq-sz     d/s     dkB/s   drqm/s  %drqm d_await dareq-sz     f/s f_await  aqu-sz  %util
nvme0n1          0.00      0.00     0.00   0.00    0.00     0.00   14.00    144.00     0.00   0.00    0.43    10.29    0.00      0.00     0.00   0.00    0.00     0.00    2.00    1.50    0.01   0.70


avg-cpu:  %user   %nice %system %iowait  %steal   %idle
           0.06    0.00    0.24    0.06    0.00   99.63

Device            r/s     rkB/s   rrqm/s  %rrqm r_await rareq-sz     w/s     wkB/s   wrqm/s  %wrqm w_await wareq-sz     d/s     dkB/s   drqm/s  %drqm d_await dareq-sz     f/s f_await  aqu-sz  %util
nvme0n1          0.00      0.00     0.00   0.00    0.00     0.00   26.00    280.00     0.00   0.00    0.50    10.77    0.00      0.00     0.00   0.00    0.00     0.00    4.00    2.25    0.02   1.10


avg-cpu:  %user   %nice %system %iowait  %steal   %idle
           0.18    0.00    0.36    0.06    0.00   99.39

Device            r/s     rkB/s   rrqm/s  %rrqm r_await rareq-sz     w/s     wkB/s   wrqm/s  %wrqm w_await wareq-sz     d/s     dkB/s   drqm/s  %drqm d_await dareq-sz     f/s f_await  aqu-sz  %util
nvme0n1          3.00     48.00     0.00   0.00    0.33    16.00  242.00   3740.00     0.00   0.00    0.81    15.45    0.00      0.00     0.00   0.00    0.00     0.00    3.00    1.67    0.20   1.20


avg-cpu:  %user   %nice %system %iowait  %steal   %idle
           0.06    0.00    0.36    0.06    0.00   99.52

Device            r/s     rkB/s   rrqm/s  %rrqm r_await rareq-sz     w/s     wkB/s   wrqm/s  %wrqm w_await wareq-sz     d/s     dkB/s   drqm/s  %drqm d_await dareq-sz     f/s f_await  aqu-sz  %util
nvme0n1          0.00      0.00     0.00   0.00    0.00     0.00   27.00    340.00     0.00   0.00    0.44    12.59    0.00      0.00     0.00   0.00    0.00     0.00    2.00    2.00    0.02   0.60


avg-cpu:  %user   %nice %system %iowait  %steal   %idle
           0.12    0.00    0.24    0.00    0.00   99.64

Device            r/s     rkB/s   rrqm/s  %rrqm r_await rareq-sz     w/s     wkB/s   wrqm/s  %wrqm w_await wareq-sz     d/s     dkB/s   drqm/s  %drqm d_await dareq-sz     f/s f_await  aqu-sz  %util
nvme0n1          0.00      0.00     0.00   0.00    0.00     0.00   14.00    144.00     0.00   0.00    0.50    10.29    0.00      0.00     0.00   0.00    0.00     0.00    2.00    1.50    0.01   0.60


avg-cpu:  %user   %nice %system %iowait  %steal   %idle
           0.12    0.00    0.36    0.06    0.00   99.45

Device            r/s     rkB/s   rrqm/s  %rrqm r_await rareq-sz     w/s     wkB/s   wrqm/s  %wrqm w_await wareq-sz     d/s     dkB/s   drqm/s  %drqm d_await dareq-sz     f/s f_await  aqu-sz  %util
nvme0n1          0.00      0.00     0.00   0.00    0.00     0.00   14.00    144.00     0.00   0.00    0.50    10.29    0.00      0.00     0.00   0.00    0.00     0.00    2.00    2.00    0.01   0.40


avg-cpu:  %user   %nice %system %iowait  %steal   %idle
           0.06    0.00    0.30    0.06    0.00   99.57

Device            r/s     rkB/s   rrqm/s  %rrqm r_await rareq-sz     w/s     wkB/s   wrqm/s  %wrqm w_await wareq-sz     d/s     dkB/s   drqm/s  %drqm d_await dareq-sz     f/s f_await  aqu-sz  %util
nvme0n1          0.00      0.00     0.00   0.00    0.00     0.00   26.00    280.00     0.00   0.00    0.42    10.77    0.00      0.00     0.00   0.00    0.00     0.00    4.00    1.75    0.02   1.10


avg-cpu:  %user   %nice %system %iowait  %steal   %idle
           0.12    0.00    0.36    0.00    0.00   99.52

Device            r/s     rkB/s   rrqm/s  %rrqm r_await rareq-sz     w/s     wkB/s   wrqm/s  %wrqm w_await wareq-sz     d/s     dkB/s   drqm/s  %drqm d_await dareq-sz     f/s f_await  aqu-sz  %util
nvme0n1          0.00      0.00     0.00   0.00    0.00     0.00   14.00    144.00     0.00   0.00    0.50    10.29    0.00      0.00     0.00   0.00    0.00     0.00    2.00    2.00    0.01   0.70


avg-cpu:  %user   %nice %system %iowait  %steal   %idle
           0.12    0.00    0.30    0.06    0.00   99.51

Device            r/s     rkB/s   rrqm/s  %rrqm r_await rareq-sz     w/s     wkB/s   wrqm/s  %wrqm w_await wareq-sz     d/s     dkB/s   drqm/s  %drqm d_await dareq-sz     f/s f_await  aqu-sz  %util
nvme0n1          0.00      0.00     0.00   0.00    0.00     0.00   14.00    144.00     0.00   0.00    0.50    10.29    0.00      0.00     0.00   0.00    0.00     0.00    2.00    2.00    0.01   0.70


avg-cpu:  %user   %nice %system %iowait  %steal   %idle
           0.06    0.00    0.36    0.06    0.00   99.52

Device            r/s     rkB/s   rrqm/s  %rrqm r_await rareq-sz     w/s     wkB/s   wrqm/s  %wrqm w_await wareq-sz     d/s     dkB/s   drqm/s  %drqm d_await dareq-sz     f/s f_await  aqu-sz  %util
nvme0n1          0.00      0.00     0.00   0.00    0.00     0.00   14.00    144.00     0.00   0.00    0.43    10.29    0.00      0.00     0.00   0.00    0.00     0.00    2.00    2.00    0.01   0.60


avg-cpu:  %user   %nice %system %iowait  %steal   %idle
           0.06    0.00    0.36    0.00    0.00   99.58

Device            r/s     rkB/s   rrqm/s  %rrqm r_await rareq-sz     w/s     wkB/s   wrqm/s  %wrqm w_await wareq-sz     d/s     dkB/s   drqm/s  %drqm d_await dareq-sz     f/s f_await  aqu-sz  %util
nvme0n1          0.00      0.00     0.00   0.00    0.00     0.00   14.00    144.00     0.00   0.00    0.43    10.29    0.00      0.00     0.00   0.00    0.00     0.00    2.00    1.50    0.01   0.60


avg-cpu:  %user   %nice %system %iowait  %steal   %idle
           0.37    0.00    0.37    0.12    0.00   99.14

Device            r/s     rkB/s   rrqm/s  %rrqm r_await rareq-sz     w/s     wkB/s   wrqm/s  %wrqm w_await wareq-sz     d/s     dkB/s   drqm/s  %drqm d_await dareq-sz     f/s f_await  aqu-sz  %util
nvme0n1          0.00      0.00     0.00   0.00    0.00     0.00   33.00    352.00     0.00   0.00    0.48    10.67    0.00      0.00     0.00   0.00    0.00     0.00    5.00    2.00    0.03   1.50


avg-cpu:  %user   %nice %system %iowait  %steal   %idle
           0.19    0.00    0.31    0.00    0.00   99.50

Device            r/s     rkB/s   rrqm/s  %rrqm r_await rareq-sz     w/s     wkB/s   wrqm/s  %wrqm w_await wareq-sz     d/s     dkB/s   drqm/s  %drqm d_await dareq-sz     f/s f_await  aqu-sz  %util
nvme0n1          0.00      0.00     0.00   0.00    0.00     0.00   14.00    144.00     0.00   0.00    0.43    10.29    0.00      0.00     0.00   0.00    0.00     0.00    2.00    2.00    0.01   0.60


avg-cpu:  %user   %nice %system %iowait  %steal   %idle
           0.19    0.00    0.31    0.06    0.00   99.44

Device            r/s     rkB/s   rrqm/s  %rrqm r_await rareq-sz     w/s     wkB/s   wrqm/s  %wrqm w_await wareq-sz     d/s     dkB/s   drqm/s  %drqm d_await dareq-sz     f/s f_await  aqu-sz  %util
nvme0n1          0.00      0.00     0.00   0.00    0.00     0.00   15.00    148.00     0.00   0.00    0.47     9.87    0.00      0.00     0.00   0.00    0.00     0.00    2.00    1.50    0.01   0.70


avg-cpu:  %user   %nice %system %iowait  %steal   %idle
           0.19    0.00    0.31    0.00    0.00   99.50

Device            r/s     rkB/s   rrqm/s  %rrqm r_await rareq-sz     w/s     wkB/s   wrqm/s  %wrqm w_await wareq-sz     d/s     dkB/s   drqm/s  %drqm d_await dareq-sz     f/s f_await  aqu-sz  %util
nvme0n1          0.00      0.00     0.00   0.00    0.00     0.00   14.00    144.00     0.00   0.00    0.43    10.29    0.00      0.00     0.00   0.00    0.00     0.00    2.00    2.00    0.01   0.60


avg-cpu:  %user   %nice %system %iowait  %steal   %idle
           0.12    0.00    0.25    0.06    0.00   99.56

Device            r/s     rkB/s   rrqm/s  %rrqm r_await rareq-sz     w/s     wkB/s   wrqm/s  %wrqm w_await wareq-sz     d/s     dkB/s   drqm/s  %drqm d_await dareq-sz     f/s f_await  aqu-sz  %util
nvme0n1          0.00      0.00     0.00   0.00    0.00     0.00   14.00    144.00     0.00   0.00    0.50    10.29    0.00      0.00     0.00   0.00    0.00     0.00    2.00    2.00    0.01   0.70


avg-cpu:  %user   %nice %system %iowait  %steal   %idle
           0.19    0.00    0.31    0.06    0.00   99.44

Device            r/s     rkB/s   rrqm/s  %rrqm r_await rareq-sz     w/s     wkB/s   wrqm/s  %wrqm w_await wareq-sz     d/s     dkB/s   drqm/s  %drqm d_await dareq-sz     f/s f_await  aqu-sz  %util
nvme0n1          0.00      0.00     0.00   0.00    0.00     0.00   26.00    280.00     0.00   0.00    0.46    10.77    0.00      0.00     0.00   0.00    0.00     0.00    4.00    1.75    0.02   1.10


avg-cpu:  %user   %nice %system %iowait  %steal   %idle
           0.25    0.00    0.37    0.06    0.00   99.33

Device            r/s     rkB/s   rrqm/s  %rrqm r_await rareq-sz     w/s     wkB/s   wrqm/s  %wrqm w_await wareq-sz     d/s     dkB/s   drqm/s  %drqm d_await dareq-sz     f/s f_await  aqu-sz  %util
nvme0n1          0.00      0.00     0.00   0.00    0.00     0.00   14.00    144.00     0.00   0.00    0.43    10.29    0.00      0.00     0.00   0.00    0.00     0.00    2.00    2.00    0.01   0.60


avg-cpu:  %user   %nice %system %iowait  %steal   %idle
           0.12    0.00    0.30    0.00    0.00   99.58

Device            r/s     rkB/s   rrqm/s  %rrqm r_await rareq-sz     w/s     wkB/s   wrqm/s  %wrqm w_await wareq-sz     d/s     dkB/s   drqm/s  %drqm d_await dareq-sz     f/s f_await  aqu-sz  %util
nvme0n1          0.00      0.00     0.00   0.00    0.00     0.00   25.00    272.00     0.00   0.00    0.28    10.88    0.00      0.00     0.00   0.00    0.00     0.00    2.00    1.50    0.01   0.60


avg-cpu:  %user   %nice %system %iowait  %steal   %idle
           0.12    0.00    0.41    0.06    0.00   99.41

Device            r/s     rkB/s   rrqm/s  %rrqm r_await rareq-sz     w/s     wkB/s   wrqm/s  %wrqm w_await wareq-sz     d/s     dkB/s   drqm/s  %drqm d_await dareq-sz     f/s f_await  aqu-sz  %util
nvme0n1          0.00      0.00     0.00   0.00    0.00     0.00   14.00    144.00     0.00   0.00    0.50    10.29    0.00      0.00     0.00   0.00    0.00     0.00    2.00    2.00    0.01   0.80


avg-cpu:  %user   %nice %system %iowait  %steal   %idle
           0.19    0.00    0.38    0.06    0.00   99.37

Device            r/s     rkB/s   rrqm/s  %rrqm r_await rareq-sz     w/s     wkB/s   wrqm/s  %wrqm w_await wareq-sz     d/s     dkB/s   drqm/s  %drqm d_await dareq-sz     f/s f_await  aqu-sz  %util
nvme0n1          0.00      0.00     0.00   0.00    0.00     0.00   14.00    144.00     0.00   0.00    0.43    10.29    0.00      0.00     0.00   0.00    0.00     0.00    2.00    2.00    0.01   0.80


avg-cpu:  %user   %nice %system %iowait  %steal   %idle
           0.13    0.00    0.39    0.00    0.00   99.49

Device            r/s     rkB/s   rrqm/s  %rrqm r_await rareq-sz     w/s     wkB/s   wrqm/s  %wrqm w_await wareq-sz     d/s     dkB/s   drqm/s  %drqm d_await dareq-sz     f/s f_await  aqu-sz  %util
nvme0n1          0.00      0.00     0.00   0.00    0.00     0.00   26.00    280.00     0.00   0.00    0.46    10.77    0.00      0.00     0.00   0.00    0.00     0.00    4.00    1.75    0.02   1.20


avg-cpu:  %user   %nice %system %iowait  %steal   %idle
           0.13    0.00    0.38    0.06    0.00   99.43

Device            r/s     rkB/s   rrqm/s  %rrqm r_await rareq-sz     w/s     wkB/s   wrqm/s  %wrqm w_await wareq-sz     d/s     dkB/s   drqm/s  %drqm d_await dareq-sz     f/s f_await  aqu-sz  %util
nvme0n1          0.00      0.00     0.00   0.00    0.00     0.00   14.00    144.00     0.00   0.00    0.57    10.29    0.00      0.00     0.00   0.00    0.00     0.00    2.00    2.50    0.01   0.60


avg-cpu:  %user   %nice %system %iowait  %steal   %idle
           0.06    0.00    0.32    0.06    0.00   99.55

Device            r/s     rkB/s   rrqm/s  %rrqm r_await rareq-sz     w/s     wkB/s   wrqm/s  %wrqm w_await wareq-sz     d/s     dkB/s   drqm/s  %drqm d_await dareq-sz     f/s f_await  aqu-sz  %util
nvme0n1          0.00      0.00     0.00   0.00    0.00     0.00   32.00    380.00     0.00   0.00    0.41    11.88    0.00      0.00     0.00   0.00    0.00     0.00    2.00    1.50    0.02   0.70


avg-cpu:  %user   %nice %system %iowait  %steal   %idle
           0.13    0.00    0.45    0.00    0.00   99.43

Device            r/s     rkB/s   rrqm/s  %rrqm r_await rareq-sz     w/s     wkB/s   wrqm/s  %wrqm w_await wareq-sz     d/s     dkB/s   drqm/s  %drqm d_await dareq-sz     f/s f_await  aqu-sz  %util
nvme0n1          0.00      0.00     0.00   0.00    0.00     0.00   14.00    144.00     0.00   0.00    0.50    10.29    0.00      0.00     0.00   0.00    0.00     0.00    2.00    2.00    0.01   0.60


avg-cpu:  %user   %nice %system %iowait  %steal   %idle
           0.06    0.00    0.32    0.06    0.00   99.55

Device            r/s     rkB/s   rrqm/s  %rrqm r_await rareq-sz     w/s     wkB/s   wrqm/s  %wrqm w_await wareq-sz     d/s     dkB/s   drqm/s  %drqm d_await dareq-sz     f/s f_await  aqu-sz  %util
nvme0n1          0.00      0.00     0.00   0.00    0.00     0.00   17.00    156.00     0.00   0.00    0.47     9.18    0.00      0.00     0.00   0.00    0.00     0.00    2.00    2.00    0.01   0.70


avg-cpu:  %user   %nice %system %iowait  %steal   %idle
           0.13    0.00    0.44    0.13    0.00   99.30

Device            r/s     rkB/s   rrqm/s  %rrqm r_await rareq-sz     w/s     wkB/s   wrqm/s  %wrqm w_await wareq-sz     d/s     dkB/s   drqm/s  %drqm d_await dareq-sz     f/s f_await  aqu-sz  %util
nvme0n1          0.00      0.00     0.00   0.00    0.00     0.00   40.00    424.00     0.00   0.00    0.42    10.60    0.00      0.00     0.00   0.00    0.00     0.00    6.00    1.83    0.03   1.70


avg-cpu:  %user   %nice %system %iowait  %steal   %idle
           0.13    0.00    0.32    0.06    0.00   99.49

Device            r/s     rkB/s   rrqm/s  %rrqm r_await rareq-sz     w/s     wkB/s   wrqm/s  %wrqm w_await wareq-sz     d/s     dkB/s   drqm/s  %drqm d_await dareq-sz     f/s f_await  aqu-sz  %util
nvme0n1          0.00      0.00     0.00   0.00    0.00     0.00   20.00    212.00     0.00   0.00    0.50    10.60    0.00      0.00     0.00   0.00    0.00     0.00    3.00    2.00    0.01   0.90


avg-cpu:  %user   %nice %system %iowait  %steal   %idle
           0.06    0.00    0.38    0.00    0.00   99.55

Device            r/s     rkB/s   rrqm/s  %rrqm r_await rareq-sz     w/s     wkB/s   wrqm/s  %wrqm w_await wareq-sz     d/s     dkB/s   drqm/s  %drqm d_await dareq-sz     f/s f_await  aqu-sz  %util
nvme0n1          0.00      0.00     0.00   0.00    0.00     0.00   14.00    144.00     0.00   0.00    0.43    10.29    0.00      0.00     0.00   0.00    0.00     0.00    2.00    1.50    0.01   0.60


avg-cpu:  %user   %nice %system %iowait  %steal   %idle
           0.13    0.00    0.32    0.06    0.00   99.49

Device            r/s     rkB/s   rrqm/s  %rrqm r_await rareq-sz     w/s     wkB/s   wrqm/s  %wrqm w_await wareq-sz     d/s     dkB/s   drqm/s  %drqm d_await dareq-sz     f/s f_await  aqu-sz  %util
nvme0n1          0.00      0.00     0.00   0.00    0.00     0.00   14.00    144.00     0.00   0.00    0.50    10.29    0.00      0.00     0.00   0.00    0.00     0.00    2.00    2.00    0.01   0.70


avg-cpu:  %user   %nice %system %iowait  %steal   %idle
           0.06    0.00    0.32    0.00    0.00   99.62

Device            r/s     rkB/s   rrqm/s  %rrqm r_await rareq-sz     w/s     wkB/s   wrqm/s  %wrqm w_await wareq-sz     d/s     dkB/s   drqm/s  %drqm d_await dareq-sz     f/s f_await  aqu-sz  %util
nvme0n1          0.00      0.00     0.00   0.00    0.00     0.00   14.00    144.00     0.00   0.00    0.50    10.29    0.00      0.00     0.00   0.00    0.00     0.00    2.00    2.00    0.01   0.70


avg-cpu:  %user   %nice %system %iowait  %steal   %idle
           0.13    0.00    0.38    0.13    0.00   99.36

Device            r/s     rkB/s   rrqm/s  %rrqm r_await rareq-sz     w/s     wkB/s   wrqm/s  %wrqm w_await wareq-sz     d/s     dkB/s   drqm/s  %drqm d_await dareq-sz     f/s f_await  aqu-sz  %util
nvme0n1          0.00      0.00     0.00   0.00    0.00     0.00   26.00    280.00     0.00   0.00    0.42    10.77    2.00   2544.00     0.00   0.00    2.00  1272.00    4.00    1.75    0.02   1.40


avg-cpu:  %user   %nice %system %iowait  %steal   %idle
           0.13    0.00    0.32    0.00    0.00   99.55

Device            r/s     rkB/s   rrqm/s  %rrqm r_await rareq-sz     w/s     wkB/s   wrqm/s  %wrqm w_await wareq-sz     d/s     dkB/s   drqm/s  %drqm d_await dareq-sz     f/s f_await  aqu-sz  %util
nvme0n1          0.00      0.00     0.00   0.00    0.00     0.00   14.00    144.00     0.00   0.00    0.50    10.29    0.00      0.00     0.00   0.00    0.00     0.00    2.00    2.00    0.01   0.60


avg-cpu:  %user   %nice %system %iowait  %steal   %idle
           0.13    0.00    0.45    0.13    0.00   99.30

Device            r/s     rkB/s   rrqm/s  %rrqm r_await rareq-sz     w/s     wkB/s   wrqm/s  %wrqm w_await wareq-sz     d/s     dkB/s   drqm/s  %drqm d_await dareq-sz     f/s f_await  aqu-sz  %util
nvme0n1          3.00     48.00     0.00   0.00    0.67    16.00  240.00   3708.00     0.00   0.00    0.88    15.45    0.00      0.00     0.00   0.00    0.00     0.00    3.00    2.00    0.22   1.20


avg-cpu:  %user   %nice %system %iowait  %steal   %idle
           0.13    0.00    0.44    0.00    0.00   99.43

Device            r/s     rkB/s   rrqm/s  %rrqm r_await rareq-sz     w/s     wkB/s   wrqm/s  %wrqm w_await wareq-sz     d/s     dkB/s   drqm/s  %drqm d_await dareq-sz     f/s f_await  aqu-sz  %util
nvme0n1          0.00      0.00     0.00   0.00    0.00     0.00   27.00    340.00     0.00   0.00    0.44    12.59    0.00      0.00     0.00   0.00    0.00     0.00    2.00    2.00    0.01   0.60


avg-cpu:  %user   %nice %system %iowait  %steal   %idle
           0.19    0.00    0.32    0.06    0.00   99.42

Device            r/s     rkB/s   rrqm/s  %rrqm r_await rareq-sz     w/s     wkB/s   wrqm/s  %wrqm w_await wareq-sz     d/s     dkB/s   drqm/s  %drqm d_await dareq-sz     f/s f_await  aqu-sz  %util
nvme0n1          0.00      0.00     0.00   0.00    0.00     0.00   14.00    144.00     0.00   0.00    0.43    10.29    0.00      0.00     0.00   0.00    0.00     0.00    2.00    1.50    0.01   0.60


avg-cpu:  %user   %nice %system %iowait  %steal   %idle
           0.13    0.00    0.51    0.06    0.00   99.30

Device            r/s     rkB/s   rrqm/s  %rrqm r_await rareq-sz     w/s     wkB/s   wrqm/s  %wrqm w_await wareq-sz     d/s     dkB/s   drqm/s  %drqm d_await dareq-sz     f/s f_await  aqu-sz  %util
nvme0n1          0.00      0.00     0.00   0.00    0.00     0.00   26.00    280.00     0.00   0.00    0.46    10.77    0.00      0.00     0.00   0.00    0.00     0.00    4.00    1.75    0.02   1.10


avg-cpu:  %user   %nice %system %iowait  %steal   %idle
           0.32    0.00    0.38    0.06    0.00   99.24

Device            r/s     rkB/s   rrqm/s  %rrqm r_await rareq-sz     w/s     wkB/s   wrqm/s  %wrqm w_await wareq-sz     d/s     dkB/s   drqm/s  %drqm d_await dareq-sz     f/s f_await  aqu-sz  %util
nvme0n1          0.00      0.00     0.00   0.00    0.00     0.00   14.00    144.00     0.00   0.00    0.50    10.29    0.00      0.00     0.00   0.00    0.00     0.00    2.00    2.00    0.01   0.70


avg-cpu:  %user   %nice %system %iowait  %steal   %idle
           0.19    0.00    0.38    0.00    0.00   99.44

Device            r/s     rkB/s   rrqm/s  %rrqm r_await rareq-sz     w/s     wkB/s   wrqm/s  %wrqm w_await wareq-sz     d/s     dkB/s   drqm/s  %drqm d_await dareq-sz     f/s f_await  aqu-sz  %util
nvme0n1          0.00      0.00     0.00   0.00    0.00     0.00   14.00    144.00     0.00   0.00    0.43    10.29    0.00      0.00     0.00   0.00    0.00     0.00    2.00    2.00    0.01   0.60


avg-cpu:  %user   %nice %system %iowait  %steal   %idle
           0.19    0.00    0.37    0.06    0.00   99.38

Device            r/s     rkB/s   rrqm/s  %rrqm r_await rareq-sz     w/s     wkB/s   wrqm/s  %wrqm w_await wareq-sz     d/s     dkB/s   drqm/s  %drqm d_await dareq-sz     f/s f_await  aqu-sz  %util
nvme0n1          0.00      0.00     0.00   0.00    0.00     0.00   14.00    144.00     0.00   0.00    0.43    10.29    0.00      0.00     0.00   0.00    0.00     0.00    2.00    1.50    0.01   0.60


avg-cpu:  %user   %nice %system %iowait  %steal   %idle
           0.25    0.00    0.25    0.00    0.00   99.50

Device            r/s     rkB/s   rrqm/s  %rrqm r_await rareq-sz     w/s     wkB/s   wrqm/s  %wrqm w_await wareq-sz     d/s     dkB/s   drqm/s  %drqm d_await dareq-sz     f/s f_await  aqu-sz  %util
nvme0n1          0.00      0.00     0.00   0.00    0.00     0.00   14.00    144.00     0.00   0.00    0.57    10.29    0.00      0.00     0.00   0.00    0.00     0.00    2.00    2.00    0.01   0.60


avg-cpu:  %user   %nice %system %iowait  %steal   %idle
           0.12    0.00    0.31    0.19    0.00   99.38

Device            r/s     rkB/s   rrqm/s  %rrqm r_await rareq-sz     w/s     wkB/s   wrqm/s  %wrqm w_await wareq-sz     d/s     dkB/s   drqm/s  %drqm d_await dareq-sz     f/s f_await  aqu-sz  %util
nvme0n1          0.00      0.00     0.00   0.00    0.00     0.00   44.00    484.00     0.00   0.00    0.50    11.00    0.00      0.00     0.00   0.00    0.00     0.00    7.00    1.86    0.04   2.10


avg-cpu:  %user   %nice %system %iowait  %steal   %idle
           0.31    0.00    0.37    0.00    0.00   99.31

Device            r/s     rkB/s   rrqm/s  %rrqm r_await rareq-sz     w/s     wkB/s   wrqm/s  %wrqm w_await wareq-sz     d/s     dkB/s   drqm/s  %drqm d_await dareq-sz     f/s f_await  aqu-sz  %util
nvme0n1          0.00      0.00     0.00   0.00    0.00     0.00  256.00   1904.00     2.00   0.78    0.30     7.44    0.00      0.00     0.00   0.00    0.00     0.00    2.00    2.00    0.08   0.90


avg-cpu:  %user   %nice %system %iowait  %steal   %idle
           0.50    0.00    0.38    0.06    0.00   99.06

Device            r/s     rkB/s   rrqm/s  %rrqm r_await rareq-sz     w/s     wkB/s   wrqm/s  %wrqm w_await wareq-sz     d/s     dkB/s   drqm/s  %drqm d_await dareq-sz     f/s f_await  aqu-sz  %util
nvme0n1          0.00      0.00     0.00   0.00    0.00     0.00   15.00    148.00     0.00   0.00    0.47     9.87    0.00      0.00     0.00   0.00    0.00     0.00    2.00    2.00    0.01   0.50


avg-cpu:  %user   %nice %system %iowait  %steal   %idle
           0.84    0.00    0.52    0.00    0.00   98.64

Device            r/s     rkB/s   rrqm/s  %rrqm r_await rareq-sz     w/s     wkB/s   wrqm/s  %wrqm w_await wareq-sz     d/s     dkB/s   drqm/s  %drqm d_await dareq-sz     f/s f_await  aqu-sz  %util
nvme0n1          0.00      0.00     0.00   0.00    0.00     0.00   15.00    148.00     0.00   0.00    0.40     9.87    0.00      0.00     0.00   0.00    0.00     0.00    2.00    2.00    0.01   0.60


avg-cpu:  %user   %nice %system %iowait  %steal   %idle
           0.38    0.00    0.57    0.06    0.00   98.98

Device            r/s     rkB/s   rrqm/s  %rrqm r_await rareq-sz     w/s     wkB/s   wrqm/s  %wrqm w_await wareq-sz     d/s     dkB/s   drqm/s  %drqm d_await dareq-sz     f/s f_await  aqu-sz  %util
nvme0n1          0.00      0.00     0.00   0.00    0.00     0.00   14.00    144.00     0.00   0.00    0.50    10.29    0.00      0.00     0.00   0.00    0.00     0.00    2.00    1.50    0.01   0.60


avg-cpu:  %user   %nice %system %iowait  %steal   %idle
           0.39    0.00    0.65    0.06    0.00   98.90

Device            r/s     rkB/s   rrqm/s  %rrqm r_await rareq-sz     w/s     wkB/s   wrqm/s  %wrqm w_await wareq-sz     d/s     dkB/s   drqm/s  %drqm d_await dareq-sz     f/s f_await  aqu-sz  %util
nvme0n1          0.00      0.00     0.00   0.00    0.00     0.00   26.00    280.00     0.00   0.00    0.46    10.77    0.00      0.00     0.00   0.00    0.00     0.00    4.00    2.00    0.02   1.20


avg-cpu:  %user   %nice %system %iowait  %steal   %idle
           0.32    0.00    0.58    0.06    0.00   99.03

Device            r/s     rkB/s   rrqm/s  %rrqm r_await rareq-sz     w/s     wkB/s   wrqm/s  %wrqm w_await wareq-sz     d/s     dkB/s   drqm/s  %drqm d_await dareq-sz     f/s f_await  aqu-sz  %util
nvme0n1          0.00      0.00     0.00   0.00    0.00     0.00   14.00    144.00     0.00   0.00    0.43    10.29    0.00      0.00     0.00   0.00    0.00     0.00    2.00    1.50    0.01   0.60


avg-cpu:  %user   %nice %system %iowait  %steal   %idle
           0.26    0.00    0.39    0.00    0.00   99.35

Device            r/s     rkB/s   rrqm/s  %rrqm r_await rareq-sz     w/s     wkB/s   wrqm/s  %wrqm w_await wareq-sz     d/s     dkB/s   drqm/s  %drqm d_await dareq-sz     f/s f_await  aqu-sz  %util
nvme0n1          0.00      0.00     0.00   0.00    0.00     0.00   14.00    144.00     0.00   0.00    0.50    10.29    0.00      0.00     0.00   0.00    0.00     0.00    2.00    2.00    0.01   0.70


avg-cpu:  %user   %nice %system %iowait  %steal   %idle
           0.32    0.00    0.71    0.06    0.00   98.91

Device            r/s     rkB/s   rrqm/s  %rrqm r_await rareq-sz     w/s     wkB/s   wrqm/s  %wrqm w_await wareq-sz     d/s     dkB/s   drqm/s  %drqm d_await dareq-sz     f/s f_await  aqu-sz  %util
nvme0n1          0.00      0.00     0.00   0.00    0.00     0.00   29.00    288.00     0.00   0.00    0.45     9.93    0.00      0.00     0.00   0.00    0.00     0.00    2.00    2.00    0.02   0.60


avg-cpu:  %user   %nice %system %iowait  %steal   %idle
           0.13    0.00    0.57    0.00    0.00   99.30

Device            r/s     rkB/s   rrqm/s  %rrqm r_await rareq-sz     w/s     wkB/s   wrqm/s  %wrqm w_await wareq-sz     d/s     dkB/s   drqm/s  %drqm d_await dareq-sz     f/s f_await  aqu-sz  %util
nvme0n1          0.00      0.00     0.00   0.00    0.00     0.00   14.00    144.00     0.00   0.00    0.43    10.29    0.00      0.00     0.00   0.00    0.00     0.00    2.00    1.50    0.01   0.60


avg-cpu:  %user   %nice %system %iowait  %steal   %idle
           0.25    0.00    0.38    0.06    0.00   99.30

Device            r/s     rkB/s   rrqm/s  %rrqm r_await rareq-sz     w/s     wkB/s   wrqm/s  %wrqm w_await wareq-sz     d/s     dkB/s   drqm/s  %drqm d_await dareq-sz     f/s f_await  aqu-sz  %util
nvme0n1          0.00      0.00     0.00   0.00    0.00     0.00   26.00    280.00     0.00   0.00    0.50    10.77    0.00      0.00     0.00   0.00    0.00     0.00    4.00    2.00    0.02   1.30


avg-cpu:  %user   %nice %system %iowait  %steal   %idle
           0.39    0.00    0.52    0.06    0.00   99.03

Device            r/s     rkB/s   rrqm/s  %rrqm r_await rareq-sz     w/s     wkB/s   wrqm/s  %wrqm w_await wareq-sz     d/s     dkB/s   drqm/s  %drqm d_await dareq-sz     f/s f_await  aqu-sz  %util
nvme0n1          0.00      0.00     0.00   0.00    0.00     0.00   14.00    144.00     0.00   0.00    0.43    10.29    0.00      0.00     0.00   0.00    0.00     0.00    2.00    1.50    0.01   0.70


avg-cpu:  %user   %nice %system %iowait  %steal   %idle
           0.39    0.00    0.52    0.06    0.00   99.03

Device            r/s     rkB/s   rrqm/s  %rrqm r_await rareq-sz     w/s     wkB/s   wrqm/s  %wrqm w_await wareq-sz     d/s     dkB/s   drqm/s  %drqm d_await dareq-sz     f/s f_await  aqu-sz  %util
nvme0n1          0.00      0.00     0.00   0.00    0.00     0.00   14.00    144.00     0.00   0.00    0.50    10.29    0.00      0.00     0.00   0.00    0.00     0.00    2.00    2.00    0.01   0.60


avg-cpu:  %user   %nice %system %iowait  %steal   %idle
           0.45    0.00    0.90    0.06    0.00   98.59

Device            r/s     rkB/s   rrqm/s  %rrqm r_await rareq-sz     w/s     wkB/s   wrqm/s  %wrqm w_await wareq-sz     d/s     dkB/s   drqm/s  %drqm d_await dareq-sz     f/s f_await  aqu-sz  %util
nvme0n1          0.00      0.00     0.00   0.00    0.00     0.00   32.00    388.00     0.00   0.00    0.22    12.12    0.00      0.00     0.00   0.00    0.00     0.00    2.00    2.00    0.01   0.60


avg-cpu:  %user   %nice %system %iowait  %steal   %idle
           0.19    0.00    0.45    0.06    0.00   99.29

Device            r/s     rkB/s   rrqm/s  %rrqm r_await rareq-sz     w/s     wkB/s   wrqm/s  %wrqm w_await wareq-sz     d/s     dkB/s   drqm/s  %drqm d_await dareq-sz     f/s f_await  aqu-sz  %util
nvme0n1          0.00      0.00     0.00   0.00    0.00     0.00   34.00    356.00     0.00   0.00    0.47    10.47    0.00      0.00     0.00   0.00    0.00     0.00    5.00    1.80    0.03   1.30


avg-cpu:  %user   %nice %system %iowait  %steal   %idle
           0.26    0.00    0.45    0.06    0.00   99.23

Device            r/s     rkB/s   rrqm/s  %rrqm r_await rareq-sz     w/s     wkB/s   wrqm/s  %wrqm w_await wareq-sz     d/s     dkB/s   drqm/s  %drqm d_await dareq-sz     f/s f_await  aqu-sz  %util
nvme0n1          0.00      0.00     0.00   0.00    0.00     0.00   29.00    292.00     0.00   0.00    0.41    10.07    0.00      0.00     0.00   0.00    0.00     0.00    4.00    2.00    0.02   1.10


avg-cpu:  %user   %nice %system %iowait  %steal   %idle
           0.26    0.00    0.51    0.06    0.00   99.17

Device            r/s     rkB/s   rrqm/s  %rrqm r_await rareq-sz     w/s     wkB/s   wrqm/s  %wrqm w_await wareq-sz     d/s     dkB/s   drqm/s  %drqm d_await dareq-sz     f/s f_await  aqu-sz  %util
nvme0n1          0.00      0.00     0.00   0.00    0.00     0.00   14.00    144.00     0.00   0.00    0.50    10.29    0.00      0.00     0.00   0.00    0.00     0.00    2.00    2.00    0.01   0.70


avg-cpu:  %user   %nice %system %iowait  %steal   %idle
           0.32    0.00    0.52    0.00    0.00   99.16

Device            r/s     rkB/s   rrqm/s  %rrqm r_await rareq-sz     w/s     wkB/s   wrqm/s  %wrqm w_await wareq-sz     d/s     dkB/s   drqm/s  %drqm d_await dareq-sz     f/s f_await  aqu-sz  %util
nvme0n1          0.00      0.00     0.00   0.00    0.00     0.00   14.00    144.00     0.00   0.00    0.50    10.29    0.00      0.00     0.00   0.00    0.00     0.00    2.00    1.50    0.01   0.70


avg-cpu:  %user   %nice %system %iowait  %steal   %idle
           0.26    0.00    0.38    0.06    0.00   99.30

Device            r/s     rkB/s   rrqm/s  %rrqm r_await rareq-sz     w/s     wkB/s   wrqm/s  %wrqm w_await wareq-sz     d/s     dkB/s   drqm/s  %drqm d_await dareq-sz     f/s f_await  aqu-sz  %util
nvme0n1          0.00      0.00     0.00   0.00    0.00     0.00   14.00    144.00     0.00   0.00    0.43    10.29    0.00      0.00     0.00   0.00    0.00     0.00    2.00    2.00    0.01   0.60


avg-cpu:  %user   %nice %system %iowait  %steal   %idle
           0.26    0.00    0.51    0.00    0.00   99.23

Device            r/s     rkB/s   rrqm/s  %rrqm r_await rareq-sz     w/s     wkB/s   wrqm/s  %wrqm w_await wareq-sz     d/s     dkB/s   drqm/s  %drqm d_await dareq-sz     f/s f_await  aqu-sz  %util
nvme0n1          0.00      0.00     0.00   0.00    0.00     0.00   14.00    144.00     0.00   0.00    0.43    10.29    0.00      0.00     0.00   0.00    0.00     0.00    2.00    2.00    0.01   0.70


avg-cpu:  %user   %nice %system %iowait  %steal   %idle
           0.32    0.00    0.58    0.06    0.00   99.04

Device            r/s     rkB/s   rrqm/s  %rrqm r_await rareq-sz     w/s     wkB/s   wrqm/s  %wrqm w_await wareq-sz     d/s     dkB/s   drqm/s  %drqm d_await dareq-sz     f/s f_await  aqu-sz  %util
nvme0n1          0.00      0.00     0.00   0.00    0.00     0.00   26.00    280.00     0.00   0.00    0.50    10.77    0.00      0.00     0.00   0.00    0.00     0.00    4.00    2.00    0.02   1.20


avg-cpu:  %user   %nice %system %iowait  %steal   %idle
           0.32    0.00    0.58    0.06    0.00   99.04

Device            r/s     rkB/s   rrqm/s  %rrqm r_await rareq-sz     w/s     wkB/s   wrqm/s  %wrqm w_await wareq-sz     d/s     dkB/s   drqm/s  %drqm d_await dareq-sz     f/s f_await  aqu-sz  %util
nvme0n1          0.00      0.00     0.00   0.00    0.00     0.00   14.00    144.00     0.00   0.00    0.43    10.29    0.00      0.00     0.00   0.00    0.00     0.00    2.00    1.50    0.01   0.60


