Linux 7.2.6-200.fc44.x86_64 (fedora.fritz.box) 	09/26/2026 	_x86_64_	(16 CPU)

avg-cpu:  %user   %nice %system %iowait  %steal   %idle
           0.67    0.03    0.76    0.13    0.00   98.41

Device            r/s     rkB/s   rrqm/s  %rrqm r_await rareq-sz     w/s     wkB/s   wrqm/s  %wrqm w_await wareq-sz     d/s     dkB/s   drqm/s  %drqm d_await dareq-sz     f/s f_await  aqu-sz  %util
nvme0n1         21.00    693.48     2.04   8.85    2.64    33.03   61.77    790.00     0.18   0.29    0.75    12.79    0.17     58.55     0.00   0.00    1.53   353.86    4.07    1.90    0.11   1.66


avg-cpu:  %user   %nice %system %iowait  %steal   %idle
           3.82    0.00    1.39    0.61    0.00   94.19

Device            r/s     rkB/s   rrqm/s  %rrqm r_await rareq-sz     w/s     wkB/s   wrqm/s  %wrqm w_await wareq-sz     d/s     dkB/s   drqm/s  %drqm d_await dareq-sz     f/s f_await  aqu-sz  %util
nvme0n1          0.00      0.00     0.00   0.00    0.00     0.00  331.00   3720.00     0.00   0.00    0.34    11.24    0.00      0.00     0.00   0.00    0.00     0.00   37.00    1.89    0.18  10.60


avg-cpu:  %user   %nice %system %iowait  %steal   %idle
           0.62    0.00    0.49    5.50    0.00   93.38

Device            r/s     rkB/s   rrqm/s  %rrqm r_await rareq-sz     w/s     wkB/s   wrqm/s  %wrqm w_await wareq-sz     d/s     dkB/s   drqm/s  %drqm d_await dareq-sz     f/s f_await  aqu-sz  %util
nvme0n1          0.00      0.00     0.00   0.00    0.00     0.00 2783.00  32080.00     0.00   0.00    0.34    11.53    0.00      0.00     0.00   0.00    0.00     0.00  307.00    1.92    1.53  89.10


avg-cpu:  %user   %nice %system %iowait  %steal   %idle
           0.50    0.00    0.62    5.77    0.00   93.12

Device            r/s     rkB/s   rrqm/s  %rrqm r_await rareq-sz     w/s     wkB/s   wrqm/s  %wrqm w_await wareq-sz     d/s     dkB/s   drqm/s  %drqm d_await dareq-sz     f/s f_await  aqu-sz  %util
nvme0n1          0.00      0.00     0.00   0.00    0.00     0.00 2982.00  34300.00     0.00   0.00    0.34    11.50    0.00      0.00     0.00   0.00    0.00     0.00  329.00    1.92    1.64  94.90


avg-cpu:  %user   %nice %system %iowait  %steal   %idle
           0.62    0.00    0.50    5.75    0.00   93.13

Device            r/s     rkB/s   rrqm/s  %rrqm r_await rareq-sz     w/s     wkB/s   wrqm/s  %wrqm w_await wareq-sz     d/s     dkB/s   drqm/s  %drqm d_await dareq-sz     f/s f_await  aqu-sz  %util
nvme0n1          0.00      0.00     0.00   0.00    0.00     0.00 2984.00  34308.00     0.00   0.00    0.34    11.50    0.00      0.00     0.00   0.00    0.00     0.00  329.00    1.93    1.64  93.40


avg-cpu:  %user   %nice %system %iowait  %steal   %idle
           0.37    0.00    0.50    5.88    0.00   93.25

Device            r/s     rkB/s   rrqm/s  %rrqm r_await rareq-sz     w/s     wkB/s   wrqm/s  %wrqm w_await wareq-sz     d/s     dkB/s   drqm/s  %drqm d_await dareq-sz     f/s f_await  aqu-sz  %util
nvme0n1          0.00      0.00     0.00   0.00    0.00     0.00 2967.00  34128.00     0.00   0.00    0.34    11.50    0.00      0.00     0.00   0.00    0.00     0.00  327.00    1.93    1.64  95.20


avg-cpu:  %user   %nice %system %iowait  %steal   %idle
           0.44    0.00    0.37    5.78    0.00   93.41

Device            r/s     rkB/s   rrqm/s  %rrqm r_await rareq-sz     w/s     wkB/s   wrqm/s  %wrqm w_await wareq-sz     d/s     dkB/s   drqm/s  %drqm d_await dareq-sz     f/s f_await  aqu-sz  %util
nvme0n1          1.00     16.00     0.00   0.00    1.00    16.00 2992.00  34408.00     0.00   0.00    0.34    11.50    0.00      0.00     0.00   0.00    0.00     0.00  330.00    1.93    1.65  94.00


avg-cpu:  %user   %nice %system %iowait  %steal   %idle
           0.43    0.00    0.43    5.83    0.00   93.30

Device            r/s     rkB/s   rrqm/s  %rrqm r_await rareq-sz     w/s     wkB/s   wrqm/s  %wrqm w_await wareq-sz     d/s     dkB/s   drqm/s  %drqm d_await dareq-sz     f/s f_await  aqu-sz  %util
nvme0n1          5.00     80.00     0.00   0.00    0.20    16.00 3002.00  34512.00     0.00   0.00    0.34    11.50    0.00      0.00     0.00   0.00    0.00     0.00  332.00    1.91    1.65  95.30


avg-cpu:  %user   %nice %system %iowait  %steal   %idle
           0.37    0.00    0.56    5.75    0.00   93.32

Device            r/s     rkB/s   rrqm/s  %rrqm r_await rareq-sz     w/s     wkB/s   wrqm/s  %wrqm w_await wareq-sz     d/s     dkB/s   drqm/s  %drqm d_await dareq-sz     f/s f_await  aqu-sz  %util
nvme0n1          7.00    112.00     0.00   0.00    0.29    16.00 3049.00  35124.00     0.00   0.00    0.33    11.52    0.00      0.00     0.00   0.00    0.00     0.00  334.00    1.90    1.65  94.40


avg-cpu:  %user   %nice %system %iowait  %steal   %idle
           0.56    0.00    0.50    5.77    0.00   93.18

Device            r/s     rkB/s   rrqm/s  %rrqm r_await rareq-sz     w/s     wkB/s   wrqm/s  %wrqm w_await wareq-sz     d/s     dkB/s   drqm/s  %drqm d_await dareq-sz     f/s f_await  aqu-sz  %util
nvme0n1          4.00     64.00     0.00   0.00    0.25    16.00 3036.00  35112.00     0.00   0.00    0.33    11.57    0.00      0.00     0.00   0.00    0.00     0.00  330.00    1.92    1.64  94.10


avg-cpu:  %user   %nice %system %iowait  %steal   %idle
           0.50    0.00    0.50    5.76    0.00   93.25

Device            r/s     rkB/s   rrqm/s  %rrqm r_await rareq-sz     w/s     wkB/s   wrqm/s  %wrqm w_await wareq-sz     d/s     dkB/s   drqm/s  %drqm d_await dareq-sz     f/s f_await  aqu-sz  %util
nvme0n1          3.00     48.00     0.00   0.00    0.33    16.00 3033.00  35052.00     0.00   0.00    0.33    11.56    0.00      0.00     0.00   0.00    0.00     0.00  330.00    1.92    1.64  94.10


avg-cpu:  %user   %nice %system %iowait  %steal   %idle
           0.43    0.00    0.49    5.81    0.00   93.26

Device            r/s     rkB/s   rrqm/s  %rrqm r_await rareq-sz     w/s     wkB/s   wrqm/s  %wrqm w_await wareq-sz     d/s     dkB/s   drqm/s  %drqm d_await dareq-sz     f/s f_await  aqu-sz  %util
nvme0n1          7.00    112.00     0.00   0.00    0.14    16.00 3078.00  35620.00     0.00   0.00    0.33    11.57    0.00      0.00     0.00   0.00    0.00     0.00  335.00    1.92    1.66  95.20


avg-cpu:  %user   %nice %system %iowait  %steal   %idle
           0.43    0.00    0.43    5.88    0.00   93.25

Device            r/s     rkB/s   rrqm/s  %rrqm r_await rareq-sz     w/s     wkB/s   wrqm/s  %wrqm w_await wareq-sz     d/s     dkB/s   drqm/s  %drqm d_await dareq-sz     f/s f_await  aqu-sz  %util
nvme0n1          6.00     96.00     0.00   0.00    0.33    16.00 3065.00  35460.00     0.00   0.00    0.33    11.57    0.00      0.00     0.00   0.00    0.00     0.00  332.00    1.92    1.65  96.10


avg-cpu:  %user   %nice %system %iowait  %steal   %idle
           0.37    0.00    0.56    5.82    0.00   93.25

Device            r/s     rkB/s   rrqm/s  %rrqm r_await rareq-sz     w/s     wkB/s   wrqm/s  %wrqm w_await wareq-sz     d/s     dkB/s   drqm/s  %drqm d_await dareq-sz     f/s f_await  aqu-sz  %util
nvme0n1          8.00    128.00     0.00   0.00    0.25    16.00 3045.00  35216.00     0.00   0.00    0.33    11.57    0.00      0.00     0.00   0.00    0.00     0.00  331.00    1.93    1.66  95.60


avg-cpu:  %user   %nice %system %iowait  %steal   %idle
           0.50    0.00    0.43    5.77    0.00   93.30

Device            r/s     rkB/s   rrqm/s  %rrqm r_await rareq-sz     w/s     wkB/s   wrqm/s  %wrqm w_await wareq-sz     d/s     dkB/s   drqm/s  %drqm d_await dareq-sz     f/s f_await  aqu-sz  %util
nvme0n1          4.00     64.00     0.00   0.00    0.50    16.00 3011.00  34804.00     0.00   0.00    0.33    11.56    0.00      0.00     0.00   0.00    0.00     0.00  328.00    1.92    1.64  93.40


avg-cpu:  %user   %nice %system %iowait  %steal   %idle
           0.62    0.00    0.62    5.71    0.00   93.05

Device            r/s     rkB/s   rrqm/s  %rrqm r_await rareq-sz     w/s     wkB/s   wrqm/s  %wrqm w_await wareq-sz     d/s     dkB/s   drqm/s  %drqm d_await dareq-sz     f/s f_await  aqu-sz  %util
nvme0n1          7.00    112.00     0.00   0.00    0.29    16.00 3017.00  34900.00     0.00   0.00    0.34    11.57    0.00      0.00     0.00   0.00    0.00     0.00  328.00    1.92    1.65  94.40


avg-cpu:  %user   %nice %system %iowait  %steal   %idle
           0.43    0.00    0.50    5.88    0.00   93.19

Device            r/s     rkB/s   rrqm/s  %rrqm r_await rareq-sz     w/s     wkB/s   wrqm/s  %wrqm w_await wareq-sz     d/s     dkB/s   drqm/s  %drqm d_await dareq-sz     f/s f_await  aqu-sz  %util
nvme0n1          8.00    128.00     0.00   0.00    0.38    16.00 2999.00  34696.00     0.00   0.00    0.34    11.57    0.00      0.00     0.00   0.00    0.00     0.00  325.00    1.93    1.64  94.80


avg-cpu:  %user   %nice %system %iowait  %steal   %idle
           0.56    0.00    0.43    5.65    0.00   93.36

Device            r/s     rkB/s   rrqm/s  %rrqm r_await rareq-sz     w/s     wkB/s   wrqm/s  %wrqm w_await wareq-sz     d/s     dkB/s   drqm/s  %drqm d_await dareq-sz     f/s f_await  aqu-sz  %util
nvme0n1          3.00     48.00     0.00   0.00    0.33    16.00 3012.00  34836.00     0.00   0.00    0.34    11.57    0.00      0.00     0.00   0.00    0.00     0.00  327.00    1.92    1.64  93.00


avg-cpu:  %user   %nice %system %iowait  %steal   %idle
           0.50    0.00    0.37    5.83    0.00   93.30

Device            r/s     rkB/s   rrqm/s  %rrqm r_await rareq-sz     w/s     wkB/s   wrqm/s  %wrqm w_await wareq-sz     d/s     dkB/s   drqm/s  %drqm d_await dareq-sz     f/s f_await  aqu-sz  %util
nvme0n1          2.00     32.00     0.00   0.00    0.00    16.00 3029.00  35040.00     0.00   0.00    0.33    11.57    0.00      0.00     0.00   0.00    0.00     0.00  329.00    1.91    1.64  94.00


avg-cpu:  %user   %nice %system %iowait  %steal   %idle
           0.37    0.00    0.49    5.81    0.00   93.33

Device            r/s     rkB/s   rrqm/s  %rrqm r_await rareq-sz     w/s     wkB/s   wrqm/s  %wrqm w_await wareq-sz     d/s     dkB/s   drqm/s  %drqm d_await dareq-sz     f/s f_await  aqu-sz  %util
nvme0n1          4.00     64.00     0.00   0.00    0.50    16.00 3054.00  35320.00     0.00   0.00    0.33    11.57    0.00      0.00     0.00   0.00    0.00     0.00  332.00    1.90    1.64  94.70


avg-cpu:  %user   %nice %system %iowait  %steal   %idle
           0.50    0.00    0.43    5.88    0.00   93.19

Device            r/s     rkB/s   rrqm/s  %rrqm r_await rareq-sz     w/s     wkB/s   wrqm/s  %wrqm w_await wareq-sz     d/s     dkB/s   drqm/s  %drqm d_await dareq-sz     f/s f_await  aqu-sz  %util
nvme0n1          7.00    112.00     0.00   0.00    0.14    16.00 3039.00  35148.00     0.00   0.00    0.33    11.57    0.00      0.00     0.00   0.00    0.00     0.00  330.00    1.92    1.65  95.60


avg-cpu:  %user   %nice %system %iowait  %steal   %idle
           0.37    0.00    0.50    5.83    0.00   93.30

Device            r/s     rkB/s   rrqm/s  %rrqm r_await rareq-sz     w/s     wkB/s   wrqm/s  %wrqm w_await wareq-sz     d/s     dkB/s   drqm/s  %drqm d_await dareq-sz     f/s f_await  aqu-sz  %util
nvme0n1          5.00     80.00     0.00   0.00    0.20    16.00 3045.00  35216.00     0.00   0.00    0.33    11.57    0.00      0.00     0.00   0.00    0.00     0.00  331.00    1.92    1.65  95.80


avg-cpu:  %user   %nice %system %iowait  %steal   %idle
           0.43    0.00    0.43    5.78    0.00   93.35

Device            r/s     rkB/s   rrqm/s  %rrqm r_await rareq-sz     w/s     wkB/s   wrqm/s  %wrqm w_await wareq-sz     d/s     dkB/s   drqm/s  %drqm d_await dareq-sz     f/s f_await  aqu-sz  %util
nvme0n1         10.00    160.00     0.00   0.00    0.20    16.00 3055.00  35320.00     0.00   0.00    0.33    11.56    0.00      0.00     0.00   0.00    0.00     0.00  333.00    1.90    1.65  94.60


avg-cpu:  %user   %nice %system %iowait  %steal   %idle
           0.37    0.00    0.43    5.83    0.00   93.37

Device            r/s     rkB/s   rrqm/s  %rrqm r_await rareq-sz     w/s     wkB/s   wrqm/s  %wrqm w_await wareq-sz     d/s     dkB/s   drqm/s  %drqm d_await dareq-sz     f/s f_await  aqu-sz  %util
nvme0n1         12.00    192.00     0.00   0.00    0.25    16.00 3048.00  35280.00     0.00   0.00    0.33    11.57    0.00      0.00     0.00   0.00    0.00     0.00  330.00    1.92    1.65  94.30


avg-cpu:  %user   %nice %system %iowait  %steal   %idle
           0.43    0.00    0.50    5.77    0.00   93.30

Device            r/s     rkB/s   rrqm/s  %rrqm r_await rareq-sz     w/s     wkB/s   wrqm/s  %wrqm w_await wareq-sz     d/s     dkB/s   drqm/s  %drqm d_await dareq-sz     f/s f_await  aqu-sz  %util
nvme0n1          7.00    112.00     0.00   0.00    0.29    16.00 3036.00  35112.00     0.00   0.00    0.33    11.57    0.00      0.00     0.00   0.00    0.00     0.00  330.00    1.92    1.65  94.00


avg-cpu:  %user   %nice %system %iowait  %steal   %idle
           0.43    0.00    0.43    5.84    0.00   93.29

Device            r/s     rkB/s   rrqm/s  %rrqm r_await rareq-sz     w/s     wkB/s   wrqm/s  %wrqm w_await wareq-sz     d/s     dkB/s   drqm/s  %drqm d_await dareq-sz     f/s f_await  aqu-sz  %util
nvme0n1         10.00    160.00     0.00   0.00    0.20    16.00 3018.00  34904.00     0.00   0.00    0.33    11.57    0.00      0.00     0.00   0.00    0.00     0.00  328.00    1.92    1.64  95.10


avg-cpu:  %user   %nice %system %iowait  %steal   %idle
           0.43    0.00    0.43    5.76    0.00   93.37

Device            r/s     rkB/s   rrqm/s  %rrqm r_await rareq-sz     w/s     wkB/s   wrqm/s  %wrqm w_await wareq-sz     d/s     dkB/s   drqm/s  %drqm d_await dareq-sz     f/s f_await  aqu-sz  %util
nvme0n1          8.00    128.00     0.00   0.00    0.38    16.00 3000.00  34696.00     0.00   0.00    0.34    11.57    0.00      0.00     0.00   0.00    0.00     0.00  326.00    1.93    1.64  93.10


avg-cpu:  %user   %nice %system %iowait  %steal   %idle
           0.43    0.00    0.43    5.77    0.00   93.37

Device            r/s     rkB/s   rrqm/s  %rrqm r_await rareq-sz     w/s     wkB/s   wrqm/s  %wrqm w_await wareq-sz     d/s     dkB/s   drqm/s  %drqm d_await dareq-sz     f/s f_await  aqu-sz  %util
nvme0n1         10.00    160.00     0.00   0.00    0.40    16.00 3005.00  34760.00     0.00   0.00    0.34    11.57    0.00      0.00     0.00   0.00    0.00     0.00  327.00    1.93    1.65  94.30


avg-cpu:  %user   %nice %system %iowait  %steal   %idle
           0.43    0.00    0.62    5.85    0.00   93.10

Device            r/s     rkB/s   rrqm/s  %rrqm r_await rareq-sz     w/s     wkB/s   wrqm/s  %wrqm w_await wareq-sz     d/s     dkB/s   drqm/s  %drqm d_await dareq-sz     f/s f_await  aqu-sz  %util
nvme0n1         10.00    160.00     0.00   0.00    1.30    16.00 3958.00  48228.00     1.00   0.03    0.72    12.18    0.00      0.00     0.00   0.00    0.00     0.00  325.00    1.92    3.48  93.20


avg-cpu:  %user   %nice %system %iowait  %steal   %idle
           0.50    0.00    0.50    5.76    0.00   93.25

Device            r/s     rkB/s   rrqm/s  %rrqm r_await rareq-sz     w/s     wkB/s   wrqm/s  %wrqm w_await wareq-sz     d/s     dkB/s   drqm/s  %drqm d_await dareq-sz     f/s f_await  aqu-sz  %util
nvme0n1          4.00     64.00     0.00   0.00    0.50    16.00 2384.00  24364.00     0.00   0.00    0.40    10.22    0.00      0.00     0.00   0.00    0.00     0.00  337.00    1.89    1.60  94.10


avg-cpu:  %user   %nice %system %iowait  %steal   %idle
           0.50    0.00    0.50    5.83    0.00   93.18

Device            r/s     rkB/s   rrqm/s  %rrqm r_await rareq-sz     w/s     wkB/s   wrqm/s  %wrqm w_await wareq-sz     d/s     dkB/s   drqm/s  %drqm d_await dareq-sz     f/s f_await  aqu-sz  %util
nvme0n1          5.00     80.00     0.00   0.00    0.20    16.00 2396.00  24500.00     0.00   0.00    0.40    10.23    0.00      0.00     0.00   0.00    0.00     0.00  339.00    1.90    1.61  94.90


avg-cpu:  %user   %nice %system %iowait  %steal   %idle
           0.43    0.00    0.43    5.83    0.00   93.30

Device            r/s     rkB/s   rrqm/s  %rrqm r_await rareq-sz     w/s     wkB/s   wrqm/s  %wrqm w_await wareq-sz     d/s     dkB/s   drqm/s  %drqm d_await dareq-sz     f/s f_await  aqu-sz  %util
nvme0n1          5.00     80.00     0.00   0.00    0.40    16.00 2389.00  24428.00     0.00   0.00    0.40    10.23    0.00      0.00     0.00   0.00    0.00     0.00  338.00    1.89    1.60  94.40


avg-cpu:  %user   %nice %system %iowait  %steal   %idle
           3.63    0.00    1.09    2.60    0.00   92.69

Device            r/s     rkB/s   rrqm/s  %rrqm r_await rareq-sz     w/s     wkB/s   wrqm/s  %wrqm w_await wareq-sz     d/s     dkB/s   drqm/s  %drqm d_await dareq-sz     f/s f_await  aqu-sz  %util
nvme0n1          0.00      0.00     0.00   0.00    0.00     0.00 1124.00  11444.00     0.00   0.00    0.40    10.18    0.00      0.00     0.00   0.00    0.00     0.00  159.00    1.88    0.75  44.20


avg-cpu:  %user   %nice %system %iowait  %steal   %idle
           0.62    0.00    0.43    3.29    0.00   95.65

Device            r/s     rkB/s   rrqm/s  %rrqm r_await rareq-sz     w/s     wkB/s   wrqm/s  %wrqm w_await wareq-sz     d/s     dkB/s   drqm/s  %drqm d_await dareq-sz     f/s f_await  aqu-sz  %util
nvme0n1          0.00      0.00     0.00   0.00    0.00     0.00 1340.00  13856.00    11.00   0.81    0.41    10.34    0.00      0.00     0.00   0.00    0.00     0.00  191.00    1.87    0.90  52.80


avg-cpu:  %user   %nice %system %iowait  %steal   %idle
           0.37    0.00    0.50    5.83    0.00   93.30

Device            r/s     rkB/s   rrqm/s  %rrqm r_await rareq-sz     w/s     wkB/s   wrqm/s  %wrqm w_await wareq-sz     d/s     dkB/s   drqm/s  %drqm d_await dareq-sz     f/s f_await  aqu-sz  %util
nvme0n1          0.00      0.00     0.00   0.00    0.00     0.00 2682.00  29544.00    16.00   0.59    0.37    11.02    0.00      0.00     0.00   0.00    0.00     0.00  334.00    1.91    1.64  94.50


avg-cpu:  %user   %nice %system %iowait  %steal   %idle
           0.43    0.00    0.43    5.83    0.00   93.30

Device            r/s     rkB/s   rrqm/s  %rrqm r_await rareq-sz     w/s     wkB/s   wrqm/s  %wrqm w_await wareq-sz     d/s     dkB/s   drqm/s  %drqm d_await dareq-sz     f/s f_await  aqu-sz  %util
nvme0n1          1.00     16.00     0.00   0.00    1.00    16.00 2983.00  34304.00     0.00   0.00    0.34    11.50    0.00      0.00     0.00   0.00    0.00     0.00  329.00    1.94    1.65  94.80


avg-cpu:  %user   %nice %system %iowait  %steal   %idle
           0.56    0.00    0.50    5.70    0.00   93.24

Device            r/s     rkB/s   rrqm/s  %rrqm r_await rareq-sz     w/s     wkB/s   wrqm/s  %wrqm w_await wareq-sz     d/s     dkB/s   drqm/s  %drqm d_await dareq-sz     f/s f_await  aqu-sz  %util
nvme0n1          0.00      0.00     0.00   0.00    0.00     0.00 2956.00  33992.00     0.00   0.00    0.34    11.50    0.00      0.00     0.00   0.00    0.00     0.00  326.00    1.94    1.63  93.80


avg-cpu:  %user   %nice %system %iowait  %steal   %idle
           0.56    0.00    0.43    5.82    0.00   93.18

Device            r/s     rkB/s   rrqm/s  %rrqm r_await rareq-sz     w/s     wkB/s   wrqm/s  %wrqm w_await wareq-sz     d/s     dkB/s   drqm/s  %drqm d_await dareq-sz     f/s f_await  aqu-sz  %util
nvme0n1          1.00     16.00     0.00   0.00    0.00    16.00 2965.00  34096.00     0.00   0.00    0.34    11.50    0.00      0.00     0.00   0.00    0.00     0.00  327.00    1.93    1.64  93.60


avg-cpu:  %user   %nice %system %iowait  %steal   %idle
           0.37    0.00    0.43    5.82    0.00   93.37

Device            r/s     rkB/s   rrqm/s  %rrqm r_await rareq-sz     w/s     wkB/s   wrqm/s  %wrqm w_await wareq-sz     d/s     dkB/s   drqm/s  %drqm d_await dareq-sz     f/s f_await  aqu-sz  %util
nvme0n1          0.00      0.00     0.00   0.00    0.00     0.00 2983.00  34304.00     0.00   0.00    0.34    11.50    0.00      0.00     0.00   0.00    0.00     0.00  329.00    1.95    1.66  95.40


avg-cpu:  %user   %nice %system %iowait  %steal   %idle
           0.56    0.00    0.50    5.82    0.00   93.13

Device            r/s     rkB/s   rrqm/s  %rrqm r_await rareq-sz     w/s     wkB/s   wrqm/s  %wrqm w_await wareq-sz     d/s     dkB/s   drqm/s  %drqm d_await dareq-sz     f/s f_await  aqu-sz  %util
nvme0n1          0.00      0.00     0.00   0.00    0.00     0.00 2999.00  34668.00     0.00   0.00    0.34    11.56    0.00      0.00     0.00   0.00    0.00     0.00  326.00    1.94    1.64  93.60


avg-cpu:  %user   %nice %system %iowait  %steal   %idle
           0.43    0.00    0.50    5.75    0.00   93.32

Device            r/s     rkB/s   rrqm/s  %rrqm r_await rareq-sz     w/s     wkB/s   wrqm/s  %wrqm w_await wareq-sz     d/s     dkB/s   drqm/s  %drqm d_await dareq-sz     f/s f_await  aqu-sz  %util
nvme0n1          2.00     32.00     0.00   0.00    0.00    16.00 3000.00  34696.00     0.00   0.00    0.34    11.57    0.00      0.00     0.00   0.00    0.00     0.00  326.00    1.94    1.65  93.80


avg-cpu:  %user   %nice %system %iowait  %steal   %idle
           0.56    0.00    0.49    5.75    0.00   93.20

Device            r/s     rkB/s   rrqm/s  %rrqm r_await rareq-sz     w/s     wkB/s   wrqm/s  %wrqm w_await wareq-sz     d/s     dkB/s   drqm/s  %drqm d_await dareq-sz     f/s f_await  aqu-sz  %util
nvme0n1          2.00     32.00     0.00   0.00    0.50    16.00 2971.00  34348.00     0.00   0.00    0.34    11.56    0.00      0.00     0.00   0.00    0.00     0.00  324.00    1.94    1.64  93.30


avg-cpu:  %user   %nice %system %iowait  %steal   %idle
           0.50    0.00    0.50    5.65    0.00   93.36

Device            r/s     rkB/s   rrqm/s  %rrqm r_await rareq-sz     w/s     wkB/s   wrqm/s  %wrqm w_await wareq-sz     d/s     dkB/s   drqm/s  %drqm d_await dareq-sz     f/s f_await  aqu-sz  %util
nvme0n1          0.00      0.00     0.00   0.00    0.00     0.00 2981.00  34484.00     0.00   0.00    0.34    11.57    0.00      0.00     0.00   0.00    0.00     0.00  324.00    1.93    1.62  92.60


avg-cpu:  %user   %nice %system %iowait  %steal   %idle
           0.50    0.00    0.43    5.75    0.00   93.32

Device            r/s     rkB/s   rrqm/s  %rrqm r_await rareq-sz     w/s     wkB/s   wrqm/s  %wrqm w_await wareq-sz     d/s     dkB/s   drqm/s  %drqm d_await dareq-sz     f/s f_await  aqu-sz  %util
nvme0n1          2.00     32.00     0.00   0.00    0.00    16.00 2990.00  34592.00     0.00   0.00    0.34    11.57    0.00      0.00     0.00   0.00    0.00     0.00  324.00    1.93    1.63  93.00


avg-cpu:  %user   %nice %system %iowait  %steal   %idle
           0.43    0.00    0.43    5.75    0.00   93.39

Device            r/s     rkB/s   rrqm/s  %rrqm r_await rareq-sz     w/s     wkB/s   wrqm/s  %wrqm w_await wareq-sz     d/s     dkB/s   drqm/s  %drqm d_await dareq-sz     f/s f_await  aqu-sz  %util
nvme0n1          0.00      0.00     0.00   0.00    0.00     0.00 3021.00  34936.00     0.00   0.00    0.34    11.56    0.00      0.00     0.00   0.00    0.00     0.00  329.00    1.93    1.65  94.30


avg-cpu:  %user   %nice %system %iowait  %steal   %idle
           0.43    0.00    0.43    5.89    0.00   93.25

Device            r/s     rkB/s   rrqm/s  %rrqm r_await rareq-sz     w/s     wkB/s   wrqm/s  %wrqm w_await wareq-sz     d/s     dkB/s   drqm/s  %drqm d_await dareq-sz     f/s f_await  aqu-sz  %util
nvme0n1          0.00      0.00     0.00   0.00    0.00     0.00 3012.00  34836.00     0.00   0.00    0.34    11.57    0.00      0.00     0.00   0.00    0.00     0.00  327.00    1.94    1.65  95.40


avg-cpu:  %user   %nice %system %iowait  %steal   %idle
           0.31    0.00    0.50    5.89    0.00   93.30

Device            r/s     rkB/s   rrqm/s  %rrqm r_await rareq-sz     w/s     wkB/s   wrqm/s  %wrqm w_await wareq-sz     d/s     dkB/s   drqm/s  %drqm d_await dareq-sz     f/s f_await  aqu-sz  %util
nvme0n1          0.00      0.00     0.00   0.00    0.00     0.00 3133.00  36232.00     0.00   0.00    0.36    11.56    0.00      0.00     0.00   0.00    0.00     0.00  331.00    1.93    1.76  95.80


avg-cpu:  %user   %nice %system %iowait  %steal   %idle
           0.37    0.00    0.43    5.82    0.00   93.37

Device            r/s     rkB/s   rrqm/s  %rrqm r_await rareq-sz     w/s     wkB/s   wrqm/s  %wrqm w_await wareq-sz     d/s     dkB/s   drqm/s  %drqm d_await dareq-sz     f/s f_await  aqu-sz  %util
nvme0n1          0.00      0.00     0.00   0.00    0.00     0.00 3036.00  35112.00     0.00   0.00    0.34    11.57    0.00      0.00     0.00   0.00    0.00     0.00  330.00    1.93    1.65  94.40


avg-cpu:  %user   %nice %system %iowait  %steal   %idle
           0.31    0.00    0.43    5.88    0.00   93.38

Device            r/s     rkB/s   rrqm/s  %rrqm r_await rareq-sz     w/s     wkB/s   wrqm/s  %wrqm w_await wareq-sz     d/s     dkB/s   drqm/s  %drqm d_await dareq-sz     f/s f_await  aqu-sz  %util
nvme0n1          0.00      0.00     0.00   0.00    0.00     0.00 3032.00  35076.00     0.00   0.00    0.34    11.57    0.00      0.00     0.00   0.00    0.00     0.00  329.00    1.93    1.65  96.40


avg-cpu:  %user   %nice %system %iowait  %steal   %idle
           0.49    0.00    0.43    5.88    0.00   93.20

Device            r/s     rkB/s   rrqm/s  %rrqm r_await rareq-sz     w/s     wkB/s   wrqm/s  %wrqm w_await wareq-sz     d/s     dkB/s   drqm/s  %drqm d_await dareq-sz     f/s f_await  aqu-sz  %util
nvme0n1          0.00      0.00     0.00   0.00    0.00     0.00 3036.00  35112.00     0.00   0.00    0.33    11.57    0.00      0.00     0.00   0.00    0.00     0.00  330.00    1.93    1.65  95.20


avg-cpu:  %user   %nice %system %iowait  %steal   %idle
           0.43    0.00    0.43    5.83    0.00   93.30

Device            r/s     rkB/s   rrqm/s  %rrqm r_await rareq-sz     w/s     wkB/s   wrqm/s  %wrqm w_await wareq-sz     d/s     dkB/s   drqm/s  %drqm d_await dareq-sz     f/s f_await  aqu-sz  %util
nvme0n1          0.00      0.00     0.00   0.00    0.00     0.00 3000.00  34696.00     0.00   0.00    0.34    11.57    0.00      0.00     0.00   0.00    0.00     0.00  326.00    1.93    1.64  94.70


avg-cpu:  %user   %nice %system %iowait  %steal   %idle
           0.43    0.00    0.50    5.88    0.00   93.19

Device            r/s     rkB/s   rrqm/s  %rrqm r_await rareq-sz     w/s     wkB/s   wrqm/s  %wrqm w_await wareq-sz     d/s     dkB/s   drqm/s  %drqm d_await dareq-sz     f/s f_await  aqu-sz  %util
nvme0n1          0.00      0.00     0.00   0.00    0.00     0.00 3019.00  34904.00     0.00   0.00    0.34    11.56    0.00      0.00     0.00   0.00    0.00     0.00  329.00    1.94    1.65  95.90


avg-cpu:  %user   %nice %system %iowait  %steal   %idle
           0.43    0.00    0.43    5.83    0.00   93.30

Device            r/s     rkB/s   rrqm/s  %rrqm r_await rareq-sz     w/s     wkB/s   wrqm/s  %wrqm w_await wareq-sz     d/s     dkB/s   drqm/s  %drqm d_await dareq-sz     f/s f_await  aqu-sz  %util
nvme0n1          0.00      0.00     0.00   0.00    0.00     0.00 2981.00  34488.00     0.00   0.00    0.34    11.57    0.00      0.00     0.00   0.00    0.00     0.00  323.00    1.93    1.64  94.30


avg-cpu:  %user   %nice %system %iowait  %steal   %idle
           0.43    0.00    0.56    5.77    0.00   93.24

Device            r/s     rkB/s   rrqm/s  %rrqm r_await rareq-sz     w/s     wkB/s   wrqm/s  %wrqm w_await wareq-sz     d/s     dkB/s   drqm/s  %drqm d_await dareq-sz     f/s f_await  aqu-sz  %util
nvme0n1          0.00      0.00     0.00   0.00    0.00     0.00 3011.00  34832.00     0.00   0.00    0.34    11.57    0.00      0.00     0.00   0.00    0.00     0.00  327.00    1.93    1.64  94.70


avg-cpu:  %user   %nice %system %iowait  %steal   %idle
           0.56    0.00    0.50    5.76    0.00   93.18

Device            r/s     rkB/s   rrqm/s  %rrqm r_await rareq-sz     w/s     wkB/s   wrqm/s  %wrqm w_await wareq-sz     d/s     dkB/s   drqm/s  %drqm d_await dareq-sz     f/s f_await  aqu-sz  %util
nvme0n1          0.99     15.84     0.00   0.00    0.00    16.00 2980.20  34455.45     0.00   0.00    0.34    11.56    0.00      0.00     0.00   0.00    0.00     0.00  324.75    1.94    1.63  92.48


avg-cpu:  %user   %nice %system %iowait  %steal   %idle
           0.43    0.00    0.43    5.77    0.00   93.37

Device            r/s     rkB/s   rrqm/s  %rrqm r_await rareq-sz     w/s     wkB/s   wrqm/s  %wrqm w_await wareq-sz     d/s     dkB/s   drqm/s  %drqm d_await dareq-sz     f/s f_await  aqu-sz  %util
nvme0n1          0.00      0.00     0.00   0.00    0.00     0.00 3029.00  35040.00     0.00   0.00    0.34    11.57    0.00      0.00     0.00   0.00    0.00     0.00  329.00    1.93    1.66  94.20


avg-cpu:  %user   %nice %system %iowait  %steal   %idle
           0.49    0.00    0.43    5.81    0.00   93.26

Device            r/s     rkB/s   rrqm/s  %rrqm r_await rareq-sz     w/s     wkB/s   wrqm/s  %wrqm w_await wareq-sz     d/s     dkB/s   drqm/s  %drqm d_await dareq-sz     f/s f_await  aqu-sz  %util
nvme0n1          0.00      0.00     0.00   0.00    0.00     0.00 2999.00  34696.00     0.00   0.00    0.34    11.57    0.00      0.00     0.00   0.00    0.00     0.00  325.00    1.94    1.64  94.60


avg-cpu:  %user   %nice %system %iowait  %steal   %idle
           0.49    0.00    0.43    5.81    0.00   93.26

Device            r/s     rkB/s   rrqm/s  %rrqm r_await rareq-sz     w/s     wkB/s   wrqm/s  %wrqm w_await wareq-sz     d/s     dkB/s   drqm/s  %drqm d_await dareq-sz     f/s f_await  aqu-sz  %util
nvme0n1          0.00      0.00     0.00   0.00    0.00     0.00 3018.00  34904.00     0.00   0.00    0.34    11.57    0.00      0.00     0.00   0.00    0.00     0.00  328.00    1.94    1.65  94.30


avg-cpu:  %user   %nice %system %iowait  %steal   %idle
           0.37    0.00    0.50    5.82    0.00   93.31

Device            r/s     rkB/s   rrqm/s  %rrqm r_await rareq-sz     w/s     wkB/s   wrqm/s  %wrqm w_await wareq-sz     d/s     dkB/s   drqm/s  %drqm d_await dareq-sz     f/s f_await  aqu-sz  %util
nvme0n1          1.00     16.00     0.00   0.00    1.00    16.00 3038.00  35144.00     0.00   0.00    0.34    11.57    0.00      0.00     0.00   0.00    0.00     0.00  330.00    1.93    1.66  95.40


avg-cpu:  %user   %nice %system %iowait  %steal   %idle
           0.43    0.00    0.62    5.83    0.00   93.11

Device            r/s     rkB/s   rrqm/s  %rrqm r_await rareq-sz     w/s     wkB/s   wrqm/s  %wrqm w_await wareq-sz     d/s     dkB/s   drqm/s  %drqm d_await dareq-sz     f/s f_await  aqu-sz  %util
nvme0n1          3.00     48.00     0.00   0.00    1.33    16.00 3549.00  43120.00     0.00   0.00    1.36    12.15    0.00      0.00     0.00   0.00    0.00     0.00  335.00    1.90    5.45  94.90


avg-cpu:  %user   %nice %system %iowait  %steal   %idle
           0.43    0.00    0.43    5.82    0.00   93.32

Device            r/s     rkB/s   rrqm/s  %rrqm r_await rareq-sz     w/s     wkB/s   wrqm/s  %wrqm w_await wareq-sz     d/s     dkB/s   drqm/s  %drqm d_await dareq-sz     f/s f_await  aqu-sz  %util
nvme0n1          0.00      0.00     0.00   0.00    0.00     0.00 2402.00  24572.00     0.00   0.00    0.40    10.23    0.00      0.00     0.00   0.00    0.00     0.00  339.00    1.90    1.61  95.40


avg-cpu:  %user   %nice %system %iowait  %steal   %idle
           0.50    0.00    0.37    5.83    0.00   93.30

Device            r/s     rkB/s   rrqm/s  %rrqm r_await rareq-sz     w/s     wkB/s   wrqm/s  %wrqm w_await wareq-sz     d/s     dkB/s   drqm/s  %drqm d_await dareq-sz     f/s f_await  aqu-sz  %util
nvme0n1          0.00      0.00     0.00   0.00    0.00     0.00 2396.00  24500.00     0.00   0.00    0.41    10.23    0.00      0.00     0.00   0.00    0.00     0.00  339.00    1.89    1.61  93.60


avg-cpu:  %user   %nice %system %iowait  %steal   %idle
           0.43    0.00    0.50    5.82    0.00   93.25

Device            r/s     rkB/s   rrqm/s  %rrqm r_await rareq-sz     w/s     wkB/s   wrqm/s  %wrqm w_await wareq-sz     d/s     dkB/s   drqm/s  %drqm d_await dareq-sz     f/s f_await  aqu-sz  %util
nvme0n1          0.00      0.00     0.00   0.00    0.00     0.00 2410.00  24644.00     0.00   0.00    0.40    10.23    0.00      0.00     0.00   0.00    0.00     0.00  341.00    1.89    1.62  94.50


avg-cpu:  %user   %nice %system %iowait  %steal   %idle
           1.78    0.00    0.67    4.84    0.00   92.71

Device            r/s     rkB/s   rrqm/s  %rrqm r_await rareq-sz     w/s     wkB/s   wrqm/s  %wrqm w_await wareq-sz     d/s     dkB/s   drqm/s  %drqm d_await dareq-sz     f/s f_await  aqu-sz  %util
nvme0n1          0.00      0.00     0.00   0.00    0.00     0.00 2123.00  21136.00     1.00   0.05    0.49     9.96    0.00      0.00     0.00   0.00    0.00     0.00  285.00    1.89    1.57  79.90


avg-cpu:  %user   %nice %system %iowait  %steal   %idle
           2.27    0.00    0.98    1.16    0.00   95.59

Device            r/s     rkB/s   rrqm/s  %rrqm r_await rareq-sz     w/s     wkB/s   wrqm/s  %wrqm w_await wareq-sz     d/s     dkB/s   drqm/s  %drqm d_await dareq-sz     f/s f_await  aqu-sz  %util
nvme0n1          0.00      0.00     0.00   0.00    0.00     0.00  613.00   7032.00     0.00   0.00    0.39    11.47    0.00      0.00     0.00   0.00    0.00     0.00   67.00    1.90    0.36  18.90


avg-cpu:  %user   %nice %system %iowait  %steal   %idle
           0.43    0.00    0.43    5.83    0.00   93.30

Device            r/s     rkB/s   rrqm/s  %rrqm r_await rareq-sz     w/s     wkB/s   wrqm/s  %wrqm w_await wareq-sz     d/s     dkB/s   drqm/s  %drqm d_await dareq-sz     f/s f_await  aqu-sz  %util
nvme0n1          0.00      0.00     0.00   0.00    0.00     0.00 2946.00  33892.00     2.00   0.07    0.34    11.50    0.00      0.00     0.00   0.00    0.00     0.00  325.00    1.94    1.63  94.90


avg-cpu:  %user   %nice %system %iowait  %steal   %idle
           0.50    0.00    0.56    5.77    0.00   93.18

Device            r/s     rkB/s   rrqm/s  %rrqm r_await rareq-sz     w/s     wkB/s   wrqm/s  %wrqm w_await wareq-sz     d/s     dkB/s   drqm/s  %drqm d_await dareq-sz     f/s f_await  aqu-sz  %util
nvme0n1          0.00      0.00     0.00   0.00    0.00     0.00 2964.00  34092.00     0.00   0.00    0.34    11.50    0.00      0.00     0.00   0.00    0.00     0.00  327.00    1.94    1.64  93.80


avg-cpu:  %user   %nice %system %iowait  %steal   %idle
           0.62    0.00    0.43    5.71    0.00   93.23

Device            r/s     rkB/s   rrqm/s  %rrqm r_await rareq-sz     w/s     wkB/s   wrqm/s  %wrqm w_await wareq-sz     d/s     dkB/s   drqm/s  %drqm d_await dareq-sz     f/s f_await  aqu-sz  %util
nvme0n1          0.00      0.00     0.00   0.00    0.00     0.00 2947.00  33888.00     0.00   0.00    0.34    11.50    0.00      0.00     0.00   0.00    0.00     0.00  325.00    1.94    1.63  92.40


avg-cpu:  %user   %nice %system %iowait  %steal   %idle
           0.56    0.00    0.43    5.77    0.00   93.23

Device            r/s     rkB/s   rrqm/s  %rrqm r_await rareq-sz     w/s     wkB/s   wrqm/s  %wrqm w_await wareq-sz     d/s     dkB/s   drqm/s  %drqm d_await dareq-sz     f/s f_await  aqu-sz  %util
nvme0n1          0.00      0.00     0.00   0.00    0.00     0.00 2957.00  33992.00     0.00   0.00    0.34    11.50    0.00      0.00     0.00   0.00    0.00     0.00  327.00    1.93    1.64  93.30


avg-cpu:  %user   %nice %system %iowait  %steal   %idle
           0.37    0.00    0.43    5.83    0.00   93.36

Device            r/s     rkB/s   rrqm/s  %rrqm r_await rareq-sz     w/s     wkB/s   wrqm/s  %wrqm w_await wareq-sz     d/s     dkB/s   drqm/s  %drqm d_await dareq-sz     f/s f_await  aqu-sz  %util
nvme0n1          0.00      0.00     0.00   0.00    0.00     0.00 2979.00  34376.00     0.00   0.00    0.34    11.54    0.00      0.00     0.00   0.00    0.00     0.00  325.00    1.94    1.64  95.20


avg-cpu:  %user   %nice %system %iowait  %steal   %idle
           0.37    0.00    0.43    5.82    0.00   93.37

Device            r/s     rkB/s   rrqm/s  %rrqm r_await rareq-sz     w/s     wkB/s   wrqm/s  %wrqm w_await wareq-sz     d/s     dkB/s   drqm/s  %drqm d_await dareq-sz     f/s f_await  aqu-sz  %util
nvme0n1          0.00      0.00     0.00   0.00    0.00     0.00 3036.00  35112.00     0.00   0.00    0.34    11.57    0.00      0.00     0.00   0.00    0.00     0.00  330.00    1.93    1.66  95.60


avg-cpu:  %user   %nice %system %iowait  %steal   %idle
           0.43    0.00    0.49    5.87    0.00   93.20

Device            r/s     rkB/s   rrqm/s  %rrqm r_await rareq-sz     w/s     wkB/s   wrqm/s  %wrqm w_await wareq-sz     d/s     dkB/s   drqm/s  %drqm d_await dareq-sz     f/s f_await  aqu-sz  %util
nvme0n1          0.00      0.00     0.00   0.00    0.00     0.00 3048.00  35252.00     0.00   0.00    0.34    11.57    0.00      0.00     0.00   0.00    0.00     0.00  331.00    1.93    1.66  95.70


avg-cpu:  %user   %nice %system %iowait  %steal   %idle
           0.31    0.00    0.37    5.85    0.00   93.47

Device            r/s     rkB/s   rrqm/s  %rrqm r_await rareq-sz     w/s     wkB/s   wrqm/s  %wrqm w_await wareq-sz     d/s     dkB/s   drqm/s  %drqm d_await dareq-sz     f/s f_await  aqu-sz  %util
nvme0n1          0.00      0.00     0.00   0.00    0.00     0.00 3009.00  34800.00     0.00   0.00    0.34    11.57    0.00      0.00     0.00   0.00    0.00     0.00  327.00    1.94    1.65  94.80


avg-cpu:  %user   %nice %system %iowait  %steal   %idle
           0.43    0.00    0.43    5.82    0.00   93.32

Device            r/s     rkB/s   rrqm/s  %rrqm r_await rareq-sz     w/s     wkB/s   wrqm/s  %wrqm w_await wareq-sz     d/s     dkB/s   drqm/s  %drqm d_await dareq-sz     f/s f_await  aqu-sz  %util
nvme0n1          0.00      0.00     0.00   0.00    0.00     0.00 3020.00  34936.00     0.00   0.00    0.34    11.57    0.00      0.00     0.00   0.00    0.00     0.00  328.00    1.93    1.65  94.60


avg-cpu:  %user   %nice %system %iowait  %steal   %idle
           0.43    0.00    0.50    5.82    0.00   93.25

Device            r/s     rkB/s   rrqm/s  %rrqm r_await rareq-sz     w/s     wkB/s   wrqm/s  %wrqm w_await wareq-sz     d/s     dkB/s   drqm/s  %drqm d_await dareq-sz     f/s f_await  aqu-sz  %util
nvme0n1          0.00      0.00     0.00   0.00    0.00     0.00 2991.00  34588.00     0.00   0.00    0.34    11.56    0.00      0.00     0.00   0.00    0.00     0.00  326.00    1.94    1.64  94.30


avg-cpu:  %user   %nice %system %iowait  %steal   %idle
           0.37    0.00    0.43    5.87    0.00   93.33

Device            r/s     rkB/s   rrqm/s  %rrqm r_await rareq-sz     w/s     wkB/s   wrqm/s  %wrqm w_await wareq-sz     d/s     dkB/s   drqm/s  %drqm d_await dareq-sz     f/s f_await  aqu-sz  %util
nvme0n1          0.00      0.00     0.00   0.00    0.00     0.00 3036.00  35112.00     0.00   0.00    0.34    11.57    0.00      0.00     0.00   0.00    0.00     0.00  330.00    1.93    1.66  96.00


avg-cpu:  %user   %nice %system %iowait  %steal   %idle
           0.50    0.00    0.43    5.75    0.00   93.32

Device            r/s     rkB/s   rrqm/s  %rrqm r_await rareq-sz     w/s     wkB/s   wrqm/s  %wrqm w_await wareq-sz     d/s     dkB/s   drqm/s  %drqm d_await dareq-sz     f/s f_await  aqu-sz  %util
nvme0n1          0.00      0.00     0.00   0.00    0.00     0.00 2972.00  34384.00     0.00   0.00    0.34    11.57    0.00      0.00     0.00   0.00    0.00     0.00  322.00    1.93    1.63  94.90


avg-cpu:  %user   %nice %system %iowait  %steal   %idle
           0.50    0.00    0.43    5.82    0.00   93.25

Device            r/s     rkB/s   rrqm/s  %rrqm r_await rareq-sz     w/s     wkB/s   wrqm/s  %wrqm w_await wareq-sz     d/s     dkB/s   drqm/s  %drqm d_await dareq-sz     f/s f_await  aqu-sz  %util
nvme0n1          0.00      0.00     0.00   0.00    0.00     0.00 3011.00  34804.00     0.00   0.00    0.34    11.56    0.00      0.00     0.00   0.00    0.00     0.00  328.00    1.94    1.65  94.50


avg-cpu:  %user   %nice %system %iowait  %steal   %idle
           0.31    0.00    0.50    5.89    0.00   93.30

Device            r/s     rkB/s   rrqm/s  %rrqm r_await rareq-sz     w/s     wkB/s   wrqm/s  %wrqm w_await wareq-sz     d/s     dkB/s   drqm/s  %drqm d_await dareq-sz     f/s f_await  aqu-sz  %util
nvme0n1          0.00      0.00     0.00   0.00    0.00     0.00 3019.00  34936.00     0.00   0.00    0.34    11.57    0.00      0.00     0.00   0.00    0.00     0.00  327.00    1.93    1.64  94.70


avg-cpu:  %user   %nice %system %iowait  %steal   %idle
           0.50    0.00    0.43    5.82    0.00   93.25

Device            r/s     rkB/s   rrqm/s  %rrqm r_await rareq-sz     w/s     wkB/s   wrqm/s  %wrqm w_await wareq-sz     d/s     dkB/s   drqm/s  %drqm d_await dareq-sz     f/s f_await  aqu-sz  %util
nvme0n1          0.00      0.00     0.00   0.00    0.00     0.00 2981.00  34484.00     0.00   0.00    0.34    11.57    0.00      0.00     0.00   0.00    0.00     0.00  324.00    1.94    1.64  94.40


avg-cpu:  %user   %nice %system %iowait  %steal   %idle
           0.43    0.00    0.43    5.76    0.00   93.37

Device            r/s     rkB/s   rrqm/s  %rrqm r_await rareq-sz     w/s     wkB/s   wrqm/s  %wrqm w_await wareq-sz     d/s     dkB/s   drqm/s  %drqm d_await dareq-sz     f/s f_await  aqu-sz  %util
nvme0n1          0.00      0.00     0.00   0.00    0.00     0.00 3013.00  34836.00     0.00   0.00    0.34    11.56    0.00      0.00     0.00   0.00    0.00     0.00  328.00    1.93    1.65  94.60


avg-cpu:  %user   %nice %system %iowait  %steal   %idle
           0.37    0.00    0.56    5.88    0.00   93.19

Device            r/s     rkB/s   rrqm/s  %rrqm r_await rareq-sz     w/s     wkB/s   wrqm/s  %wrqm w_await wareq-sz     d/s     dkB/s   drqm/s  %drqm d_await dareq-sz     f/s f_await  aqu-sz  %util
nvme0n1          0.00      0.00     0.00   0.00    0.00     0.00 3009.00  34800.00     0.00   0.00    0.34    11.57    0.00      0.00     0.00   0.00    0.00     0.00  327.00    1.94    1.65  95.20


avg-cpu:  %user   %nice %system %iowait  %steal   %idle
           0.43    0.00    0.37    5.83    0.00   93.37

Device            r/s     rkB/s   rrqm/s  %rrqm r_await rareq-sz     w/s     wkB/s   wrqm/s  %wrqm w_await wareq-sz     d/s     dkB/s   drqm/s  %drqm d_await dareq-sz     f/s f_await  aqu-sz  %util
nvme0n1          0.00      0.00     0.00   0.00    0.00     0.00 3008.00  34800.00     0.00   0.00    0.34    11.57    0.00      0.00     0.00   0.00    0.00     0.00  326.00    1.94    1.64  94.20


avg-cpu:  %user   %nice %system %iowait  %steal   %idle
           0.49    0.00    0.62    5.68    0.00   93.21

Device            r/s     rkB/s   rrqm/s  %rrqm r_await rareq-sz     w/s     wkB/s   wrqm/s  %wrqm w_await wareq-sz     d/s     dkB/s   drqm/s  %drqm d_await dareq-sz     f/s f_await  aqu-sz  %util
nvme0n1          0.00      0.00     0.00   0.00    0.00     0.00 3004.00  34760.00     0.00   0.00    0.34    11.57    0.00      0.00     0.00   0.00    0.00     0.00  326.00    1.93    1.64  92.90


avg-cpu:  %user   %nice %system %iowait  %steal   %idle
           0.43    0.00    0.31    5.90    0.00   93.35

Device            r/s     rkB/s   rrqm/s  %rrqm r_await rareq-sz     w/s     wkB/s   wrqm/s  %wrqm w_await wareq-sz     d/s     dkB/s   drqm/s  %drqm d_await dareq-sz     f/s f_await  aqu-sz  %util
nvme0n1          0.00      0.00     0.00   0.00    0.00     0.00 3013.00  34860.00     0.00   0.00    0.34    11.57    0.00      0.00     0.00   0.00    0.00     0.00  328.00    1.94    1.66  95.30


avg-cpu:  %user   %nice %system %iowait  %steal   %idle
           0.43    0.00    0.49    5.81    0.00   93.26

Device            r/s     rkB/s   rrqm/s  %rrqm r_await rareq-sz     w/s     wkB/s   wrqm/s  %wrqm w_await wareq-sz     d/s     dkB/s   drqm/s  %drqm d_await dareq-sz     f/s f_await  aqu-sz  %util
nvme0n1          3.00     48.00     0.00   0.00    0.33    16.00 3025.00  35004.00     0.00   0.00    0.33    11.57    0.00      0.00     0.00   0.00    0.00     0.00  328.00    1.95    1.65  94.30


avg-cpu:  %user   %nice %system %iowait  %steal   %idle
           0.50    0.00    0.50    5.76    0.00   93.25

Device            r/s     rkB/s   rrqm/s  %rrqm r_await rareq-sz     w/s     wkB/s   wrqm/s  %wrqm w_await wareq-sz     d/s     dkB/s   drqm/s  %drqm d_await dareq-sz     f/s f_await  aqu-sz  %util
nvme0n1          3.00     48.00     0.00   0.00    0.33    16.00 2981.00  34484.00     0.00   0.00    0.34    11.57    0.00      0.00     0.00   0.00    0.00     0.00  324.00    1.95    1.64  94.80


avg-cpu:  %user   %nice %system %iowait  %steal   %idle
           0.50    0.00    0.37    5.83    0.00   93.30

Device            r/s     rkB/s   rrqm/s  %rrqm r_await rareq-sz     w/s     wkB/s   wrqm/s  %wrqm w_await wareq-sz     d/s     dkB/s   drqm/s  %drqm d_await dareq-sz     f/s f_await  aqu-sz  %util
nvme0n1          1.00     16.00     0.00   0.00    0.00    16.00 3021.00  34936.00     0.00   0.00    0.33    11.56    0.00      0.00     0.00   0.00    0.00     0.00  329.00    1.93    1.64  94.90


avg-cpu:  %user   %nice %system %iowait  %steal   %idle
           0.31    0.00    0.50    5.83    0.00   93.36

Device            r/s     rkB/s   rrqm/s  %rrqm r_await rareq-sz     w/s     wkB/s   wrqm/s  %wrqm w_await wareq-sz     d/s     dkB/s   drqm/s  %drqm d_await dareq-sz     f/s f_await  aqu-sz  %util
nvme0n1          1.00     16.00     0.00   0.00    0.00    16.00 3057.00  35356.00     0.00   0.00    0.33    11.57    0.00      0.00     0.00   0.00    0.00     0.00  332.00    1.92    1.65  94.60


avg-cpu:  %user   %nice %system %iowait  %steal   %idle
           0.50    0.00    0.62    5.83    0.00   93.06

Device            r/s     rkB/s   rrqm/s  %rrqm r_await rareq-sz     w/s     wkB/s   wrqm/s  %wrqm w_await wareq-sz     d/s     dkB/s   drqm/s  %drqm d_await dareq-sz     f/s f_await  aqu-sz  %util
nvme0n1          5.00     80.00     0.00   0.00    0.40    16.00 3362.00  40116.00     0.00   0.00    0.68    11.93    0.00      0.00     0.00   0.00    0.00     0.00  335.00    1.91    2.91  95.30


avg-cpu:  %user   %nice %system %iowait  %steal   %idle
           0.44    0.00    0.37    5.90    0.00   93.29

Device            r/s     rkB/s   rrqm/s  %rrqm r_await rareq-sz     w/s     wkB/s   wrqm/s  %wrqm w_await wareq-sz     d/s     dkB/s   drqm/s  %drqm d_await dareq-sz     f/s f_await  aqu-sz  %util
nvme0n1          2.00     32.00     0.00   0.00    0.50    16.00 2416.00  24716.00     0.00   0.00    0.40    10.23    0.00      0.00     0.00   0.00    0.00     0.00  341.00    1.89    1.62  94.60


avg-cpu:  %user   %nice %system %iowait  %steal   %idle
           0.43    0.00    0.50    5.89    0.00   93.18

Device            r/s     rkB/s   rrqm/s  %rrqm r_await rareq-sz     w/s     wkB/s   wrqm/s  %wrqm w_await wareq-sz     d/s     dkB/s   drqm/s  %drqm d_await dareq-sz     f/s f_await  aqu-sz  %util
nvme0n1          2.00     32.00     0.00   0.00    0.00    16.00 2432.00  24864.00     0.00   0.00    0.40    10.22    0.00      0.00     0.00   0.00    0.00     0.00  344.00    1.88    1.62  95.90


avg-cpu:  %user   %nice %system %iowait  %steal   %idle
           0.37    0.00    0.37    5.84    0.00   93.41

Device            r/s     rkB/s   rrqm/s  %rrqm r_await rareq-sz     w/s     wkB/s   wrqm/s  %wrqm w_await wareq-sz     d/s     dkB/s   drqm/s  %drqm d_await dareq-sz     f/s f_await  aqu-sz  %util
nvme0n1          2.00     32.00     0.00   0.00    0.00    16.00 2425.00  24788.00     0.00   0.00    0.40    10.22    0.00      0.00     0.00   0.00    0.00     0.00  344.00    1.88    1.62  94.10


avg-cpu:  %user   %nice %system %iowait  %steal   %idle
           0.43    0.00    0.37    5.89    0.00   93.30

Device            r/s     rkB/s   rrqm/s  %rrqm r_await rareq-sz     w/s     wkB/s   wrqm/s  %wrqm w_await wareq-sz     d/s     dkB/s   drqm/s  %drqm d_await dareq-sz     f/s f_await  aqu-sz  %util
nvme0n1          1.00     16.00     0.00   0.00    0.00    16.00 2411.00  24648.00     0.00   0.00    0.40    10.22    0.00      0.00     0.00   0.00    0.00     0.00  341.00    1.88    1.61  95.10


avg-cpu:  %user   %nice %system %iowait  %steal   %idle
           0.50    0.00    0.50    5.77    0.00   93.24

Device            r/s     rkB/s   rrqm/s  %rrqm r_await rareq-sz     w/s     wkB/s   wrqm/s  %wrqm w_await wareq-sz     d/s     dkB/s   drqm/s  %drqm d_await dareq-sz     f/s f_await  aqu-sz  %util
nvme0n1          0.00      0.00     0.00   0.00    0.00     0.00 2513.00  25164.00     1.00   0.04    0.39    10.01    0.00      0.00     0.00   0.00    0.00     0.00  340.00    1.87    1.62  93.50


avg-cpu:  %user   %nice %system %iowait  %steal   %idle
           3.56    0.00    1.21    1.87    0.00   93.36

Device            r/s     rkB/s   rrqm/s  %rrqm r_await rareq-sz     w/s     wkB/s   wrqm/s  %wrqm w_await wareq-sz     d/s     dkB/s   drqm/s  %drqm d_await dareq-sz     f/s f_await  aqu-sz  %util
nvme0n1          0.00      0.00     0.00   0.00    0.00     0.00  895.00   9476.00     0.00   0.00    0.39    10.59    0.00      0.00     0.00   0.00    0.00     0.00  116.00    1.89    0.56  31.90


avg-cpu:  %user   %nice %system %iowait  %steal   %idle
           0.56    0.00    0.31    4.04    0.00   95.08

Device            r/s     rkB/s   rrqm/s  %rrqm r_await rareq-sz     w/s     wkB/s   wrqm/s  %wrqm w_await wareq-sz     d/s     dkB/s   drqm/s  %drqm d_await dareq-sz     f/s f_await  aqu-sz  %util
nvme0n1          0.00      0.00     0.00   0.00    0.00     0.00 2054.00  23772.00     6.00   0.29    0.34    11.57    0.00      0.00     0.00   0.00    0.00     0.00  227.00    1.93    1.14  64.80


avg-cpu:  %user   %nice %system %iowait  %steal   %idle
           0.37    0.00    0.56    5.82    0.00   93.25

Device            r/s     rkB/s   rrqm/s  %rrqm r_await rareq-sz     w/s     wkB/s   wrqm/s  %wrqm w_await wareq-sz     d/s     dkB/s   drqm/s  %drqm d_await dareq-sz     f/s f_await  aqu-sz  %util
nvme0n1          0.00      0.00     0.00   0.00    0.00     0.00 2984.00  34508.00    16.00   0.53    0.34    11.56    0.00      0.00     0.00   0.00    0.00     0.00  331.00    1.93    1.66  94.90


avg-cpu:  %user   %nice %system %iowait  %steal   %idle
           0.50    0.00    0.50    5.88    0.00   93.13

Device            r/s     rkB/s   rrqm/s  %rrqm r_await rareq-sz     w/s     wkB/s   wrqm/s  %wrqm w_await wareq-sz     d/s     dkB/s   drqm/s  %drqm d_await dareq-sz     f/s f_await  aqu-sz  %util
nvme0n1          0.00      0.00     0.00   0.00    0.00     0.00 3075.00  34712.00     1.00   0.03    0.37    11.29    0.00      0.00     0.00   0.00    0.00     0.00  330.00    1.93    1.77  94.30


avg-cpu:  %user   %nice %system %iowait  %steal   %idle
           0.50    0.00    0.43    5.71    0.00   93.36

Device            r/s     rkB/s   rrqm/s  %rrqm r_await rareq-sz     w/s     wkB/s   wrqm/s  %wrqm w_await wareq-sz     d/s     dkB/s   drqm/s  %drqm d_await dareq-sz     f/s f_await  aqu-sz  %util
nvme0n1          0.00      0.00     0.00   0.00    0.00     0.00 2967.00  34128.00     0.00   0.00    0.34    11.50    0.00      0.00     0.00   0.00    0.00     0.00  327.00    1.93    1.63  93.60


avg-cpu:  %user   %nice %system %iowait  %steal   %idle
           0.43    0.00    0.56    5.81    0.00   93.20

Device            r/s     rkB/s   rrqm/s  %rrqm r_await rareq-sz     w/s     wkB/s   wrqm/s  %wrqm w_await wareq-sz     d/s     dkB/s   drqm/s  %drqm d_await dareq-sz     f/s f_await  aqu-sz  %util
nvme0n1          0.00      0.00     0.00   0.00    0.00     0.00 2957.00  33996.00     0.00   0.00    0.34    11.50    0.00      0.00     0.00   0.00    0.00     0.00  326.00    1.94    1.65  94.90


avg-cpu:  %user   %nice %system %iowait  %steal   %idle
           0.31    0.00    0.43    5.88    0.00   93.37

Device            r/s     rkB/s   rrqm/s  %rrqm r_await rareq-sz     w/s     wkB/s   wrqm/s  %wrqm w_await wareq-sz     d/s     dkB/s   drqm/s  %drqm d_await dareq-sz     f/s f_await  aqu-sz  %util
nvme0n1          0.00      0.00     0.00   0.00    0.00     0.00 2982.00  34304.00     0.00   0.00    0.34    11.50    0.00      0.00     0.00   0.00    0.00     0.00  328.00    1.94    1.65  95.10


avg-cpu:  %user   %nice %system %iowait  %steal   %idle
           0.50    0.00    0.50    5.75    0.00   93.25

Device            r/s     rkB/s   rrqm/s  %rrqm r_await rareq-sz     w/s     wkB/s   wrqm/s  %wrqm w_await wareq-sz     d/s     dkB/s   drqm/s  %drqm d_await dareq-sz     f/s f_await  aqu-sz  %util
nvme0n1          0.00      0.00     0.00   0.00    0.00     0.00 2975.00  34204.00     0.00   0.00    0.34    11.50    0.00      0.00     0.00   0.00    0.00     0.00  328.00    1.93    1.64  93.90


avg-cpu:  %user   %nice %system %iowait  %steal   %idle
           0.37    0.00    0.37    5.96    0.00   93.30

Device            r/s     rkB/s   rrqm/s  %rrqm r_await rareq-sz     w/s     wkB/s   wrqm/s  %wrqm w_await wareq-sz     d/s     dkB/s   drqm/s  %drqm d_await dareq-sz     f/s f_await  aqu-sz  %util
nvme0n1          0.00      0.00     0.00   0.00    0.00     0.00 2983.00  34304.00     0.00   0.00    0.34    11.50    0.00      0.00     0.00   0.00    0.00     0.00  329.00    1.94    1.66  95.70


avg-cpu:  %user   %nice %system %iowait  %steal   %idle
           0.43    0.00    0.50    5.82    0.00   93.25

Device            r/s     rkB/s   rrqm/s  %rrqm r_await rareq-sz     w/s     wkB/s   wrqm/s  %wrqm w_await wareq-sz     d/s     dkB/s   drqm/s  %drqm d_await dareq-sz     f/s f_await  aqu-sz  %util
nvme0n1          0.00      0.00     0.00   0.00    0.00     0.00 3002.00  34728.00     0.00   0.00    0.33    11.57    0.00      0.00     0.00   0.00    0.00     0.00  326.00    1.94    1.64  94.70


avg-cpu:  %user   %nice %system %iowait  %steal   %idle
           0.50    0.00    0.43    5.76    0.00   93.31

Device            r/s     rkB/s   rrqm/s  %rrqm r_await rareq-sz     w/s     wkB/s   wrqm/s  %wrqm w_await wareq-sz     d/s     dkB/s   drqm/s  %drqm d_await dareq-sz     f/s f_await  aqu-sz  %util
nvme0n1          0.00      0.00     0.00   0.00    0.00     0.00 3017.00  34900.00     0.00   0.00    0.34    11.57    0.00      0.00     0.00   0.00    0.00     0.00  328.00    1.94    1.65  93.50


avg-cpu:  %user   %nice %system %iowait  %steal   %idle
           0.37    0.00    0.50    5.82    0.00   93.31

Device            r/s     rkB/s   rrqm/s  %rrqm r_await rareq-sz     w/s     wkB/s   wrqm/s  %wrqm w_await wareq-sz     d/s     dkB/s   drqm/s  %drqm d_await dareq-sz     f/s f_await  aqu-sz  %util
nvme0n1          0.00      0.00     0.00   0.00    0.00     0.00 3027.00  35008.00     0.00   0.00    0.33    11.57    0.00      0.00     0.00   0.00    0.00     0.00  329.00    1.95    1.66  95.20


avg-cpu:  %user   %nice %system %iowait  %steal   %idle
           0.50    0.00    0.43    5.88    0.00   93.19

Device            r/s     rkB/s   rrqm/s  %rrqm r_await rareq-sz     w/s     wkB/s   wrqm/s  %wrqm w_await wareq-sz     d/s     dkB/s   drqm/s  %drqm d_await dareq-sz     f/s f_await  aqu-sz  %util
nvme0n1          0.00      0.00     0.00   0.00    0.00     0.00 3009.00  34800.00     0.00   0.00    0.34    11.57    0.00      0.00     0.00   0.00    0.00     0.00  327.00    1.94    1.65  95.10


avg-cpu:  %user   %nice %system %iowait  %steal   %idle
           0.37    0.00    0.43    5.90    0.00   93.29

Device            r/s     rkB/s   rrqm/s  %rrqm r_await rareq-sz     w/s     wkB/s   wrqm/s  %wrqm w_await wareq-sz     d/s     dkB/s   drqm/s  %drqm d_await dareq-sz     f/s f_await  aqu-sz  %util
nvme0n1          0.00      0.00     0.00   0.00    0.00     0.00 2991.00  34592.00     0.00   0.00    0.34    11.57    0.00      0.00     0.00   0.00    0.00     0.00  325.00    1.94    1.64  95.70


avg-cpu:  %user   %nice %system %iowait  %steal   %idle
           0.37    0.00    0.56    5.81    0.00   93.27

Device            r/s     rkB/s   rrqm/s  %rrqm r_await rareq-sz     w/s     wkB/s   wrqm/s  %wrqm w_await wareq-sz     d/s     dkB/s   drqm/s  %drqm d_await dareq-sz     f/s f_await  aqu-sz  %util
nvme0n1          0.00      0.00     0.00   0.00    0.00     0.00 2991.00  34592.00     0.00   0.00    0.34    11.57    0.00      0.00     0.00   0.00    0.00     0.00  325.00    1.93    1.64  94.80


avg-cpu:  %user   %nice %system %iowait  %steal   %idle
           0.56    0.00    0.43    5.78    0.00   93.23

Device            r/s     rkB/s   rrqm/s  %rrqm r_await rareq-sz     w/s     wkB/s   wrqm/s  %wrqm w_await wareq-sz     d/s     dkB/s   drqm/s  %drqm d_await dareq-sz     f/s f_await  aqu-sz  %util
nvme0n1          0.00      0.00     0.00   0.00    0.00     0.00 2982.00  34488.00     0.00   0.00    0.34    11.57    0.00      0.00     0.00   0.00    0.00     0.00  324.00    1.94    1.64  94.40


avg-cpu:  %user   %nice %system %iowait  %steal   %idle
           0.37    0.00    0.37    5.85    0.00   93.41

Device            r/s     rkB/s   rrqm/s  %rrqm r_await rareq-sz     w/s     wkB/s   wrqm/s  %wrqm w_await wareq-sz     d/s     dkB/s   drqm/s  %drqm d_await dareq-sz     f/s f_await  aqu-sz  %util
nvme0n1          0.00      0.00     0.00   0.00    0.00     0.00 3018.00  34904.00     0.00   0.00    0.34    11.57    0.00      0.00     0.00   0.00    0.00     0.00  328.00    1.91    1.64  94.20


avg-cpu:  %user   %nice %system %iowait  %steal   %idle
           0.43    0.00    0.43    6.08    0.00   93.06

Device            r/s     rkB/s   rrqm/s  %rrqm r_await rareq-sz     w/s     wkB/s   wrqm/s  %wrqm w_await wareq-sz     d/s     dkB/s   drqm/s  %drqm d_await dareq-sz     f/s f_await  aqu-sz  %util
nvme0n1          0.00      0.00     0.00   0.00    0.00     0.00 2937.00  33968.00     0.00   0.00    0.35    11.57   21.00   4744.00     0.00   0.00    2.43   225.90  319.00    1.92    1.68  94.00


avg-cpu:  %user   %nice %system %iowait  %steal   %idle
           0.43    0.00    0.49    5.80    0.00   93.27

Device            r/s     rkB/s   rrqm/s  %rrqm r_await rareq-sz     w/s     wkB/s   wrqm/s  %wrqm w_await wareq-sz     d/s     dkB/s   drqm/s  %drqm d_await dareq-sz     f/s f_await  aqu-sz  %util
nvme0n1          0.00      0.00     0.00   0.00    0.00     0.00 3029.00  35040.00     0.00   0.00    0.34    11.57    0.00      0.00     0.00   0.00    0.00     0.00  329.00    1.93    1.65  94.80


avg-cpu:  %user   %nice %system %iowait  %steal   %idle
           0.43    0.00    0.43    5.83    0.00   93.30

Device            r/s     rkB/s   rrqm/s  %rrqm r_await rareq-sz     w/s     wkB/s   wrqm/s  %wrqm w_await wareq-sz     d/s     dkB/s   drqm/s  %drqm d_await dareq-sz     f/s f_await  aqu-sz  %util
nvme0n1          0.00      0.00     0.00   0.00    0.00     0.00 3018.00  34904.00     0.00   0.00    0.34    11.57    1.00  20080.00     0.00   0.00    3.00 20080.00  328.00    1.93    1.66  94.30


avg-cpu:  %user   %nice %system %iowait  %steal   %idle
           0.37    0.00    0.56    5.81    0.00   93.26

Device            r/s     rkB/s   rrqm/s  %rrqm r_await rareq-sz     w/s     wkB/s   wrqm/s  %wrqm w_await wareq-sz     d/s     dkB/s   drqm/s  %drqm d_await dareq-sz     f/s f_await  aqu-sz  %util
nvme0n1          0.00      0.00     0.00   0.00    0.00     0.00 3039.00  35148.00     0.00   0.00    0.33    11.57    0.00      0.00     0.00   0.00    0.00     0.00  330.00    1.91    1.64  94.80


avg-cpu:  %user   %nice %system %iowait  %steal   %idle
           0.37    0.00    0.43    5.81    0.00   93.39

Device            r/s     rkB/s   rrqm/s  %rrqm r_await rareq-sz     w/s     wkB/s   wrqm/s  %wrqm w_await wareq-sz     d/s     dkB/s   drqm/s  %drqm d_await dareq-sz     f/s f_await  aqu-sz  %util
nvme0n1          0.00      0.00     0.00   0.00    0.00     0.00 3054.00  35320.00     0.00   0.00    0.33    11.57    0.00      0.00     0.00   0.00    0.00     0.00  332.00    1.91    1.66  94.80


avg-cpu:  %user   %nice %system %iowait  %steal   %idle
           0.43    0.00    0.49    5.69    0.00   93.39

Device            r/s     rkB/s   rrqm/s  %rrqm r_await rareq-sz     w/s     wkB/s   wrqm/s  %wrqm w_await wareq-sz     d/s     dkB/s   drqm/s  %drqm d_await dareq-sz     f/s f_await  aqu-sz  %util
nvme0n1          0.00      0.00     0.00   0.00    0.00     0.00 3029.00  35040.00     0.00   0.00    0.34    11.57    1.00   1040.00     0.00   0.00    2.00  1040.00  329.00    1.92    1.65  93.70


avg-cpu:  %user   %nice %system %iowait  %steal   %idle
           0.37    0.00    0.43    5.93    0.00   93.27

Device            r/s     rkB/s   rrqm/s  %rrqm r_await rareq-sz     w/s     wkB/s   wrqm/s  %wrqm w_await wareq-sz     d/s     dkB/s   drqm/s  %drqm d_await dareq-sz     f/s f_await  aqu-sz  %util
nvme0n1          0.00      0.00     0.00   0.00    0.00     0.00 3012.00  34832.00     0.00   0.00    0.34    11.56    2.00   2544.00     0.00   0.00    2.00  1272.00  328.00    1.93    1.66  95.70


avg-cpu:  %user   %nice %system %iowait  %steal   %idle
           0.43    0.00    0.62    5.75    0.00   93.20

Device            r/s     rkB/s   rrqm/s  %rrqm r_await rareq-sz     w/s     wkB/s   wrqm/s  %wrqm w_await wareq-sz     d/s     dkB/s   drqm/s  %drqm d_await dareq-sz     f/s f_await  aqu-sz  %util
nvme0n1          0.00      0.00     0.00   0.00    0.00     0.00 3489.00  42244.00     0.00   0.00    0.83    12.11    0.00      0.00     0.00   0.00    0.00     0.00  332.00    1.91    3.53  94.40


avg-cpu:  %user   %nice %system %iowait  %steal   %idle
           0.43    0.00    0.37    5.77    0.00   93.43

Device            r/s     rkB/s   rrqm/s  %rrqm r_await rareq-sz     w/s     wkB/s   wrqm/s  %wrqm w_await wareq-sz     d/s     dkB/s   drqm/s  %drqm d_await dareq-sz     f/s f_await  aqu-sz  %util
nvme0n1          0.00      0.00     0.00   0.00    0.00     0.00 2389.00  24428.00     0.00   0.00    0.40    10.23    0.00      0.00     0.00   0.00    0.00     0.00  338.00    1.89    1.60  94.20


avg-cpu:  %user   %nice %system %iowait  %steal   %idle
           0.50    0.00    0.43    5.82    0.00   93.25

Device            r/s     rkB/s   rrqm/s  %rrqm r_await rareq-sz     w/s     wkB/s   wrqm/s  %wrqm w_await wareq-sz     d/s     dkB/s   drqm/s  %drqm d_await dareq-sz     f/s f_await  aqu-sz  %util
nvme0n1          0.00      0.00     0.00   0.00    0.00     0.00 2396.00  24500.00     0.00   0.00    0.40    10.23    0.00      0.00     0.00   0.00    0.00     0.00  339.00    1.88    1.60  93.70


avg-cpu:  %user   %nice %system %iowait  %steal   %idle
           0.49    0.00    0.43    5.81    0.00   93.26

Device            r/s     rkB/s   rrqm/s  %rrqm r_await rareq-sz     w/s     wkB/s   wrqm/s  %wrqm w_await wareq-sz     d/s     dkB/s   drqm/s  %drqm d_await dareq-sz     f/s f_await  aqu-sz  %util
nvme0n1          0.00      0.00     0.00   0.00    0.00     0.00 2369.00  24212.00     0.00   0.00    0.41    10.22    0.00      0.00     0.00   0.00    0.00     0.00  336.00    1.90    1.60  94.20


avg-cpu:  %user   %nice %system %iowait  %steal   %idle
           0.37    0.00    0.49    5.75    0.00   93.38

Device            r/s     rkB/s   rrqm/s  %rrqm r_await rareq-sz     w/s     wkB/s   wrqm/s  %wrqm w_await wareq-sz     d/s     dkB/s   drqm/s  %drqm d_await dareq-sz     f/s f_await  aqu-sz  %util
nvme0n1          0.00      0.00     0.00   0.00    0.00     0.00 2410.00  24644.00     0.00   0.00    0.40    10.23    0.00      0.00     0.00   0.00    0.00     0.00  341.00    1.88    1.61  94.30


avg-cpu:  %user   %nice %system %iowait  %steal   %idle
           0.43    0.00    0.37    5.93    0.00   93.26

Device            r/s     rkB/s   rrqm/s  %rrqm r_await rareq-sz     w/s     wkB/s   wrqm/s  %wrqm w_await wareq-sz     d/s     dkB/s   drqm/s  %drqm d_await dareq-sz     f/s f_await  aqu-sz  %util
nvme0n1          0.00      0.00     0.00   0.00    0.00     0.00 2430.00  24860.00     0.00   0.00    0.40    10.23    0.00      0.00     0.00   0.00    0.00     0.00  343.00    1.89    1.63  96.50


avg-cpu:  %user   %nice %system %iowait  %steal   %idle
           0.37    0.00    0.56    5.80    0.00   93.27

Device            r/s     rkB/s   rrqm/s  %rrqm r_await rareq-sz     w/s     wkB/s   wrqm/s  %wrqm w_await wareq-sz     d/s     dkB/s   drqm/s  %drqm d_await dareq-sz     f/s f_await  aqu-sz  %util
nvme0n1          0.00      0.00     0.00   0.00    0.00     0.00 2410.00  24644.00     0.00   0.00    0.40    10.23    0.00      0.00     0.00   0.00    0.00     0.00  341.00    1.88    1.61  94.90


avg-cpu:  %user   %nice %system %iowait  %steal   %idle
           2.68    0.00    0.97    3.96    0.00   92.39

Device            r/s     rkB/s   rrqm/s  %rrqm r_await rareq-sz     w/s     wkB/s   wrqm/s  %wrqm w_await wareq-sz     d/s     dkB/s   drqm/s  %drqm d_await dareq-sz     f/s f_await  aqu-sz  %util
nvme0n1          0.00      0.00     0.00   0.00    0.00     0.00 1770.00  18168.00     0.00   0.00    0.40    10.26    0.00      0.00     0.00   0.00    0.00     0.00  240.00    1.88    1.15  66.20


avg-cpu:  %user   %nice %system %iowait  %steal   %idle
           1.42    0.00    0.62    1.91    0.00   96.06

Device            r/s     rkB/s   rrqm/s  %rrqm r_await rareq-sz     w/s     wkB/s   wrqm/s  %wrqm w_await wareq-sz     d/s     dkB/s   drqm/s  %drqm d_await dareq-sz     f/s f_await  aqu-sz  %util
nvme0n1          0.00      0.00     0.00   0.00    0.00     0.00  993.00  11568.00     4.00   0.40    0.34    11.65    0.00      0.00     0.00   0.00    0.00     0.00  109.00    1.94    0.55  31.50


avg-cpu:  %user   %nice %system %iowait  %steal   %idle
           0.49    0.00    0.49    5.81    0.00   93.20

Device            r/s     rkB/s   rrqm/s  %rrqm r_await rareq-sz     w/s     wkB/s   wrqm/s  %wrqm w_await wareq-sz     d/s     dkB/s   drqm/s  %drqm d_await dareq-sz     f/s f_await  aqu-sz  %util
nvme0n1          0.00      0.00     0.00   0.00    0.00     0.00 2982.00  34304.00     2.00   0.07    0.34    11.50    0.00      0.00     0.00   0.00    0.00     0.00  330.00    1.95    1.66  95.50


avg-cpu:  %user   %nice %system %iowait  %steal   %idle
           0.56    0.00    0.49    5.87    0.00   93.08

Device            r/s     rkB/s   rrqm/s  %rrqm r_await rareq-sz     w/s     wkB/s   wrqm/s  %wrqm w_await wareq-sz     d/s     dkB/s   drqm/s  %drqm d_await dareq-sz     f/s f_await  aqu-sz  %util
nvme0n1          0.00      0.00     0.00   0.00    0.00     0.00 3011.00  34648.00     0.00   0.00    0.34    11.51    0.00      0.00     0.00   0.00    0.00     0.00  331.00    1.92    1.65  95.40


avg-cpu:  %user   %nice %system %iowait  %steal   %idle
           0.37    0.00    0.50    5.82    0.00   93.31

Device            r/s     rkB/s   rrqm/s  %rrqm r_await rareq-sz     w/s     wkB/s   wrqm/s  %wrqm w_await wareq-sz     d/s     dkB/s   drqm/s  %drqm d_await dareq-sz     f/s f_await  aqu-sz  %util
nvme0n1          0.00      0.00     0.00   0.00    0.00     0.00 2965.00  34096.00     0.00   0.00    0.34    11.50    0.00      0.00     0.00   0.00    0.00     0.00  327.00    1.94    1.64  95.40


avg-cpu:  %user   %nice %system %iowait  %steal   %idle
           0.43    0.00    0.50    5.82    0.00   93.25

Device            r/s     rkB/s   rrqm/s  %rrqm r_await rareq-sz     w/s     wkB/s   wrqm/s  %wrqm w_await wareq-sz     d/s     dkB/s   drqm/s  %drqm d_await dareq-sz     f/s f_await  aqu-sz  %util
nvme0n1          0.00      0.00     0.00   0.00    0.00     0.00 2975.00  34204.00     0.00   0.00    0.34    11.50    0.00      0.00     0.00   0.00    0.00     0.00  328.00    1.95    1.65  95.40


avg-cpu:  %user   %nice %system %iowait  %steal   %idle
           0.43    0.00    0.37    5.88    0.00   93.31

Device            r/s     rkB/s   rrqm/s  %rrqm r_await rareq-sz     w/s     wkB/s   wrqm/s  %wrqm w_await wareq-sz     d/s     dkB/s   drqm/s  %drqm d_await dareq-sz     f/s f_await  aqu-sz  %util
nvme0n1          0.00      0.00     0.00   0.00    0.00     0.00 2965.00  34096.00     0.00   0.00    0.34    11.50    0.00      0.00     0.00   0.00    0.00     0.00  327.00    1.94    1.64  95.20


avg-cpu:  %user   %nice %system %iowait  %steal   %idle
           0.43    0.00    0.43    5.82    0.00   93.31

Device            r/s     rkB/s   rrqm/s  %rrqm r_await rareq-sz     w/s     wkB/s   wrqm/s  %wrqm w_await wareq-sz     d/s     dkB/s   drqm/s  %drqm d_await dareq-sz     f/s f_await  aqu-sz  %util
nvme0n1          0.00      0.00     0.00   0.00    0.00     0.00 2965.00  34096.00     0.00   0.00    0.34    11.50    0.00      0.00     0.00   0.00    0.00     0.00  327.00    1.93    1.65  94.90


avg-cpu:  %user   %nice %system %iowait  %steal   %idle
           0.50    0.00    0.50    5.88    0.00   93.13

Device            r/s     rkB/s   rrqm/s  %rrqm r_await rareq-sz     w/s     wkB/s   wrqm/s  %wrqm w_await wareq-sz     d/s     dkB/s   drqm/s  %drqm d_await dareq-sz     f/s f_await  aqu-sz  %util
nvme0n1          0.00      0.00     0.00   0.00    0.00     0.00 3021.00  34884.00     0.00   0.00    0.34    11.55    0.00      0.00     0.00   0.00    0.00     0.00  330.00    1.95    1.66  95.00


avg-cpu:  %user   %nice %system %iowait  %steal   %idle
           0.43    0.00    0.43    5.83    0.00   93.30

Device            r/s     rkB/s   rrqm/s  %rrqm r_await rareq-sz     w/s     wkB/s   wrqm/s  %wrqm w_await wareq-sz     d/s     dkB/s   drqm/s  %drqm d_await dareq-sz     f/s f_await  aqu-sz  %util
nvme0n1          0.00      0.00     0.00   0.00    0.00     0.00 3008.00  34800.00     0.00   0.00    0.34    11.57    0.00      0.00     0.00   0.00    0.00     0.00  326.00    1.94    1.65  95.40


avg-cpu:  %user   %nice %system %iowait  %steal   %idle
           0.37    0.00    0.49    5.88    0.00   93.26

Device            r/s     rkB/s   rrqm/s  %rrqm r_await rareq-sz     w/s     wkB/s   wrqm/s  %wrqm w_await wareq-sz     d/s     dkB/s   drqm/s  %drqm d_await dareq-sz     f/s f_await  aqu-sz  %util
nvme0n1          0.00      0.00     0.00   0.00    0.00     0.00 3035.00  35108.00     0.00   0.00    0.34    11.57    0.00      0.00     0.00   0.00    0.00     0.00  330.00    1.94    1.66  94.80


avg-cpu:  %user   %nice %system %iowait  %steal   %idle
           0.43    0.00    0.37    5.83    0.00   93.36

Device            r/s     rkB/s   rrqm/s  %rrqm r_await rareq-sz     w/s     wkB/s   wrqm/s  %wrqm w_await wareq-sz     d/s     dkB/s   drqm/s  %drqm d_await dareq-sz     f/s f_await  aqu-sz  %util
nvme0n1          0.00      0.00     0.00   0.00    0.00     0.00 2983.00  34488.00     0.00   0.00    0.34    11.56    0.00      0.00     0.00   0.00    0.00     0.00  325.00    1.95    1.64  95.10


avg-cpu:  %user   %nice %system %iowait  %steal   %idle
           0.50    0.00    0.50    5.76    0.00   93.25

Device            r/s     rkB/s   rrqm/s  %rrqm r_await rareq-sz     w/s     wkB/s   wrqm/s  %wrqm w_await wareq-sz     d/s     dkB/s   drqm/s  %drqm d_await dareq-sz     f/s f_await  aqu-sz  %util
nvme0n1          0.00      0.00     0.00   0.00    0.00     0.00 2991.00  34592.00     0.00   0.00    0.34    11.57    0.00      0.00     0.00   0.00    0.00     0.00  325.00    1.94    1.64  94.40


avg-cpu:  %user   %nice %system %iowait  %steal   %idle
           0.49    0.00    0.43    5.75    0.00   93.32

Device            r/s     rkB/s   rrqm/s  %rrqm r_await rareq-sz     w/s     wkB/s   wrqm/s  %wrqm w_await wareq-sz     d/s     dkB/s   drqm/s  %drqm d_await dareq-sz     f/s f_await  aqu-sz  %util
nvme0n1          0.00      0.00     0.00   0.00    0.00     0.00 2982.00  34488.00     0.00   0.00    0.34    11.57    0.00      0.00     0.00   0.00    0.00     0.00  324.00    1.94    1.64  94.00


avg-cpu:  %user   %nice %system %iowait  %steal   %idle
           0.44    0.00    0.37    5.84    0.00   93.35

Device            r/s     rkB/s   rrqm/s  %rrqm r_await rareq-sz     w/s     wkB/s   wrqm/s  %wrqm w_await wareq-sz     d/s     dkB/s   drqm/s  %drqm d_await dareq-sz     f/s f_await  aqu-sz  %util
nvme0n1          0.00      0.00     0.00   0.00    0.00     0.00 3017.00  34904.00     0.00   0.00    0.34    11.57    0.00      0.00     0.00   0.00    0.00     0.00  327.00    1.93    1.65  94.70


avg-cpu:  %user   %nice %system %iowait  %steal   %idle
           0.50    0.00    0.50    5.89    0.00   93.12

Device            r/s     rkB/s   rrqm/s  %rrqm r_await rareq-sz     w/s     wkB/s   wrqm/s  %wrqm w_await wareq-sz     d/s     dkB/s   drqm/s  %drqm d_await dareq-sz     f/s f_await  aqu-sz  %util
nvme0n1          0.00      0.00     0.00   0.00    0.00     0.00 3001.00  34696.00     0.00   0.00    0.34    11.56    0.00      0.00     0.00   0.00    0.00     0.00  327.00    1.94    1.65  94.80


avg-cpu:  %user   %nice %system %iowait  %steal   %idle
           0.43    0.00    0.37    5.82    0.00   93.37

Device            r/s     rkB/s   rrqm/s  %rrqm r_await rareq-sz     w/s     wkB/s   wrqm/s  %wrqm w_await wareq-sz     d/s     dkB/s   drqm/s  %drqm d_await dareq-sz     f/s f_await  aqu-sz  %util
nvme0n1          0.00      0.00     0.00   0.00    0.00     0.00 3000.00  34696.00     0.00   0.00    0.34    11.57    0.00      0.00     0.00   0.00    0.00     0.00  326.00    1.94    1.65  94.90


avg-cpu:  %user   %nice %system %iowait  %steal   %idle
           0.49    0.00    0.43    5.75    0.00   93.32

Device            r/s     rkB/s   rrqm/s  %rrqm r_await rareq-sz     w/s     wkB/s   wrqm/s  %wrqm w_await wareq-sz     d/s     dkB/s   drqm/s  %drqm d_await dareq-sz     f/s f_await  aqu-sz  %util
nvme0n1          0.00      0.00     0.00   0.00    0.00     0.00 3011.00  34832.00     0.00   0.00    0.34    11.57    0.00      0.00     0.00   0.00    0.00     0.00  327.00    1.93    1.65  93.50


avg-cpu:  %user   %nice %system %iowait  %steal   %idle
           0.50    0.00    0.43    5.77    0.00   93.30

Device            r/s     rkB/s   rrqm/s  %rrqm r_await rareq-sz     w/s     wkB/s   wrqm/s  %wrqm w_await wareq-sz     d/s     dkB/s   drqm/s  %drqm d_await dareq-sz     f/s f_await  aqu-sz  %util
nvme0n1          0.00      0.00     0.00   0.00    0.00     0.00 3000.00  34696.00     0.00   0.00    0.34    11.57    0.00      0.00     0.00   0.00    0.00     0.00  326.00    1.93    1.64  95.40


avg-cpu:  %user   %nice %system %iowait  %steal   %idle
           0.50    0.00    0.43    5.76    0.00   93.31

Device            r/s     rkB/s   rrqm/s  %rrqm r_await rareq-sz     w/s     wkB/s   wrqm/s  %wrqm w_await wareq-sz     d/s     dkB/s   drqm/s  %drqm d_await dareq-sz     f/s f_await  aqu-sz  %util
nvme0n1          0.00      0.00     0.00   0.00    0.00     0.00 3008.00  34800.00     0.00   0.00    0.34    11.57    0.00      0.00     0.00   0.00    0.00     0.00  326.00    1.93    1.64  93.60


avg-cpu:  %user   %nice %system %iowait  %steal   %idle
           0.56    0.00    0.43    5.74    0.00   93.27

Device            r/s     rkB/s   rrqm/s  %rrqm r_await rareq-sz     w/s     wkB/s   wrqm/s  %wrqm w_await wareq-sz     d/s     dkB/s   drqm/s  %drqm d_await dareq-sz     f/s f_await  aqu-sz  %util
nvme0n1          0.00      0.00     0.00   0.00    0.00     0.00 2982.00  34488.00     0.00   0.00    0.34    11.57    0.00      0.00     0.00   0.00    0.00     0.00  324.00    1.93    1.64  94.30


avg-cpu:  %user   %nice %system %iowait  %steal   %idle
           0.37    0.00    0.56    5.83    0.00   93.24

Device            r/s     rkB/s   rrqm/s  %rrqm r_await rareq-sz     w/s     wkB/s   wrqm/s  %wrqm w_await wareq-sz     d/s     dkB/s   drqm/s  %drqm d_await dareq-sz     f/s f_await  aqu-sz  %util
nvme0n1          0.00      0.00     0.00   0.00    0.00     0.00 3039.00  35148.00     0.00   0.00    0.34    11.57    0.00      0.00     0.00   0.00    0.00     0.00  330.00    1.92    1.66  95.20


avg-cpu:  %user   %nice %system %iowait  %steal   %idle
           0.50    0.00    0.31    5.82    0.00   93.37

Device            r/s     rkB/s   rrqm/s  %rrqm r_await rareq-sz     w/s     wkB/s   wrqm/s  %wrqm w_await wareq-sz     d/s     dkB/s   drqm/s  %drqm d_await dareq-sz     f/s f_await  aqu-sz  %util
nvme0n1          0.00      0.00     0.00   0.00    0.00     0.00 3038.00  35144.00     0.00   0.00    0.34    11.57    0.00      0.00     0.00   0.00    0.00     0.00  330.00    1.93    1.66  94.90


avg-cpu:  %user   %nice %system %iowait  %steal   %idle
           0.43    0.00    0.62    5.76    0.00   93.18

Device            r/s     rkB/s   rrqm/s  %rrqm r_await rareq-sz     w/s     wkB/s   wrqm/s  %wrqm w_await wareq-sz     d/s     dkB/s   drqm/s  %drqm d_await dareq-sz     f/s f_await  aqu-sz  %util
nvme0n1          1.00     16.00     0.00   0.00    2.00    16.00 3451.00  41896.00     0.00   0.00    0.66    12.14    0.00      0.00     0.00   0.00    0.00     0.00  327.00    1.92    2.90  93.80


avg-cpu:  %user   %nice %system %iowait  %steal   %idle
           0.43    0.00    0.50    5.82    0.00   93.25

Device            r/s     rkB/s   rrqm/s  %rrqm r_await rareq-sz     w/s     wkB/s   wrqm/s  %wrqm w_await wareq-sz     d/s     dkB/s   drqm/s  %drqm d_await dareq-sz     f/s f_await  aqu-sz  %util
nvme0n1          0.00      0.00     0.00   0.00    0.00     0.00 2402.00  24572.00     0.00   0.00    0.40    10.23    0.00      0.00     0.00   0.00    0.00     0.00  339.00    1.89    1.61  93.70


avg-cpu:  %user   %nice %system %iowait  %steal   %idle
           0.62    0.00    0.37    5.70    0.00   93.30

Device            r/s     rkB/s   rrqm/s  %rrqm r_await rareq-sz     w/s     wkB/s   wrqm/s  %wrqm w_await wareq-sz     d/s     dkB/s   drqm/s  %drqm d_await dareq-sz     f/s f_await  aqu-sz  %util
nvme0n1          0.00      0.00     0.00   0.00    0.00     0.00 2389.00  24428.00     0.00   0.00    0.40    10.23    0.00      0.00     0.00   0.00    0.00     0.00  338.00    1.89    1.60  92.90


avg-cpu:  %user   %nice %system %iowait  %steal   %idle
           0.43    0.00    0.50    5.82    0.00   93.25

Device            r/s     rkB/s   rrqm/s  %rrqm r_await rareq-sz     w/s     wkB/s   wrqm/s  %wrqm w_await wareq-sz     d/s     dkB/s   drqm/s  %drqm d_await dareq-sz     f/s f_await  aqu-sz  %util
nvme0n1          0.00      0.00     0.00   0.00    0.00     0.00 2404.00  24572.00     0.00   0.00    0.41    10.22    0.00      0.00     0.00   0.00    0.00     0.00  341.00    1.89    1.62  94.70


avg-cpu:  %user   %nice %system %iowait  %steal   %idle
           0.43    0.00    0.31    5.89    0.00   93.37

Device            r/s     rkB/s   rrqm/s  %rrqm r_await rareq-sz     w/s     wkB/s   wrqm/s  %wrqm w_await wareq-sz     d/s     dkB/s   drqm/s  %drqm d_await dareq-sz     f/s f_await  aqu-sz  %util
nvme0n1          0.00      0.00     0.00   0.00    0.00     0.00 2437.00  24932.00     0.00   0.00    0.40    10.23    0.00      0.00     0.00   0.00    0.00     0.00  344.00    1.88    1.62  95.40


avg-cpu:  %user   %nice %system %iowait  %steal   %idle
           0.43    0.00    0.43    5.82    0.00   93.32

Device            r/s     rkB/s   rrqm/s  %rrqm r_await rareq-sz     w/s     wkB/s   wrqm/s  %wrqm w_await wareq-sz     d/s     dkB/s   drqm/s  %drqm d_await dareq-sz     f/s f_await  aqu-sz  %util
nvme0n1          0.00      0.00     0.00   0.00    0.00     0.00 2403.00  24572.00     0.00   0.00    0.40    10.23    0.00      0.00     0.00   0.00    0.00     0.00  340.00    1.89    1.61  94.70


avg-cpu:  %user   %nice %system %iowait  %steal   %idle
           0.43    0.00    0.50    5.82    0.00   93.25

Device            r/s     rkB/s   rrqm/s  %rrqm r_await rareq-sz     w/s     wkB/s   wrqm/s  %wrqm w_await wareq-sz     d/s     dkB/s   drqm/s  %drqm d_await dareq-sz     f/s f_await  aqu-sz  %util
nvme0n1          0.00      0.00     0.00   0.00    0.00     0.00 2417.00  24716.00     0.00   0.00    0.40    10.23    0.00      0.00     0.00   0.00    0.00     0.00  342.00    1.89    1.62  94.90


avg-cpu:  %user   %nice %system %iowait  %steal   %idle
           0.37    0.00    0.43    5.89    0.00   93.31

Device            r/s     rkB/s   rrqm/s  %rrqm r_await rareq-sz     w/s     wkB/s   wrqm/s  %wrqm w_await wareq-sz     d/s     dkB/s   drqm/s  %drqm d_await dareq-sz     f/s f_await  aqu-sz  %util
nvme0n1          0.00      0.00     0.00   0.00    0.00     0.00 2425.00  24844.00     0.00   0.00    0.40    10.24    0.00      0.00     0.00   0.00    0.00     0.00  342.00    1.89    1.62  95.50


