Linux 7.2.6-200.fc44.x86_64 (fedora.fritz.box) 	09/26/2026 	_x86_64_	(16 CPU)

avg-cpu:  %user   %nice %system %iowait  %steal   %idle
           1.21    0.01    0.44    0.12    0.00   98.22

Device            r/s     rkB/s   rrqm/s  %rrqm r_await rareq-sz     w/s     wkB/s   wrqm/s  %wrqm w_await wareq-sz     d/s     dkB/s   drqm/s  %drqm d_await dareq-sz     f/s f_await  aqu-sz  %util
nvme0n1         10.57    363.60     0.68   6.05    0.99    34.39   79.65   1105.68     0.12   0.15    0.72    13.88    0.58    235.28     0.00   0.00    1.55   406.19    5.34    1.95    0.08   2.00


avg-cpu:  %user   %nice %system %iowait  %steal   %idle
           3.66    0.00    1.04    0.18    0.00   95.12

Device            r/s     rkB/s   rrqm/s  %rrqm r_await rareq-sz     w/s     wkB/s   wrqm/s  %wrqm w_await wareq-sz     d/s     dkB/s   drqm/s  %drqm d_await dareq-sz     f/s f_await  aqu-sz  %util
nvme0n1          0.00      0.00     0.00   0.00    0.00     0.00  130.00   1852.00     1.00   0.76    0.31    14.25    0.00      0.00     0.00   0.00    0.00     0.00   11.00    2.09    0.06   3.30


avg-cpu:  %user   %nice %system %iowait  %steal   %idle
           3.98    0.00    0.67    0.06    0.00   95.28

Device            r/s     rkB/s   rrqm/s  %rrqm r_await rareq-sz     w/s     wkB/s   wrqm/s  %wrqm w_await wareq-sz     d/s     dkB/s   drqm/s  %drqm d_await dareq-sz     f/s f_await  aqu-sz  %util
nvme0n1          0.00      0.00     0.00   0.00    0.00     0.00   40.00    504.00     0.00   0.00    0.47    12.60    0.00      0.00     0.00   0.00    0.00     0.00    4.00    2.00    0.03   1.50


avg-cpu:  %user   %nice %system %iowait  %steal   %idle
           2.33    0.00    0.61    0.12    0.00   96.94

Device            r/s     rkB/s   rrqm/s  %rrqm r_await rareq-sz     w/s     wkB/s   wrqm/s  %wrqm w_await wareq-sz     d/s     dkB/s   drqm/s  %drqm d_await dareq-sz     f/s f_await  aqu-sz  %util
nvme0n1          0.00      0.00     0.00   0.00    0.00     0.00   60.00   1252.00     0.00   0.00    0.32    20.87    0.00      0.00     0.00   0.00    0.00     0.00    5.00    1.80    0.03   1.40


avg-cpu:  %user   %nice %system %iowait  %steal   %idle
           2.27    0.00    0.67    0.00    0.00   97.06

Device            r/s     rkB/s   rrqm/s  %rrqm r_await rareq-sz     w/s     wkB/s   wrqm/s  %wrqm w_await wareq-sz     d/s     dkB/s   drqm/s  %drqm d_await dareq-sz     f/s f_await  aqu-sz  %util
nvme0n1          0.00      0.00     0.00   0.00    0.00     0.00   22.00    272.00     0.00   0.00    0.36    12.36    0.00      0.00     0.00   0.00    0.00     0.00    2.00    2.00    0.01   0.70


avg-cpu:  %user   %nice %system %iowait  %steal   %idle
           2.83    0.00    0.74    0.06    0.00   96.37

Device            r/s     rkB/s   rrqm/s  %rrqm r_await rareq-sz     w/s     wkB/s   wrqm/s  %wrqm w_await wareq-sz     d/s     dkB/s   drqm/s  %drqm d_await dareq-sz     f/s f_await  aqu-sz  %util
nvme0n1          0.00      0.00     0.00   0.00    0.00     0.00   22.00    272.00     0.00   0.00    0.32    12.36    0.00      0.00     0.00   0.00    0.00     0.00    2.00    1.50    0.01   0.70


avg-cpu:  %user   %nice %system %iowait  %steal   %idle
           3.18    0.00    0.86    0.12    0.00   95.85

Device            r/s     rkB/s   rrqm/s  %rrqm r_await rareq-sz     w/s     wkB/s   wrqm/s  %wrqm w_await wareq-sz     d/s     dkB/s   drqm/s  %drqm d_await dareq-sz     f/s f_await  aqu-sz  %util
nvme0n1          0.00      0.00     0.00   0.00    0.00     0.00   52.00    668.00     0.00   0.00    0.40    12.85    0.00      0.00     0.00   0.00    0.00     0.00    5.00    2.00    0.03   1.60


avg-cpu:  %user   %nice %system %iowait  %steal   %idle
           7.60    0.00    1.60    0.06    0.00   90.74

Device            r/s     rkB/s   rrqm/s  %rrqm r_await rareq-sz     w/s     wkB/s   wrqm/s  %wrqm w_await wareq-sz     d/s     dkB/s   drqm/s  %drqm d_await dareq-sz     f/s f_await  aqu-sz  %util
nvme0n1          0.00      0.00     0.00   0.00    0.00     0.00   42.00    536.00     0.00   0.00    0.36    12.76    0.00      0.00     0.00   0.00    0.00     0.00    4.00    2.00    0.02   1.40


avg-cpu:  %user   %nice %system %iowait  %steal   %idle
           2.66    0.00    0.83    0.00    0.00   96.52

Device            r/s     rkB/s   rrqm/s  %rrqm r_await rareq-sz     w/s     wkB/s   wrqm/s  %wrqm w_await wareq-sz     d/s     dkB/s   drqm/s  %drqm d_await dareq-sz     f/s f_await  aqu-sz  %util
nvme0n1          0.00      0.00     0.00   0.00    0.00     0.00   22.00    272.00     0.00   0.00    0.32    12.36    0.00      0.00     0.00   0.00    0.00     0.00    2.00    2.00    0.01   0.60


avg-cpu:  %user   %nice %system %iowait  %steal   %idle
           4.49    0.00    1.00    0.12    0.00   94.39

Device            r/s     rkB/s   rrqm/s  %rrqm r_await rareq-sz     w/s     wkB/s   wrqm/s  %wrqm w_await wareq-sz     d/s     dkB/s   drqm/s  %drqm d_await dareq-sz     f/s f_await  aqu-sz  %util
nvme0n1          0.00      0.00     0.00   0.00    0.00     0.00  487.00   6732.00     2.00   0.41    1.08    13.82    0.00      0.00     0.00   0.00    0.00     0.00    6.00    1.83    0.54   2.00


avg-cpu:  %user   %nice %system %iowait  %steal   %idle
           4.73    0.00    1.01    0.06    0.00   94.20

Device            r/s     rkB/s   rrqm/s  %rrqm r_await rareq-sz     w/s     wkB/s   wrqm/s  %wrqm w_await wareq-sz     d/s     dkB/s   drqm/s  %drqm d_await dareq-sz     f/s f_await  aqu-sz  %util
nvme0n1          0.00      0.00     0.00   0.00    0.00     0.00  565.00   8900.00     0.00   0.00    2.58    15.75    0.00      0.00     0.00   0.00    0.00     0.00    3.00    2.00    1.46   1.30


avg-cpu:  %user   %nice %system %iowait  %steal   %idle
           3.60    0.00    0.83    0.06    0.00   95.52

Device            r/s     rkB/s   rrqm/s  %rrqm r_await rareq-sz     w/s     wkB/s   wrqm/s  %wrqm w_await wareq-sz     d/s     dkB/s   drqm/s  %drqm d_await dareq-sz     f/s f_await  aqu-sz  %util
nvme0n1          0.00      0.00     0.00   0.00    0.00     0.00   14.00    144.00     0.00   0.00    0.43    10.29    0.00      0.00     0.00   0.00    0.00     0.00    2.00    1.50    0.01   0.60


avg-cpu:  %user   %nice %system %iowait  %steal   %idle
           5.14    0.00    1.12    0.18    0.00   93.56

Device            r/s     rkB/s   rrqm/s  %rrqm r_await rareq-sz     w/s     wkB/s   wrqm/s  %wrqm w_await wareq-sz     d/s     dkB/s   drqm/s  %drqm d_await dareq-sz     f/s f_await  aqu-sz  %util
nvme0n1          0.00      0.00     0.00   0.00    0.00     0.00   65.00    612.00     0.00   0.00    0.45     9.42    1.00    248.00     0.00   0.00    2.00   248.00    8.00    1.88    0.05   2.90


avg-cpu:  %user   %nice %system %iowait  %steal   %idle
           3.72    0.00    1.00    0.00    0.00   95.28

Device            r/s     rkB/s   rrqm/s  %rrqm r_await rareq-sz     w/s     wkB/s   wrqm/s  %wrqm w_await wareq-sz     d/s     dkB/s   drqm/s  %drqm d_await dareq-sz     f/s f_await  aqu-sz  %util
nvme0n1          0.00      0.00     0.00   0.00    0.00     0.00   14.00    144.00     0.00   0.00    0.50    10.29    0.00      0.00     0.00   0.00    0.00     0.00    2.00    2.00    0.01   0.60


avg-cpu:  %user   %nice %system %iowait  %steal   %idle
           3.88    0.00    0.94    0.12    0.00   95.06

Device            r/s     rkB/s   rrqm/s  %rrqm r_await rareq-sz     w/s     wkB/s   wrqm/s  %wrqm w_await wareq-sz     d/s     dkB/s   drqm/s  %drqm d_await dareq-sz     f/s f_await  aqu-sz  %util
nvme0n1          0.00      0.00     0.00   0.00    0.00     0.00   42.00    432.00     0.00   0.00    0.45    10.29    0.00      0.00     0.00   0.00    0.00     0.00    6.00    1.83    0.03   1.60


avg-cpu:  %user   %nice %system %iowait  %steal   %idle
           3.70    0.00    0.94    0.00    0.00   95.36

Device            r/s     rkB/s   rrqm/s  %rrqm r_await rareq-sz     w/s     wkB/s   wrqm/s  %wrqm w_await wareq-sz     d/s     dkB/s   drqm/s  %drqm d_await dareq-sz     f/s f_await  aqu-sz  %util
nvme0n1          0.00      0.00     0.00   0.00    0.00     0.00   16.00    212.00     0.00   0.00    0.50    13.25    0.00      0.00     0.00   0.00    0.00     0.00    2.00    2.00    0.01   0.60


avg-cpu:  %user   %nice %system %iowait  %steal   %idle
           2.96    0.00    0.89    0.06    0.00   96.09

Device            r/s     rkB/s   rrqm/s  %rrqm r_await rareq-sz     w/s     wkB/s   wrqm/s  %wrqm w_await wareq-sz     d/s     dkB/s   drqm/s  %drqm d_await dareq-sz     f/s f_await  aqu-sz  %util
nvme0n1          0.00      0.00     0.00   0.00    0.00     0.00   14.00    144.00     0.00   0.00    0.43    10.29    0.00      0.00     0.00   0.00    0.00     0.00    2.00    2.00    0.01   0.60


avg-cpu:  %user   %nice %system %iowait  %steal   %idle
           2.43    0.00    0.71    0.06    0.00   96.79

Device            r/s     rkB/s   rrqm/s  %rrqm r_await rareq-sz     w/s     wkB/s   wrqm/s  %wrqm w_await wareq-sz     d/s     dkB/s   drqm/s  %drqm d_await dareq-sz     f/s f_await  aqu-sz  %util
nvme0n1          0.00      0.00     0.00   0.00    0.00     0.00   26.00    280.00     0.00   0.00    0.58    10.77    0.00      0.00     0.00   0.00    0.00     0.00    4.00    2.00    0.02   1.30


avg-cpu:  %user   %nice %system %iowait  %steal   %idle
           2.30    0.00    0.71    0.06    0.00   96.93

Device            r/s     rkB/s   rrqm/s  %rrqm r_await rareq-sz     w/s     wkB/s   wrqm/s  %wrqm w_await wareq-sz     d/s     dkB/s   drqm/s  %drqm d_await dareq-sz     f/s f_await  aqu-sz  %util
nvme0n1          0.00      0.00     0.00   0.00    0.00     0.00   14.00    144.00     0.00   0.00    0.43    10.29    0.00      0.00     0.00   0.00    0.00     0.00    2.00    1.50    0.01   0.70


avg-cpu:  %user   %nice %system %iowait  %steal   %idle
           2.14    0.00    0.60    0.00    0.00   97.26

Device            r/s     rkB/s   rrqm/s  %rrqm r_await rareq-sz     w/s     wkB/s   wrqm/s  %wrqm w_await wareq-sz     d/s     dkB/s   drqm/s  %drqm d_await dareq-sz     f/s f_await  aqu-sz  %util
nvme0n1          0.00      0.00     0.00   0.00    0.00     0.00   14.00    144.00     0.00   0.00    0.43    10.29    0.00      0.00     0.00   0.00    0.00     0.00    2.00    2.00    0.01   0.70


avg-cpu:  %user   %nice %system %iowait  %steal   %idle
           2.59    0.00    0.71    0.06    0.00   96.64

Device            r/s     rkB/s   rrqm/s  %rrqm r_await rareq-sz     w/s     wkB/s   wrqm/s  %wrqm w_await wareq-sz     d/s     dkB/s   drqm/s  %drqm d_await dareq-sz     f/s f_await  aqu-sz  %util
nvme0n1          0.00      0.00     0.00   0.00    0.00     0.00   23.00    408.00     0.00   0.00    0.48    17.74    0.00      0.00     0.00   0.00    0.00     0.00    2.00    2.00    0.01   0.60


avg-cpu:  %user   %nice %system %iowait  %steal   %idle
           4.04    0.00    1.13    0.18    0.00   94.65

Device            r/s     rkB/s   rrqm/s  %rrqm r_await rareq-sz     w/s     wkB/s   wrqm/s  %wrqm w_await wareq-sz     d/s     dkB/s   drqm/s  %drqm d_await dareq-sz     f/s f_await  aqu-sz  %util
nvme0n1          0.00      0.00     0.00   0.00    0.00     0.00   91.00   1652.00     0.00   0.00    0.36    18.15    0.00      0.00     0.00   0.00    0.00     0.00    9.00    1.89    0.05   2.70


avg-cpu:  %user   %nice %system %iowait  %steal   %idle
           2.47    0.00    1.18    0.06    0.00   96.29

Device            r/s     rkB/s   rrqm/s  %rrqm r_await rareq-sz     w/s     wkB/s   wrqm/s  %wrqm w_await wareq-sz     d/s     dkB/s   drqm/s  %drqm d_await dareq-sz     f/s f_await  aqu-sz  %util
nvme0n1          0.00      0.00     0.00   0.00    0.00     0.00   26.00    280.00     0.00   0.00    0.46    10.77    0.00      0.00     0.00   0.00    0.00     0.00    4.00    1.75    0.02   1.20


avg-cpu:  %user   %nice %system %iowait  %steal   %idle
           1.19    0.00    0.71    0.24    0.00   97.87

Device            r/s     rkB/s   rrqm/s  %rrqm r_await rareq-sz     w/s     wkB/s   wrqm/s  %wrqm w_await wareq-sz     d/s     dkB/s   drqm/s  %drqm d_await dareq-sz     f/s f_await  aqu-sz  %util
nvme0n1          0.00      0.00     0.00   0.00    0.00     0.00   91.00   1192.00     2.00   2.15    0.52    13.10    0.00      0.00     0.00   0.00    0.00     0.00   12.00    1.92    0.07   3.30


avg-cpu:  %user   %nice %system %iowait  %steal   %idle
           1.31    0.00    0.65    0.06    0.00   97.98

Device            r/s     rkB/s   rrqm/s  %rrqm r_await rareq-sz     w/s     wkB/s   wrqm/s  %wrqm w_await wareq-sz     d/s     dkB/s   drqm/s  %drqm d_await dareq-sz     f/s f_await  aqu-sz  %util
nvme0n1          0.00      0.00     0.00   0.00    0.00     0.00   14.00    144.00     0.00   0.00    0.50    10.29    0.00      0.00     0.00   0.00    0.00     0.00    2.00    2.00    0.01   0.80


avg-cpu:  %user   %nice %system %iowait  %steal   %idle
           1.19    0.00    0.65    0.00    0.00   98.16

Device            r/s     rkB/s   rrqm/s  %rrqm r_await rareq-sz     w/s     wkB/s   wrqm/s  %wrqm w_await wareq-sz     d/s     dkB/s   drqm/s  %drqm d_await dareq-sz     f/s f_await  aqu-sz  %util
nvme0n1          0.00      0.00     0.00   0.00    0.00     0.00   15.00    148.00     0.00   0.00    0.40     9.87    0.00      0.00     0.00   0.00    0.00     0.00    2.00    2.00    0.01   0.60


avg-cpu:  %user   %nice %system %iowait  %steal   %idle
           1.49    0.00    0.65    0.12    0.00   97.74

Device            r/s     rkB/s   rrqm/s  %rrqm r_await rareq-sz     w/s     wkB/s   wrqm/s  %wrqm w_await wareq-sz     d/s     dkB/s   drqm/s  %drqm d_await dareq-sz     f/s f_await  aqu-sz  %util
nvme0n1          0.00      0.00     0.00   0.00    0.00     0.00   65.00    936.00     0.00   0.00    0.40    14.40    0.00      0.00     0.00   0.00    0.00     0.00    6.00    2.00    0.04   2.00


avg-cpu:  %user   %nice %system %iowait  %steal   %idle
           1.52    0.00    0.67    0.06    0.00   97.75

Device            r/s     rkB/s   rrqm/s  %rrqm r_await rareq-sz     w/s     wkB/s   wrqm/s  %wrqm w_await wareq-sz     d/s     dkB/s   drqm/s  %drqm d_await dareq-sz     f/s f_await  aqu-sz  %util
nvme0n1          0.00      0.00     0.00   0.00    0.00     0.00   40.00    504.00     0.00   0.00    0.42    12.60    0.00      0.00     0.00   0.00    0.00     0.00    4.00    2.00    0.03   1.40


avg-cpu:  %user   %nice %system %iowait  %steal   %idle
           1.11    0.00    0.43    0.06    0.00   98.40

Device            r/s     rkB/s   rrqm/s  %rrqm r_await rareq-sz     w/s     wkB/s   wrqm/s  %wrqm w_await wareq-sz     d/s     dkB/s   drqm/s  %drqm d_await dareq-sz     f/s f_await  aqu-sz  %util
nvme0n1          0.00      0.00     0.00   0.00    0.00     0.00   22.00    272.00     0.00   0.00    0.36    12.36    0.00      0.00     0.00   0.00    0.00     0.00    2.00    2.00    0.01   0.60


avg-cpu:  %user   %nice %system %iowait  %steal   %idle
           1.11    0.00    0.49    0.00    0.00   98.40

Device            r/s     rkB/s   rrqm/s  %rrqm r_await rareq-sz     w/s     wkB/s   wrqm/s  %wrqm w_await wareq-sz     d/s     dkB/s   drqm/s  %drqm d_await dareq-sz     f/s f_await  aqu-sz  %util
nvme0n1          0.00      0.00     0.00   0.00    0.00     0.00   22.00    272.00     0.00   0.00    0.32    12.36    0.00      0.00     0.00   0.00    0.00     0.00    2.00    1.50    0.01   0.60


avg-cpu:  %user   %nice %system %iowait  %steal   %idle
           3.62    0.00    0.86    0.18    0.00   95.34

Device            r/s     rkB/s   rrqm/s  %rrqm r_await rareq-sz     w/s     wkB/s   wrqm/s  %wrqm w_await wareq-sz     d/s     dkB/s   drqm/s  %drqm d_await dareq-sz     f/s f_await  aqu-sz  %util
nvme0n1          0.00      0.00     0.00   0.00    0.00     0.00   98.00   1820.00     0.00   0.00    0.36    18.57    0.00      0.00     0.00   0.00    0.00     0.00    9.00    2.11    0.05   2.80


avg-cpu:  %user   %nice %system %iowait  %steal   %idle
           2.50    0.00    0.85    0.06    0.00   96.59

Device            r/s     rkB/s   rrqm/s  %rrqm r_await rareq-sz     w/s     wkB/s   wrqm/s  %wrqm w_await wareq-sz     d/s     dkB/s   drqm/s  %drqm d_await dareq-sz     f/s f_await  aqu-sz  %util
nvme0n1          0.00      0.00     0.00   0.00    0.00     0.00   35.00    472.00     0.00   0.00    0.23    13.49    0.00      0.00     0.00   0.00    0.00     0.00    2.00    1.50    0.01   0.70


avg-cpu:  %user   %nice %system %iowait  %steal   %idle
           1.24    0.00    0.56    0.12    0.00   98.08

Device            r/s     rkB/s   rrqm/s  %rrqm r_await rareq-sz     w/s     wkB/s   wrqm/s  %wrqm w_await wareq-sz     d/s     dkB/s   drqm/s  %drqm d_await dareq-sz     f/s f_await  aqu-sz  %util
nvme0n1          0.00      0.00     0.00   0.00    0.00     0.00  100.00   1244.00     0.00   0.00    0.33    12.44    0.00      0.00     0.00   0.00    0.00     0.00    9.00    2.00    0.05   2.80


avg-cpu:  %user   %nice %system %iowait  %steal   %idle
           1.88    0.00    0.75    0.13    0.00   97.24

Device            r/s     rkB/s   rrqm/s  %rrqm r_await rareq-sz     w/s     wkB/s   wrqm/s  %wrqm w_await wareq-sz     d/s     dkB/s   drqm/s  %drqm d_await dareq-sz     f/s f_await  aqu-sz  %util
nvme0n1          0.00      0.00     0.00   0.00    0.00     0.00   81.00   1196.00     0.00   0.00    0.30    14.77    0.00      0.00     0.00   0.00    0.00     0.00    7.00    1.86    0.04   2.00


avg-cpu:  %user   %nice %system %iowait  %steal   %idle
           1.64    0.00    0.82    0.06    0.00   97.48

Device            r/s     rkB/s   rrqm/s  %rrqm r_await rareq-sz     w/s     wkB/s   wrqm/s  %wrqm w_await wareq-sz     d/s     dkB/s   drqm/s  %drqm d_await dareq-sz     f/s f_await  aqu-sz  %util
nvme0n1          0.00      0.00     0.00   0.00    0.00     0.00   22.00    272.00     0.00   0.00    0.36    12.36    0.00      0.00     0.00   0.00    0.00     0.00    2.00    2.00    0.01   0.70


avg-cpu:  %user   %nice %system %iowait  %steal   %idle
           1.61    0.00    0.99    0.06    0.00   97.34

Device            r/s     rkB/s   rrqm/s  %rrqm r_await rareq-sz     w/s     wkB/s   wrqm/s  %wrqm w_await wareq-sz     d/s     dkB/s   drqm/s  %drqm d_await dareq-sz     f/s f_await  aqu-sz  %util
nvme0n1          0.00      0.00     0.00   0.00    0.00     0.00   22.00    272.00     0.00   0.00    0.32    12.36    0.00      0.00     0.00   0.00    0.00     0.00    2.00    2.00    0.01   0.60


avg-cpu:  %user   %nice %system %iowait  %steal   %idle
           1.70    0.00    0.82    0.00    0.00   97.49

Device            r/s     rkB/s   rrqm/s  %rrqm r_await rareq-sz     w/s     wkB/s   wrqm/s  %wrqm w_await wareq-sz     d/s     dkB/s   drqm/s  %drqm d_await dareq-sz     f/s f_await  aqu-sz  %util
nvme0n1          0.00      0.00     0.00   0.00    0.00     0.00   34.00    408.00     0.00   0.00    0.38    12.00    0.00      0.00     0.00   0.00    0.00     0.00    2.00    1.50    0.02   0.70


avg-cpu:  %user   %nice %system %iowait  %steal   %idle
           1.76    0.00    0.75    0.06    0.00   97.42

Device            r/s     rkB/s   rrqm/s  %rrqm r_await rareq-sz     w/s     wkB/s   wrqm/s  %wrqm w_await wareq-sz     d/s     dkB/s   drqm/s  %drqm d_await dareq-sz     f/s f_await  aqu-sz  %util
nvme0n1          0.00      0.00     0.00   0.00    0.00     0.00   40.00    504.00     0.00   0.00    0.40    12.60    0.00      0.00     0.00   0.00    0.00     0.00    4.00    1.75    0.02   1.30


avg-cpu:  %user   %nice %system %iowait  %steal   %idle
           1.77    0.00    0.76    0.06    0.00   97.41

Device            r/s     rkB/s   rrqm/s  %rrqm r_await rareq-sz     w/s     wkB/s   wrqm/s  %wrqm w_await wareq-sz     d/s     dkB/s   drqm/s  %drqm d_await dareq-sz     f/s f_await  aqu-sz  %util
nvme0n1          0.00      0.00     0.00   0.00    0.00     0.00   23.00    304.00     0.00   0.00    0.35    13.22    0.00      0.00     0.00   0.00    0.00     0.00    2.00    2.00    0.01   0.80


avg-cpu:  %user   %nice %system %iowait  %steal   %idle
           1.27    0.00    0.76    0.06    0.00   97.91

Device            r/s     rkB/s   rrqm/s  %rrqm r_await rareq-sz     w/s     wkB/s   wrqm/s  %wrqm w_await wareq-sz     d/s     dkB/s   drqm/s  %drqm d_await dareq-sz     f/s f_await  aqu-sz  %util
nvme0n1          0.00      0.00     0.00   0.00    0.00     0.00   22.00    272.00     0.00   0.00    0.32    12.36    0.00      0.00     0.00   0.00    0.00     0.00    2.00    2.00    0.01   0.80


avg-cpu:  %user   %nice %system %iowait  %steal   %idle
           1.26    0.00    0.88    0.13    0.00   97.73

Device            r/s     rkB/s   rrqm/s  %rrqm r_await rareq-sz     w/s     wkB/s   wrqm/s  %wrqm w_await wareq-sz     d/s     dkB/s   drqm/s  %drqm d_await dareq-sz     f/s f_await  aqu-sz  %util
nvme0n1          0.00      0.00     0.00   0.00    0.00     0.00 1075.00  17028.00     0.00   0.00    2.36    15.84    3.00   1608.00     0.00   0.00    1.33   536.00    4.00    2.00    2.55   2.40


avg-cpu:  %user   %nice %system %iowait  %steal   %idle
           1.52    0.00    0.82    0.00    0.00   97.66

Device            r/s     rkB/s   rrqm/s  %rrqm r_await rareq-sz     w/s     wkB/s   wrqm/s  %wrqm w_await wareq-sz     d/s     dkB/s   drqm/s  %drqm d_await dareq-sz     f/s f_await  aqu-sz  %util
nvme0n1          0.00      0.00     0.00   0.00    0.00     0.00   18.00    164.00     0.00   0.00    0.44     9.11    0.00      0.00     0.00   0.00    0.00     0.00    2.00    1.50    0.01   0.60


avg-cpu:  %user   %nice %system %iowait  %steal   %idle
           1.52    0.00    0.63    0.13    0.00   97.72

Device            r/s     rkB/s   rrqm/s  %rrqm r_await rareq-sz     w/s     wkB/s   wrqm/s  %wrqm w_await wareq-sz     d/s     dkB/s   drqm/s  %drqm d_await dareq-sz     f/s f_await  aqu-sz  %util
nvme0n1          0.00      0.00     0.00   0.00    0.00     0.00   42.00    432.00     0.00   0.00    0.45    10.29    2.00    812.00     0.00   0.00    1.50   406.00    6.00    2.00    0.03   1.90


avg-cpu:  %user   %nice %system %iowait  %steal   %idle
           2.97    0.00    0.99    0.06    0.00   95.98

Device            r/s     rkB/s   rrqm/s  %rrqm r_await rareq-sz     w/s     wkB/s   wrqm/s  %wrqm w_await wareq-sz     d/s     dkB/s   drqm/s  %drqm d_await dareq-sz     f/s f_await  aqu-sz  %util
nvme0n1          0.00      0.00     0.00   0.00    0.00     0.00   26.00    280.00     0.00   0.00    0.46    10.77    0.00      0.00     0.00   0.00    0.00     0.00    4.00    1.75    0.02   1.20


avg-cpu:  %user   %nice %system %iowait  %steal   %idle
           2.87    0.00    0.94    0.06    0.00   96.13

Device            r/s     rkB/s   rrqm/s  %rrqm r_await rareq-sz     w/s     wkB/s   wrqm/s  %wrqm w_await wareq-sz     d/s     dkB/s   drqm/s  %drqm d_await dareq-sz     f/s f_await  aqu-sz  %util
nvme0n1          0.00      0.00     0.00   0.00    0.00     0.00   14.00    144.00     0.00   0.00    0.43    10.29    0.00      0.00     0.00   0.00    0.00     0.00    2.00    2.00    0.01   0.60


avg-cpu:  %user   %nice %system %iowait  %steal   %idle
           1.64    0.00    0.82    0.00    0.00   97.54

Device            r/s     rkB/s   rrqm/s  %rrqm r_await rareq-sz     w/s     wkB/s   wrqm/s  %wrqm w_await wareq-sz     d/s     dkB/s   drqm/s  %drqm d_await dareq-sz     f/s f_await  aqu-sz  %util
nvme0n1          0.00      0.00     0.00   0.00    0.00     0.00   19.00    264.00     0.00   0.00    0.47    13.89    0.00      0.00     0.00   0.00    0.00     0.00    2.00    2.00    0.01   0.70


avg-cpu:  %user   %nice %system %iowait  %steal   %idle
           1.38    0.00    0.82    0.13    0.00   97.67

Device            r/s     rkB/s   rrqm/s  %rrqm r_await rareq-sz     w/s     wkB/s   wrqm/s  %wrqm w_await wareq-sz     d/s     dkB/s   drqm/s  %drqm d_await dareq-sz     f/s f_await  aqu-sz  %util
nvme0n1          0.00      0.00     0.00   0.00    0.00     0.00   70.00   1480.00     0.00   0.00    0.13    21.14    0.00      0.00     0.00   0.00    0.00     0.00    2.00    1.50    0.01   0.60


avg-cpu:  %user   %nice %system %iowait  %steal   %idle
           1.45    0.00    0.82    0.13    0.00   97.61

Device            r/s     rkB/s   rrqm/s  %rrqm r_await rareq-sz     w/s     wkB/s   wrqm/s  %wrqm w_await wareq-sz     d/s     dkB/s   drqm/s  %drqm d_await dareq-sz     f/s f_await  aqu-sz  %util
nvme0n1          0.00      0.00     0.00   0.00    0.00     0.00   57.00   1324.00     0.00   0.00    0.46    23.23    0.00      0.00     0.00   0.00    0.00     0.00    7.00    2.00    0.04   2.20


avg-cpu:  %user   %nice %system %iowait  %steal   %idle
           3.53    0.00    0.99    0.06    0.00   95.42

Device            r/s     rkB/s   rrqm/s  %rrqm r_await rareq-sz     w/s     wkB/s   wrqm/s  %wrqm w_await wareq-sz     d/s     dkB/s   drqm/s  %drqm d_await dareq-sz     f/s f_await  aqu-sz  %util
nvme0n1          0.00      0.00     0.00   0.00    0.00     0.00   14.00    144.00     0.00   0.00    0.43    10.29    0.00      0.00     0.00   0.00    0.00     0.00    2.00    2.00    0.01   0.60


avg-cpu:  %user   %nice %system %iowait  %steal   %idle
           1.44    0.00    0.82    0.06    0.00   97.68

Device            r/s     rkB/s   rrqm/s  %rrqm r_await rareq-sz     w/s     wkB/s   wrqm/s  %wrqm w_await wareq-sz     d/s     dkB/s   drqm/s  %drqm d_await dareq-sz     f/s f_await  aqu-sz  %util
nvme0n1          0.00      0.00     0.00   0.00    0.00     0.00   14.00    144.00     0.00   0.00    0.57    10.29    0.00      0.00     0.00   0.00    0.00     0.00    2.00    2.00    0.01   0.70


avg-cpu:  %user   %nice %system %iowait  %steal   %idle
           1.45    0.00    0.82    0.00    0.00   97.73

Device            r/s     rkB/s   rrqm/s  %rrqm r_await rareq-sz     w/s     wkB/s   wrqm/s  %wrqm w_await wareq-sz     d/s     dkB/s   drqm/s  %drqm d_await dareq-sz     f/s f_await  aqu-sz  %util
nvme0n1          0.00      0.00     0.00   0.00    0.00     0.00   14.00    144.00     0.00   0.00    0.43    10.29    0.00      0.00     0.00   0.00    0.00     0.00    2.00    1.50    0.01   0.60


avg-cpu:  %user   %nice %system %iowait  %steal   %idle
           2.06    0.00    0.94    0.06    0.00   96.94

Device            r/s     rkB/s   rrqm/s  %rrqm r_await rareq-sz     w/s     wkB/s   wrqm/s  %wrqm w_await wareq-sz     d/s     dkB/s   drqm/s  %drqm d_await dareq-sz     f/s f_await  aqu-sz  %util
nvme0n1          0.00      0.00     0.00   0.00    0.00     0.00   55.00   2740.00     0.00   0.00    0.85    49.82    0.00      0.00     0.00   0.00    0.00     0.00    4.00    1.75    0.06   1.40


avg-cpu:  %user   %nice %system %iowait  %steal   %idle
           1.58    0.00    0.76    0.13    0.00   97.53

Device            r/s     rkB/s   rrqm/s  %rrqm r_await rareq-sz     w/s     wkB/s   wrqm/s  %wrqm w_await wareq-sz     d/s     dkB/s   drqm/s  %drqm d_await dareq-sz     f/s f_await  aqu-sz  %util
nvme0n1          0.00      0.00     0.00   0.00    0.00     0.00   70.00    824.00     0.00   0.00    0.37    11.77    0.00      0.00     0.00   0.00    0.00     0.00    8.00    1.88    0.04   2.20


avg-cpu:  %user   %nice %system %iowait  %steal   %idle
           1.92    0.00    0.87    0.06    0.00   97.15

Device            r/s     rkB/s   rrqm/s  %rrqm r_await rareq-sz     w/s     wkB/s   wrqm/s  %wrqm w_await wareq-sz     d/s     dkB/s   drqm/s  %drqm d_await dareq-sz     f/s f_await  aqu-sz  %util
nvme0n1          0.00      0.00     0.00   0.00    0.00     0.00   14.00    144.00     0.00   0.00    0.50    10.29    0.00      0.00     0.00   0.00    0.00     0.00    2.00    2.00    0.01   0.70


avg-cpu:  %user   %nice %system %iowait  %steal   %idle
           1.60    0.00    0.55    0.12    0.00   97.73

Device            r/s     rkB/s   rrqm/s  %rrqm r_await rareq-sz     w/s     wkB/s   wrqm/s  %wrqm w_await wareq-sz     d/s     dkB/s   drqm/s  %drqm d_await dareq-sz     f/s f_await  aqu-sz  %util
nvme0n1          0.00      0.00     0.00   0.00    0.00     0.00   41.00    432.00     0.00   0.00    0.44    10.54    0.00      0.00     0.00   0.00    0.00     0.00    6.00    1.83    0.03   1.70


avg-cpu:  %user   %nice %system %iowait  %steal   %idle
           1.76    0.00    0.85    0.00    0.00   97.39

Device            r/s     rkB/s   rrqm/s  %rrqm r_await rareq-sz     w/s     wkB/s   wrqm/s  %wrqm w_await wareq-sz     d/s     dkB/s   drqm/s  %drqm d_await dareq-sz     f/s f_await  aqu-sz  %util
nvme0n1          0.00      0.00     0.00   0.00    0.00     0.00   14.00    144.00     0.00   0.00    0.43    10.29    0.00      0.00     0.00   0.00    0.00     0.00    2.00    1.50    0.01   0.60


avg-cpu:  %user   %nice %system %iowait  %steal   %idle
           3.50    0.00    0.91    0.06    0.00   95.53

Device            r/s     rkB/s   rrqm/s  %rrqm r_await rareq-sz     w/s     wkB/s   wrqm/s  %wrqm w_await wareq-sz     d/s     dkB/s   drqm/s  %drqm d_await dareq-sz     f/s f_await  aqu-sz  %util
nvme0n1          0.00      0.00     0.00   0.00    0.00     0.00   30.00    836.00     0.00   0.00    0.67    27.87    0.00      0.00     0.00   0.00    0.00     0.00    2.00    2.50    0.02   0.90


avg-cpu:  %user   %nice %system %iowait  %steal   %idle
           3.70    0.00    0.85    0.12    0.00   95.33

Device            r/s     rkB/s   rrqm/s  %rrqm r_await rareq-sz     w/s     wkB/s   wrqm/s  %wrqm w_await wareq-sz     d/s     dkB/s   drqm/s  %drqm d_await dareq-sz     f/s f_await  aqu-sz  %util
nvme0n1          0.00      0.00     0.00   0.00    0.00     0.00  106.00    920.00     0.00   0.00    0.59     8.68    0.00      0.00     0.00   0.00    0.00     0.00    4.00    1.75    0.07   1.30


avg-cpu:  %user   %nice %system %iowait  %steal   %idle
           5.10    0.00    0.97    0.00    0.00   93.92

Device            r/s     rkB/s   rrqm/s  %rrqm r_await rareq-sz     w/s     wkB/s   wrqm/s  %wrqm w_await wareq-sz     d/s     dkB/s   drqm/s  %drqm d_await dareq-sz     f/s f_await  aqu-sz  %util
nvme0n1          0.00      0.00     0.00   0.00    0.00     0.00   14.00    144.00     0.00   0.00    0.43    10.29    0.00      0.00     0.00   0.00    0.00     0.00    2.00    2.00    0.01   0.60


avg-cpu:  %user   %nice %system %iowait  %steal   %idle
           2.23    0.00    0.72    0.00    0.00   97.04

Device            r/s     rkB/s   rrqm/s  %rrqm r_await rareq-sz     w/s     wkB/s   wrqm/s  %wrqm w_await wareq-sz     d/s     dkB/s   drqm/s  %drqm d_await dareq-sz     f/s f_await  aqu-sz  %util
nvme0n1          0.00      0.00     0.00   0.00    0.00     0.00   14.00    144.00     0.00   0.00    0.43    10.29    0.00      0.00     0.00   0.00    0.00     0.00    2.00    1.50    0.01   0.60


avg-cpu:  %user   %nice %system %iowait  %steal   %idle
           2.65    0.00    1.18    0.06    0.00   96.11

Device            r/s     rkB/s   rrqm/s  %rrqm r_await rareq-sz     w/s     wkB/s   wrqm/s  %wrqm w_await wareq-sz     d/s     dkB/s   drqm/s  %drqm d_await dareq-sz     f/s f_await  aqu-sz  %util
nvme0n1          0.00      0.00     0.00   0.00    0.00     0.00   16.00    180.00     0.00   0.00    0.44    11.25    0.00      0.00     0.00   0.00    0.00     0.00    2.00    2.00    0.01   0.60


avg-cpu:  %user   %nice %system %iowait  %steal   %idle
           3.97    0.00    1.07    0.12    0.00   94.84

Device            r/s     rkB/s   rrqm/s  %rrqm r_await rareq-sz     w/s     wkB/s   wrqm/s  %wrqm w_await wareq-sz     d/s     dkB/s   drqm/s  %drqm d_await dareq-sz     f/s f_await  aqu-sz  %util
nvme0n1          0.00      0.00     0.00   0.00    0.00     0.00   52.00    724.00     0.00   0.00    0.42    13.92    0.00      0.00     0.00   0.00    0.00     0.00    6.00    1.83    0.03   1.80


avg-cpu:  %user   %nice %system %iowait  %steal   %idle
           1.95    0.00    0.65    0.06    0.00   97.34

Device            r/s     rkB/s   rrqm/s  %rrqm r_await rareq-sz     w/s     wkB/s   wrqm/s  %wrqm w_await wareq-sz     d/s     dkB/s   drqm/s  %drqm d_await dareq-sz     f/s f_await  aqu-sz  %util
nvme0n1          0.00      0.00     0.00   0.00    0.00     0.00   59.00    688.00     0.00   0.00    0.27    11.66    0.00      0.00     0.00   0.00    0.00     0.00    4.00    1.75    0.02   1.30


avg-cpu:  %user   %nice %system %iowait  %steal   %idle
           2.90    0.00    0.65    0.00    0.00   96.45

Device            r/s     rkB/s   rrqm/s  %rrqm r_await rareq-sz     w/s     wkB/s   wrqm/s  %wrqm w_await wareq-sz     d/s     dkB/s   drqm/s  %drqm d_await dareq-sz     f/s f_await  aqu-sz  %util
nvme0n1          0.00      0.00     0.00   0.00    0.00     0.00   22.00    272.00     0.00   0.00    0.36    12.36    0.00      0.00     0.00   0.00    0.00     0.00    2.00    2.00    0.01   0.60


avg-cpu:  %user   %nice %system %iowait  %steal   %idle
           1.42    0.00    0.65    0.06    0.00   97.87

Device            r/s     rkB/s   rrqm/s  %rrqm r_await rareq-sz     w/s     wkB/s   wrqm/s  %wrqm w_await wareq-sz     d/s     dkB/s   drqm/s  %drqm d_await dareq-sz     f/s f_await  aqu-sz  %util
nvme0n1          0.00      0.00     0.00   0.00    0.00     0.00   22.00    272.00     0.00   0.00    0.32    12.36    0.00      0.00     0.00   0.00    0.00     0.00    2.00    2.00    0.01   0.60


avg-cpu:  %user   %nice %system %iowait  %steal   %idle
           1.72    0.00    0.59    0.06    0.00   97.63

Device            r/s     rkB/s   rrqm/s  %rrqm r_await rareq-sz     w/s     wkB/s   wrqm/s  %wrqm w_await wareq-sz     d/s     dkB/s   drqm/s  %drqm d_await dareq-sz     f/s f_await  aqu-sz  %util
nvme0n1          0.00      0.00     0.00   0.00    0.00     0.00   22.00    272.00     0.00   0.00    0.36    12.36    0.00      0.00     0.00   0.00    0.00     0.00    2.00    2.00    0.01   0.80


avg-cpu:  %user   %nice %system %iowait  %steal   %idle
           2.24    0.00    1.00    0.06    0.00   96.70

Device            r/s     rkB/s   rrqm/s  %rrqm r_await rareq-sz     w/s     wkB/s   wrqm/s  %wrqm w_await wareq-sz     d/s     dkB/s   drqm/s  %drqm d_await dareq-sz     f/s f_await  aqu-sz  %util
nvme0n1          0.00      0.00     0.00   0.00    0.00     0.00   48.00    604.00     0.00   0.00    0.40    12.58    0.00      0.00     0.00   0.00    0.00     0.00    5.00    1.80    0.03   1.50


avg-cpu:  %user   %nice %system %iowait  %steal   %idle
           3.34    0.00    1.46    0.18    0.00   95.02

Device            r/s     rkB/s   rrqm/s  %rrqm r_await rareq-sz     w/s     wkB/s   wrqm/s  %wrqm w_await wareq-sz     d/s     dkB/s   drqm/s  %drqm d_await dareq-sz     f/s f_await  aqu-sz  %util
nvme0n1          0.00      0.00     0.00   0.00    0.00     0.00   94.00   1020.00     0.00   0.00    0.28    10.85    0.00      0.00     0.00   0.00    0.00     0.00    8.00    1.88    0.04   2.20


avg-cpu:  %user   %nice %system %iowait  %steal   %idle
           1.83    0.00    0.65    0.00    0.00   97.52

Device            r/s     rkB/s   rrqm/s  %rrqm r_await rareq-sz     w/s     wkB/s   wrqm/s  %wrqm w_await wareq-sz     d/s     dkB/s   drqm/s  %drqm d_await dareq-sz     f/s f_await  aqu-sz  %util
nvme0n1          0.00      0.00     0.00   0.00    0.00     0.00   22.00    272.00     0.00   0.00    0.36    12.36    0.00      0.00     0.00   0.00    0.00     0.00    2.00    2.50    0.01   0.60


avg-cpu:  %user   %nice %system %iowait  %steal   %idle
           1.88    0.00    0.82    0.06    0.00   97.23

Device            r/s     rkB/s   rrqm/s  %rrqm r_await rareq-sz     w/s     wkB/s   wrqm/s  %wrqm w_await wareq-sz     d/s     dkB/s   drqm/s  %drqm d_await dareq-sz     f/s f_await  aqu-sz  %util
nvme0n1          0.00      0.00     0.00   0.00    0.00     0.00   30.00    372.00     0.00   0.00    0.43    12.40    0.00      0.00     0.00   0.00    0.00     0.00    3.00    1.67    0.02   0.90


avg-cpu:  %user   %nice %system %iowait  %steal   %idle
           1.84    0.00    0.71    0.06    0.00   97.39

Device            r/s     rkB/s   rrqm/s  %rrqm r_await rareq-sz     w/s     wkB/s   wrqm/s  %wrqm w_await wareq-sz     d/s     dkB/s   drqm/s  %drqm d_await dareq-sz     f/s f_await  aqu-sz  %util
nvme0n1          0.00      0.00     0.00   0.00    0.00     0.00  782.00  12380.00     0.00   0.00    2.91    15.83    0.00      0.00     0.00   0.00    0.00     0.00    3.00    1.67    2.28   1.50


avg-cpu:  %user   %nice %system %iowait  %steal   %idle
           1.83    0.00    0.71    0.18    0.00   97.28

Device            r/s     rkB/s   rrqm/s  %rrqm r_await rareq-sz     w/s     wkB/s   wrqm/s  %wrqm w_await wareq-sz     d/s     dkB/s   drqm/s  %drqm d_await dareq-sz     f/s f_await  aqu-sz  %util
nvme0n1          0.00      0.00     0.00   0.00    0.00     0.00   54.00    572.00     0.00   0.00    0.54    10.59    0.00      0.00     0.00   0.00    0.00     0.00    8.00    1.88    0.04   2.70


avg-cpu:  %user   %nice %system %iowait  %steal   %idle
           1.60    0.00    0.65    0.12    0.00   97.63

Device            r/s     rkB/s   rrqm/s  %rrqm r_await rareq-sz     w/s     wkB/s   wrqm/s  %wrqm w_await wareq-sz     d/s     dkB/s   drqm/s  %drqm d_await dareq-sz     f/s f_await  aqu-sz  %util
nvme0n1          0.00      0.00     0.00   0.00    0.00     0.00   82.00   1104.00     0.00   0.00    0.39    13.46    0.00      0.00     0.00   0.00    0.00     0.00    6.00    1.83    0.04   1.90


avg-cpu:  %user   %nice %system %iowait  %steal   %idle
           1.59    0.00    0.71    0.06    0.00   97.65

Device            r/s     rkB/s   rrqm/s  %rrqm r_await rareq-sz     w/s     wkB/s   wrqm/s  %wrqm w_await wareq-sz     d/s     dkB/s   drqm/s  %drqm d_await dareq-sz     f/s f_await  aqu-sz  %util
nvme0n1          0.00      0.00     0.00   0.00    0.00     0.00   20.00    212.00     0.00   0.00    0.55    10.60    0.00      0.00     0.00   0.00    0.00     0.00    3.00    2.00    0.02   1.00


avg-cpu:  %user   %nice %system %iowait  %steal   %idle
           1.13    0.00    0.65    0.06    0.00   98.16

Device            r/s     rkB/s   rrqm/s  %rrqm r_await rareq-sz     w/s     wkB/s   wrqm/s  %wrqm w_await wareq-sz     d/s     dkB/s   drqm/s  %drqm d_await dareq-sz     f/s f_await  aqu-sz  %util
nvme0n1          0.00      0.00     0.00   0.00    0.00     0.00   43.00    436.00     0.00   0.00    0.42    10.14    0.00      0.00     0.00   0.00    0.00     0.00    6.00    1.83    0.03   1.80


avg-cpu:  %user   %nice %system %iowait  %steal   %idle
           1.76    0.00    0.65    0.12    0.00   97.47

Device            r/s     rkB/s   rrqm/s  %rrqm r_await rareq-sz     w/s     wkB/s   wrqm/s  %wrqm w_await wareq-sz     d/s     dkB/s   drqm/s  %drqm d_await dareq-sz     f/s f_await  aqu-sz  %util
nvme0n1          0.00      0.00     0.00   0.00    0.00     0.00   34.00    360.00     0.00   0.00    0.53    10.59    0.00      0.00     0.00   0.00    0.00     0.00    5.00    1.80    0.03   1.50


avg-cpu:  %user   %nice %system %iowait  %steal   %idle
           1.59    0.00    0.65    0.06    0.00   97.71

Device            r/s     rkB/s   rrqm/s  %rrqm r_await rareq-sz     w/s     wkB/s   wrqm/s  %wrqm w_await wareq-sz     d/s     dkB/s   drqm/s  %drqm d_await dareq-sz     f/s f_await  aqu-sz  %util
nvme0n1          0.00      0.00     0.00   0.00    0.00     0.00   14.00    144.00     0.00   0.00    0.43    10.29    0.00      0.00     0.00   0.00    0.00     0.00    2.00    2.00    0.01   0.60


avg-cpu:  %user   %nice %system %iowait  %steal   %idle
           1.76    0.00    0.65    0.06    0.00   97.53

Device            r/s     rkB/s   rrqm/s  %rrqm r_await rareq-sz     w/s     wkB/s   wrqm/s  %wrqm w_await wareq-sz     d/s     dkB/s   drqm/s  %drqm d_await dareq-sz     f/s f_await  aqu-sz  %util
nvme0n1          0.00      0.00     0.00   0.00    0.00     0.00   29.00    304.00     0.00   0.00    0.55    10.48    0.00      0.00     0.00   0.00    0.00     0.00    4.00    1.75    0.02   1.30


avg-cpu:  %user   %nice %system %iowait  %steal   %idle
           2.18    0.00    0.82    0.06    0.00   96.94

Device            r/s     rkB/s   rrqm/s  %rrqm r_await rareq-sz     w/s     wkB/s   wrqm/s  %wrqm w_await wareq-sz     d/s     dkB/s   drqm/s  %drqm d_await dareq-sz     f/s f_await  aqu-sz  %util
nvme0n1          0.00      0.00     0.00   0.00    0.00     0.00   33.00   1004.00     0.00   0.00    0.48    30.42    0.00      0.00     0.00   0.00    0.00     0.00    4.00    2.00    0.02   1.10


avg-cpu:  %user   %nice %system %iowait  %steal   %idle
           3.47    0.00    0.94    0.00    0.00   95.59

Device            r/s     rkB/s   rrqm/s  %rrqm r_await rareq-sz     w/s     wkB/s   wrqm/s  %wrqm w_await wareq-sz     d/s     dkB/s   drqm/s  %drqm d_await dareq-sz     f/s f_await  aqu-sz  %util
nvme0n1          0.00      0.00     0.00   0.00    0.00     0.00   14.00    144.00     0.00   0.00    0.43    10.29    0.00      0.00     0.00   0.00    0.00     0.00    2.00    2.00    0.01   0.70


avg-cpu:  %user   %nice %system %iowait  %steal   %idle
           2.50    0.00    0.73    0.12    0.00   96.65

Device            r/s     rkB/s   rrqm/s  %rrqm r_await rareq-sz     w/s     wkB/s   wrqm/s  %wrqm w_await wareq-sz     d/s     dkB/s   drqm/s  %drqm d_await dareq-sz     f/s f_await  aqu-sz  %util
nvme0n1          0.00      0.00     0.00   0.00    0.00     0.00   42.00    444.00     0.00   0.00    0.43    10.57    0.00      0.00     0.00   0.00    0.00     0.00    6.00    1.83    0.03   1.80


avg-cpu:  %user   %nice %system %iowait  %steal   %idle
           2.26    0.00    0.67    0.06    0.00   97.00

Device            r/s     rkB/s   rrqm/s  %rrqm r_await rareq-sz     w/s     wkB/s   wrqm/s  %wrqm w_await wareq-sz     d/s     dkB/s   drqm/s  %drqm d_await dareq-sz     f/s f_await  aqu-sz  %util
nvme0n1          0.00      0.00     0.00   0.00    0.00     0.00   29.00    320.00     0.00   0.00    0.45    11.03    0.00      0.00     0.00   0.00    0.00     0.00    4.00    1.75    0.02   1.10


avg-cpu:  %user   %nice %system %iowait  %steal   %idle
           2.20    0.00    0.86    0.06    0.00   96.88

Device            r/s     rkB/s   rrqm/s  %rrqm r_await rareq-sz     w/s     wkB/s   wrqm/s  %wrqm w_await wareq-sz     d/s     dkB/s   drqm/s  %drqm d_await dareq-sz     f/s f_await  aqu-sz  %util
nvme0n1          0.00      0.00     0.00   0.00    0.00     0.00   41.00    504.00     0.00   0.00    0.49    12.29    0.00      0.00     0.00   0.00    0.00     0.00    4.00    2.00    0.03   1.20


avg-cpu:  %user   %nice %system %iowait  %steal   %idle
           2.57    0.00    0.79    0.06    0.00   96.58

Device            r/s     rkB/s   rrqm/s  %rrqm r_await rareq-sz     w/s     wkB/s   wrqm/s  %wrqm w_await wareq-sz     d/s     dkB/s   drqm/s  %drqm d_await dareq-sz     f/s f_await  aqu-sz  %util
nvme0n1          0.00      0.00     0.00   0.00    0.00     0.00   14.00    144.00     0.00   0.00    0.43    10.29    0.00      0.00     0.00   0.00    0.00     0.00    2.00    1.50    0.01   0.60


avg-cpu:  %user   %nice %system %iowait  %steal   %idle
           3.05    0.00    0.85    0.06    0.00   96.04

Device            r/s     rkB/s   rrqm/s  %rrqm r_await rareq-sz     w/s     wkB/s   wrqm/s  %wrqm w_await wareq-sz     d/s     dkB/s   drqm/s  %drqm d_await dareq-sz     f/s f_await  aqu-sz  %util
nvme0n1          0.00      0.00     0.00   0.00    0.00     0.00   43.00    868.00     0.00   0.00    0.40    20.19    0.00      0.00     0.00   0.00    0.00     0.00    5.00    2.00    0.03   1.40


avg-cpu:  %user   %nice %system %iowait  %steal   %idle
           4.63    0.00    1.28    0.18    0.00   93.91

Device            r/s     rkB/s   rrqm/s  %rrqm r_await rareq-sz     w/s     wkB/s   wrqm/s  %wrqm w_await wareq-sz     d/s     dkB/s   drqm/s  %drqm d_await dareq-sz     f/s f_await  aqu-sz  %util
nvme0n1          0.00      0.00     0.00   0.00    0.00     0.00  101.00   2556.00     0.00   0.00    0.56    25.31    0.00      0.00     0.00   0.00    0.00     0.00    9.00    1.89    0.07   2.80


avg-cpu:  %user   %nice %system %iowait  %steal   %idle
           3.14    0.00    1.27    0.00    0.00   95.59

Device            r/s     rkB/s   rrqm/s  %rrqm r_await rareq-sz     w/s     wkB/s   wrqm/s  %wrqm w_await wareq-sz     d/s     dkB/s   drqm/s  %drqm d_await dareq-sz     f/s f_await  aqu-sz  %util
nvme0n1          0.00      0.00     0.00   0.00    0.00     0.00   23.00    304.00     0.00   0.00    0.35    13.22    0.00      0.00     0.00   0.00    0.00     0.00    2.00    2.00    0.01   0.70


avg-cpu:  %user   %nice %system %iowait  %steal   %idle
           3.02    0.00    1.03    0.18    0.00   95.77

Device            r/s     rkB/s   rrqm/s  %rrqm r_await rareq-sz     w/s     wkB/s   wrqm/s  %wrqm w_await wareq-sz     d/s     dkB/s   drqm/s  %drqm d_await dareq-sz     f/s f_await  aqu-sz  %util
nvme0n1          0.00      0.00     0.00   0.00    0.00     0.00  104.00   1316.00     1.00   0.95    0.33    12.65    0.00      0.00     0.00   0.00    0.00     0.00    9.00    1.89    0.05   2.70


avg-cpu:  %user   %nice %system %iowait  %steal   %idle
           2.60    0.00    0.91    0.12    0.00   96.37

Device            r/s     rkB/s   rrqm/s  %rrqm r_await rareq-sz     w/s     wkB/s   wrqm/s  %wrqm w_await wareq-sz     d/s     dkB/s   drqm/s  %drqm d_await dareq-sz     f/s f_await  aqu-sz  %util
nvme0n1          0.00      0.00     0.00   0.00    0.00     0.00   92.00   1348.00     0.00   0.00    0.32    14.65    0.00      0.00     0.00   0.00    0.00     0.00    7.00    1.86    0.04   2.20


avg-cpu:  %user   %nice %system %iowait  %steal   %idle
           2.42    0.00    0.85    0.06    0.00   96.67

Device            r/s     rkB/s   rrqm/s  %rrqm r_await rareq-sz     w/s     wkB/s   wrqm/s  %wrqm w_await wareq-sz     d/s     dkB/s   drqm/s  %drqm d_await dareq-sz     f/s f_await  aqu-sz  %util
nvme0n1          0.00      0.00     0.00   0.00    0.00     0.00   22.00    272.00     0.00   0.00    0.36    12.36    0.00      0.00     0.00   0.00    0.00     0.00    2.00    2.00    0.01   0.70


avg-cpu:  %user   %nice %system %iowait  %steal   %idle
           2.90    0.00    1.03    0.06    0.00   96.01

Device            r/s     rkB/s   rrqm/s  %rrqm r_await rareq-sz     w/s     wkB/s   wrqm/s  %wrqm w_await wareq-sz     d/s     dkB/s   drqm/s  %drqm d_await dareq-sz     f/s f_await  aqu-sz  %util
nvme0n1          0.00      0.00     0.00   0.00    0.00     0.00   69.00    988.00     0.00   0.00    0.33    14.32    0.00      0.00     0.00   0.00    0.00     0.00    6.00    2.00    0.03   1.80


avg-cpu:  %user   %nice %system %iowait  %steal   %idle
           2.56    0.00    0.85    0.06    0.00   96.53

Device            r/s     rkB/s   rrqm/s  %rrqm r_await rareq-sz     w/s     wkB/s   wrqm/s  %wrqm w_await wareq-sz     d/s     dkB/s   drqm/s  %drqm d_await dareq-sz     f/s f_await  aqu-sz  %util
nvme0n1          0.00      0.00     0.00   0.00    0.00     0.00   22.00    272.00     0.00   0.00    0.32    12.36    0.00      0.00     0.00   0.00    0.00     0.00    2.00    2.00    0.01   0.70


avg-cpu:  %user   %nice %system %iowait  %steal   %idle
           2.44    0.00    0.79    0.06    0.00   96.71

Device            r/s     rkB/s   rrqm/s  %rrqm r_await rareq-sz     w/s     wkB/s   wrqm/s  %wrqm w_await wareq-sz     d/s     dkB/s   drqm/s  %drqm d_await dareq-sz     f/s f_await  aqu-sz  %util
nvme0n1          0.00      0.00     0.00   0.00    0.00     0.00   42.00    512.00     0.00   0.00    0.38    12.19    0.00      0.00     0.00   0.00    0.00     0.00    4.00    1.75    0.02   1.30


avg-cpu:  %user   %nice %system %iowait  %steal   %idle
           2.60    0.00    0.73    0.06    0.00   96.61

Device            r/s     rkB/s   rrqm/s  %rrqm r_await rareq-sz     w/s     wkB/s   wrqm/s  %wrqm w_await wareq-sz     d/s     dkB/s   drqm/s  %drqm d_await dareq-sz     f/s f_await  aqu-sz  %util
nvme0n1          0.00      0.00     0.00   0.00    0.00     0.00   28.00    296.00     0.00   0.00    0.29    10.57    0.00      0.00     0.00   0.00    0.00     0.00    2.00    2.00    0.01   0.70


avg-cpu:  %user   %nice %system %iowait  %steal   %idle
           2.66    0.00    0.91    0.06    0.00   96.37

Device            r/s     rkB/s   rrqm/s  %rrqm r_await rareq-sz     w/s     wkB/s   wrqm/s  %wrqm w_await wareq-sz     d/s     dkB/s   drqm/s  %drqm d_await dareq-sz     f/s f_await  aqu-sz  %util
nvme0n1          0.00      0.00     0.00   0.00    0.00     0.00   22.00    272.00     0.00   0.00    0.32    12.36    0.00      0.00     0.00   0.00    0.00     0.00    2.00    2.00    0.01   0.60


avg-cpu:  %user   %nice %system %iowait  %steal   %idle
           2.55    0.00    0.73    0.06    0.00   96.65

Device            r/s     rkB/s   rrqm/s  %rrqm r_await rareq-sz     w/s     wkB/s   wrqm/s  %wrqm w_await wareq-sz     d/s     dkB/s   drqm/s  %drqm d_await dareq-sz     f/s f_await  aqu-sz  %util
nvme0n1          0.00      0.00     0.00   0.00    0.00     0.00   27.00    396.00     0.00   0.00    0.30    14.67    0.00      0.00     0.00   0.00    0.00     0.00    2.00    2.00    0.01   0.70


avg-cpu:  %user   %nice %system %iowait  %steal   %idle
           2.43    0.00    0.91    0.00    0.00   96.66

Device            r/s     rkB/s   rrqm/s  %rrqm r_await rareq-sz     w/s     wkB/s   wrqm/s  %wrqm w_await wareq-sz     d/s     dkB/s   drqm/s  %drqm d_await dareq-sz     f/s f_await  aqu-sz  %util
nvme0n1          0.00      0.00     0.00   0.00    0.00     0.00   22.00    272.00     0.00   0.00    0.36    12.36    0.00      0.00     0.00   0.00    0.00     0.00    2.00    1.50    0.01   0.60


avg-cpu:  %user   %nice %system %iowait  %steal   %idle
           2.60    0.00    0.91    0.06    0.00   96.44

Device            r/s     rkB/s   rrqm/s  %rrqm r_await rareq-sz     w/s     wkB/s   wrqm/s  %wrqm w_await wareq-sz     d/s     dkB/s   drqm/s  %drqm d_await dareq-sz     f/s f_await  aqu-sz  %util
nvme0n1          0.00      0.00     0.00   0.00    0.00     0.00   40.00    504.00     0.00   0.00    0.40    12.60    0.00      0.00     0.00   0.00    0.00     0.00    4.00    2.00    0.02   1.10


avg-cpu:  %user   %nice %system %iowait  %steal   %idle
           3.64    0.00    1.31    0.12    0.00   94.93

Device            r/s     rkB/s   rrqm/s  %rrqm r_await rareq-sz     w/s     wkB/s   wrqm/s  %wrqm w_await wareq-sz     d/s     dkB/s   drqm/s  %drqm d_await dareq-sz     f/s f_await  aqu-sz  %util
nvme0n1          0.00      0.00     0.00   0.00    0.00     0.00   84.00   1680.00     0.00   0.00    0.37    20.00    0.00      0.00     0.00   0.00    0.00     0.00    8.00    2.00    0.05   2.40


avg-cpu:  %user   %nice %system %iowait  %steal   %idle
           2.01    0.00    0.73    0.18    0.00   97.07

Device            r/s     rkB/s   rrqm/s  %rrqm r_await rareq-sz     w/s     wkB/s   wrqm/s  %wrqm w_await wareq-sz     d/s     dkB/s   drqm/s  %drqm d_await dareq-sz     f/s f_await  aqu-sz  %util
nvme0n1          0.00      0.00     0.00   0.00    0.00     0.00   84.00   1036.00     0.00   0.00    0.32    12.33    0.00      0.00     0.00   0.00    0.00     0.00    8.00    2.00    0.04   2.50


avg-cpu:  %user   %nice %system %iowait  %steal   %idle
           1.71    0.00    0.79    0.12    0.00   97.38

Device            r/s     rkB/s   rrqm/s  %rrqm r_await rareq-sz     w/s     wkB/s   wrqm/s  %wrqm w_await wareq-sz     d/s     dkB/s   drqm/s  %drqm d_await dareq-sz     f/s f_await  aqu-sz  %util
nvme0n1          0.00      0.00     0.00   0.00    0.00     0.00  738.00  11648.00     0.00   0.00    2.16    15.78    3.00  75388.00     0.00   0.00    1.67 25129.33    4.00    1.75    1.60   2.10


avg-cpu:  %user   %nice %system %iowait  %steal   %idle
           1.70    0.00    0.79    0.06    0.00   97.45

Device            r/s     rkB/s   rrqm/s  %rrqm r_await rareq-sz     w/s     wkB/s   wrqm/s  %wrqm w_await wareq-sz     d/s     dkB/s   drqm/s  %drqm d_await dareq-sz     f/s f_await  aqu-sz  %util
nvme0n1          0.00      0.00     0.00   0.00    0.00     0.00   45.00    808.00     0.00   0.00    0.44    17.96    0.00      0.00     0.00   0.00    0.00     0.00    6.00    2.00    0.03   1.90


avg-cpu:  %user   %nice %system %iowait  %steal   %idle
           1.59    0.00    0.67    0.12    0.00   97.62

Device            r/s     rkB/s   rrqm/s  %rrqm r_await rareq-sz     w/s     wkB/s   wrqm/s  %wrqm w_await wareq-sz     d/s     dkB/s   drqm/s  %drqm d_await dareq-sz     f/s f_await  aqu-sz  %util
nvme0n1          0.00      0.00     0.00   0.00    0.00     0.00   29.00    376.00     0.00   0.00    0.48    12.97    3.00   1580.00     0.00   0.00    1.67   526.67    4.00    1.75    0.03   1.90


avg-cpu:  %user   %nice %system %iowait  %steal   %idle
           1.59    0.00    0.61    0.06    0.00   97.73

Device            r/s     rkB/s   rrqm/s  %rrqm r_await rareq-sz     w/s     wkB/s   wrqm/s  %wrqm w_await wareq-sz     d/s     dkB/s   drqm/s  %drqm d_await dareq-sz     f/s f_await  aqu-sz  %util
nvme0n1          0.00      0.00     0.00   0.00    0.00     0.00   71.00   1044.00     0.00   0.00    0.66    14.70    0.00      0.00     0.00   0.00    0.00     0.00    2.00    2.00    0.05   0.60


avg-cpu:  %user   %nice %system %iowait  %steal   %idle
           1.87    0.00    0.91    0.06    0.00   97.16

Device            r/s     rkB/s   rrqm/s  %rrqm r_await rareq-sz     w/s     wkB/s   wrqm/s  %wrqm w_await wareq-sz     d/s     dkB/s   drqm/s  %drqm d_await dareq-sz     f/s f_await  aqu-sz  %util
nvme0n1          0.00      0.00     0.00   0.00    0.00     0.00   93.00    804.00     0.00   0.00    0.47     8.65    0.00      0.00     0.00   0.00    0.00     0.00    5.00    1.80    0.05   1.70


avg-cpu:  %user   %nice %system %iowait  %steal   %idle
           1.59    0.00    0.73    0.06    0.00   97.62

Device            r/s     rkB/s   rrqm/s  %rrqm r_await rareq-sz     w/s     wkB/s   wrqm/s  %wrqm w_await wareq-sz     d/s     dkB/s   drqm/s  %drqm d_await dareq-sz     f/s f_await  aqu-sz  %util
nvme0n1          0.00      0.00     0.00   0.00    0.00     0.00   21.00    216.00     0.00   0.00    0.43    10.29    0.00      0.00     0.00   0.00    0.00     0.00    3.00    2.00    0.01   0.80


avg-cpu:  %user   %nice %system %iowait  %steal   %idle
           1.29    0.00    0.43    0.06    0.00   98.22

Device            r/s     rkB/s   rrqm/s  %rrqm r_await rareq-sz     w/s     wkB/s   wrqm/s  %wrqm w_await wareq-sz     d/s     dkB/s   drqm/s  %drqm d_await dareq-sz     f/s f_await  aqu-sz  %util
nvme0n1          0.00      0.00     0.00   0.00    0.00     0.00   43.00    436.00     0.00   0.00    0.40    10.14    0.00      0.00     0.00   0.00    0.00     0.00    6.00    1.67    0.03   1.80


avg-cpu:  %user   %nice %system %iowait  %steal   %idle
           1.35    0.00    0.49    0.06    0.00   98.09

Device            r/s     rkB/s   rrqm/s  %rrqm r_await rareq-sz     w/s     wkB/s   wrqm/s  %wrqm w_await wareq-sz     d/s     dkB/s   drqm/s  %drqm d_await dareq-sz     f/s f_await  aqu-sz  %util
nvme0n1          0.00      0.00     0.00   0.00    0.00     0.00   26.00    280.00     0.00   0.00    0.54    10.77    0.00      0.00     0.00   0.00    0.00     0.00    4.00    2.00    0.02   1.10


avg-cpu:  %user   %nice %system %iowait  %steal   %idle
           1.53    0.00    0.61    0.06    0.00   97.80

Device            r/s     rkB/s   rrqm/s  %rrqm r_await rareq-sz     w/s     wkB/s   wrqm/s  %wrqm w_await wareq-sz     d/s     dkB/s   drqm/s  %drqm d_await dareq-sz     f/s f_await  aqu-sz  %util
nvme0n1          0.00      0.00     0.00   0.00    0.00     0.00   14.00    144.00     0.00   0.00    0.43    10.29    0.00      0.00     0.00   0.00    0.00     0.00    2.00    1.50    0.01   0.60


avg-cpu:  %user   %nice %system %iowait  %steal   %idle
           1.46    0.00    0.61    0.06    0.00   97.87

Device            r/s     rkB/s   rrqm/s  %rrqm r_await rareq-sz     w/s     wkB/s   wrqm/s  %wrqm w_await wareq-sz     d/s     dkB/s   drqm/s  %drqm d_await dareq-sz     f/s f_await  aqu-sz  %util
nvme0n1          0.00      0.00     0.00   0.00    0.00     0.00   14.00    144.00     0.00   0.00    0.50    10.29    0.00      0.00     0.00   0.00    0.00     0.00    2.00    2.00    0.01   0.70


avg-cpu:  %user   %nice %system %iowait  %steal   %idle
           1.17    0.00    0.49    0.00    0.00   98.34

Device            r/s     rkB/s   rrqm/s  %rrqm r_await rareq-sz     w/s     wkB/s   wrqm/s  %wrqm w_await wareq-sz     d/s     dkB/s   drqm/s  %drqm d_await dareq-sz     f/s f_await  aqu-sz  %util
nvme0n1          0.00      0.00     0.00   0.00    0.00     0.00   77.00    688.00     0.00   0.00    0.56     8.94    0.00      0.00     0.00   0.00    0.00     0.00    2.00    2.00    0.05   0.70


avg-cpu:  %user   %nice %system %iowait  %steal   %idle
           1.47    0.00    0.61    0.06    0.00   97.85

Device            r/s     rkB/s   rrqm/s  %rrqm r_await rareq-sz     w/s     wkB/s   wrqm/s  %wrqm w_await wareq-sz     d/s     dkB/s   drqm/s  %drqm d_await dareq-sz     f/s f_await  aqu-sz  %util
nvme0n1          0.00      0.00     0.00   0.00    0.00     0.00   14.00    144.00     0.00   0.00    0.50    10.29    0.00      0.00     0.00   0.00    0.00     0.00    2.00    1.50    0.01   0.60


avg-cpu:  %user   %nice %system %iowait  %steal   %idle
           1.82    0.00    0.67    0.06    0.00   97.46

Device            r/s     rkB/s   rrqm/s  %rrqm r_await rareq-sz     w/s     wkB/s   wrqm/s  %wrqm w_await wareq-sz     d/s     dkB/s   drqm/s  %drqm d_await dareq-sz     f/s f_await  aqu-sz  %util
nvme0n1          0.00      0.00     0.00   0.00    0.00     0.00   27.00    284.00     0.00   0.00    0.48    10.52    0.00      0.00     0.00   0.00    0.00     0.00    4.00    2.00    0.02   1.30


avg-cpu:  %user   %nice %system %iowait  %steal   %idle
           1.34    0.00    0.55    0.00    0.00   98.11

Device            r/s     rkB/s   rrqm/s  %rrqm r_await rareq-sz     w/s     wkB/s   wrqm/s  %wrqm w_await wareq-sz     d/s     dkB/s   drqm/s  %drqm d_await dareq-sz     f/s f_await  aqu-sz  %util
nvme0n1          0.00      0.00     0.00   0.00    0.00     0.00   35.00    952.00     0.00   0.00    0.34    27.20    0.00      0.00     0.00   0.00    0.00     0.00    2.00    1.50    0.02   0.50


avg-cpu:  %user   %nice %system %iowait  %steal   %idle
           1.46    0.00    0.73    0.06    0.00   97.75

Device            r/s     rkB/s   rrqm/s  %rrqm r_await rareq-sz     w/s     wkB/s   wrqm/s  %wrqm w_await wareq-sz     d/s     dkB/s   drqm/s  %drqm d_await dareq-sz     f/s f_await  aqu-sz  %util
nvme0n1          0.00      0.00     0.00   0.00    0.00     0.00   14.00    144.00     0.00   0.00    0.43    10.29    0.00      0.00     0.00   0.00    0.00     0.00    2.00    2.00    0.01   0.60


avg-cpu:  %user   %nice %system %iowait  %steal   %idle
           4.03    0.00    1.02    0.06    0.00   94.88

Device            r/s     rkB/s   rrqm/s  %rrqm r_await rareq-sz     w/s     wkB/s   wrqm/s  %wrqm w_await wareq-sz     d/s     dkB/s   drqm/s  %drqm d_await dareq-sz     f/s f_await  aqu-sz  %util
nvme0n1          0.00      0.00     0.00   0.00    0.00     0.00   14.00    144.00     0.00   0.00    0.50    10.29    0.00      0.00     0.00   0.00    0.00     0.00    2.00    2.00    0.01   0.60


avg-cpu:  %user   %nice %system %iowait  %steal   %idle
           2.32    0.00    0.79    0.00    0.00   96.89

Device            r/s     rkB/s   rrqm/s  %rrqm r_await rareq-sz     w/s     wkB/s   wrqm/s  %wrqm w_await wareq-sz     d/s     dkB/s   drqm/s  %drqm d_await dareq-sz     f/s f_await  aqu-sz  %util
nvme0n1          0.00      0.00     0.00   0.00    0.00     0.00   14.00    144.00     0.00   0.00    0.43    10.29    0.00      0.00     0.00   0.00    0.00     0.00    2.00    1.50    0.01   0.60


avg-cpu:  %user   %nice %system %iowait  %steal   %idle
           1.28    0.00    0.67    0.12    0.00   97.93

Device            r/s     rkB/s   rrqm/s  %rrqm r_await rareq-sz     w/s     wkB/s   wrqm/s  %wrqm w_await wareq-sz     d/s     dkB/s   drqm/s  %drqm d_await dareq-sz     f/s f_await  aqu-sz  %util
nvme0n1          0.00      0.00     0.00   0.00    0.00     0.00   31.00    400.00     0.00   0.00    0.45    12.90    0.00      0.00     0.00   0.00    0.00     0.00    4.00    2.00    0.02   1.30


avg-cpu:  %user   %nice %system %iowait  %steal   %idle
           1.34    0.00    0.61    0.00    0.00   98.04

Device            r/s     rkB/s   rrqm/s  %rrqm r_await rareq-sz     w/s     wkB/s   wrqm/s  %wrqm w_await wareq-sz     d/s     dkB/s   drqm/s  %drqm d_await dareq-sz     f/s f_await  aqu-sz  %util
nvme0n1          0.00      0.00     0.00   0.00    0.00     0.00   43.00    624.00     0.00   0.00    0.30    14.51    0.00      0.00     0.00   0.00    0.00     0.00    2.00    2.00    0.02   0.70


avg-cpu:  %user   %nice %system %iowait  %steal   %idle
           1.40    0.00    0.61    0.06    0.00   97.93

Device            r/s     rkB/s   rrqm/s  %rrqm r_await rareq-sz     w/s     wkB/s   wrqm/s  %wrqm w_await wareq-sz     d/s     dkB/s   drqm/s  %drqm d_await dareq-sz     f/s f_await  aqu-sz  %util
nvme0n1          0.00      0.00     0.00   0.00    0.00     0.00   20.00    212.00     0.00   0.00    0.55    10.60    0.00      0.00     0.00   0.00    0.00     0.00    3.00    1.67    0.02   0.90


avg-cpu:  %user   %nice %system %iowait  %steal   %idle
           4.76    0.00    0.96    0.06    0.00   94.21

Device            r/s     rkB/s   rrqm/s  %rrqm r_await rareq-sz     w/s     wkB/s   wrqm/s  %wrqm w_await wareq-sz     d/s     dkB/s   drqm/s  %drqm d_await dareq-sz     f/s f_await  aqu-sz  %util
nvme0n1          0.00      0.00     0.00   0.00    0.00     0.00   14.00    144.00     0.00   0.00    0.50    10.29    0.00      0.00     0.00   0.00    0.00     0.00    2.00    2.00    0.01   0.70


avg-cpu:  %user   %nice %system %iowait  %steal   %idle
           2.19    0.00    0.79    0.12    0.00   96.90

Device            r/s     rkB/s   rrqm/s  %rrqm r_await rareq-sz     w/s     wkB/s   wrqm/s  %wrqm w_await wareq-sz     d/s     dkB/s   drqm/s  %drqm d_await dareq-sz     f/s f_await  aqu-sz  %util
nvme0n1          0.00      0.00     0.00   0.00    0.00     0.00   39.00    424.00     0.00   0.00    0.49    10.87    0.00      0.00     0.00   0.00    0.00     0.00    6.00    1.83    0.03   1.70


avg-cpu:  %user   %nice %system %iowait  %steal   %idle
           1.89    0.00    0.79    0.06    0.00   97.26

Device            r/s     rkB/s   rrqm/s  %rrqm r_await rareq-sz     w/s     wkB/s   wrqm/s  %wrqm w_await wareq-sz     d/s     dkB/s   drqm/s  %drqm d_await dareq-sz     f/s f_await  aqu-sz  %util
nvme0n1          0.00      0.00     0.00   0.00    0.00     0.00   26.00    280.00     0.00   0.00    0.54    10.77    0.00      0.00     0.00   0.00    0.00     0.00    4.00    2.00    0.02   1.30


avg-cpu:  %user   %nice %system %iowait  %steal   %idle
           3.53    0.00    0.61    0.00    0.00   95.86

Device            r/s     rkB/s   rrqm/s  %rrqm r_await rareq-sz     w/s     wkB/s   wrqm/s  %wrqm w_await wareq-sz     d/s     dkB/s   drqm/s  %drqm d_await dareq-sz     f/s f_await  aqu-sz  %util
nvme0n1          0.00      0.00     0.00   0.00    0.00     0.00   17.00    160.00     0.00   0.00    0.41     9.41    0.00      0.00     0.00   0.00    0.00     0.00    2.00    1.50    0.01   0.60


avg-cpu:  %user   %nice %system %iowait  %steal   %idle
           1.64    0.00    0.73    0.06    0.00   97.57

Device            r/s     rkB/s   rrqm/s  %rrqm r_await rareq-sz     w/s     wkB/s   wrqm/s  %wrqm w_await wareq-sz     d/s     dkB/s   drqm/s  %drqm d_await dareq-sz     f/s f_await  aqu-sz  %util
nvme0n1          0.00      0.00     0.00   0.00    0.00     0.00   17.00    156.00     0.00   0.00    0.47     9.18    0.00      0.00     0.00   0.00    0.00     0.00    2.00    2.00    0.01   0.50


avg-cpu:  %user   %nice %system %iowait  %steal   %idle
           2.18    0.00    0.85    0.00    0.00   96.98

Device            r/s     rkB/s   rrqm/s  %rrqm r_await rareq-sz     w/s     wkB/s   wrqm/s  %wrqm w_await wareq-sz     d/s     dkB/s   drqm/s  %drqm d_await dareq-sz     f/s f_await  aqu-sz  %util
nvme0n1          0.00      0.00     0.00   0.00    0.00     0.00   14.00    144.00     0.00   0.00    0.50    10.29    0.00      0.00     0.00   0.00    0.00     0.00    2.00    1.50    0.01   0.60


avg-cpu:  %user   %nice %system %iowait  %steal   %idle
           1.94    0.00    0.85    0.12    0.00   97.09

Device            r/s     rkB/s   rrqm/s  %rrqm r_await rareq-sz     w/s     wkB/s   wrqm/s  %wrqm w_await wareq-sz     d/s     dkB/s   drqm/s  %drqm d_await dareq-sz     f/s f_await  aqu-sz  %util
nvme0n1          0.00      0.00     0.00   0.00    0.00     0.00   38.00    444.00     0.00   0.00    0.45    11.68    0.00      0.00     0.00   0.00    0.00     0.00    5.00    2.00    0.03   1.50


avg-cpu:  %user   %nice %system %iowait  %steal   %idle
           3.52    0.00    1.15    0.06    0.00   95.27

Device            r/s     rkB/s   rrqm/s  %rrqm r_await rareq-sz     w/s     wkB/s   wrqm/s  %wrqm w_await wareq-sz     d/s     dkB/s   drqm/s  %drqm d_await dareq-sz     f/s f_await  aqu-sz  %util
nvme0n1          0.00      0.00     0.00   0.00    0.00     0.00   40.00    504.00     0.00   0.00    0.35    12.60    0.00      0.00     0.00   0.00    0.00     0.00    4.00    2.00    0.02   1.30


avg-cpu:  %user   %nice %system %iowait  %steal   %idle
           3.08    0.00    1.09    0.06    0.00   95.77

Device            r/s     rkB/s   rrqm/s  %rrqm r_await rareq-sz     w/s     wkB/s   wrqm/s  %wrqm w_await wareq-sz     d/s     dkB/s   drqm/s  %drqm d_await dareq-sz     f/s f_await  aqu-sz  %util
nvme0n1          0.00      0.00     0.00   0.00    0.00     0.00   46.00    596.00     0.00   0.00    0.30    12.96    0.00      0.00     0.00   0.00    0.00     0.00    4.00    1.75    0.02   1.20


avg-cpu:  %user   %nice %system %iowait  %steal   %idle
           1.82    0.00    0.91    0.06    0.00   97.20

Device            r/s     rkB/s   rrqm/s  %rrqm r_await rareq-sz     w/s     wkB/s   wrqm/s  %wrqm w_await wareq-sz     d/s     dkB/s   drqm/s  %drqm d_await dareq-sz     f/s f_await  aqu-sz  %util
nvme0n1          0.00      0.00     0.00   0.00    0.00     0.00   22.00    272.00     0.00   0.00    0.36    12.36    0.00      0.00     0.00   0.00    0.00     0.00    2.00    2.00    0.01   0.50


avg-cpu:  %user   %nice %system %iowait  %steal   %idle
           2.24    0.00    0.79    0.00    0.00   96.98

Device            r/s     rkB/s   rrqm/s  %rrqm r_await rareq-sz     w/s     wkB/s   wrqm/s  %wrqm w_await wareq-sz     d/s     dkB/s   drqm/s  %drqm d_await dareq-sz     f/s f_await  aqu-sz  %util
nvme0n1          0.00      0.00     0.00   0.00    0.00     0.00   22.00    272.00     0.00   0.00    0.36    12.36    0.00      0.00     0.00   0.00    0.00     0.00    2.00    2.00    0.01   0.60


