Linux 7.2.6-200.fc44.x86_64 (fedora.fritz.box) 	09/26/2026 	_x86_64_	(16 CPU)

avg-cpu:  %user   %nice %system %iowait  %steal   %idle
           0.67    0.03    0.74    0.38    0.00   98.18

Device            r/s     rkB/s   rrqm/s  %rrqm r_await rareq-sz     w/s     wkB/s   wrqm/s  %wrqm w_await wareq-sz     d/s     dkB/s   drqm/s  %drqm d_await dareq-sz     f/s f_await  aqu-sz  %util
nvme0n1         20.09    662.63     1.95   8.83    2.63    32.98  188.43   2225.39     0.19   0.10    0.49    11.81    0.17     64.16     0.00   0.00    1.57   388.42   18.55    1.92    0.18   5.78


avg-cpu:  %user   %nice %system %iowait  %steal   %idle
           3.76    0.00    1.28    0.61    0.00   94.35

Device            r/s     rkB/s   rrqm/s  %rrqm r_await rareq-sz     w/s     wkB/s   wrqm/s  %wrqm w_await wareq-sz     d/s     dkB/s   drqm/s  %drqm d_await dareq-sz     f/s f_await  aqu-sz  %util
nvme0n1          0.00      0.00     0.00   0.00    0.00     0.00  363.00   4232.00     0.00   0.00    0.32    11.66    0.00      0.00     0.00   0.00    0.00     0.00   37.00    1.92    0.19  10.40


avg-cpu:  %user   %nice %system %iowait  %steal   %idle
           0.50    0.00    0.43    4.90    0.00   94.17

Device            r/s     rkB/s   rrqm/s  %rrqm r_await rareq-sz     w/s     wkB/s   wrqm/s  %wrqm w_await wareq-sz     d/s     dkB/s   drqm/s  %drqm d_await dareq-sz     f/s f_await  aqu-sz  %util
nvme0n1          0.00      0.00     0.00   0.00    0.00     0.00 2458.00  28464.00    10.00   0.41    0.34    11.58    0.00      0.00     0.00   0.00    0.00     0.00  272.00    1.93    1.37  79.00


avg-cpu:  %user   %nice %system %iowait  %steal   %idle
           0.50    0.00    0.50    5.20    0.00   93.81

Device            r/s     rkB/s   rrqm/s  %rrqm r_await rareq-sz     w/s     wkB/s   wrqm/s  %wrqm w_await wareq-sz     d/s     dkB/s   drqm/s  %drqm d_await dareq-sz     f/s f_await  aqu-sz  %util
nvme0n1          0.00      0.00     0.00   0.00    0.00     0.00 2642.00  30476.00     7.00   0.26    0.34    11.54    0.00      0.00     0.00   0.00    0.00     0.00  292.00    1.93    1.47  85.60


avg-cpu:  %user   %nice %system %iowait  %steal   %idle
           0.49    0.00    0.62    5.13    0.00   93.75

Device            r/s     rkB/s   rrqm/s  %rrqm r_await rareq-sz     w/s     wkB/s   wrqm/s  %wrqm w_await wareq-sz     d/s     dkB/s   drqm/s  %drqm d_await dareq-sz     f/s f_await  aqu-sz  %util
nvme0n1          0.00      0.00     0.00   0.00    0.00     0.00 2666.00  30652.00     0.00   0.00    0.34    11.50    0.00      0.00     0.00   0.00    0.00     0.00  295.00    1.93    1.47  83.60


avg-cpu:  %user   %nice %system %iowait  %steal   %idle
           0.49    0.00    0.49    5.13    0.00   93.88

Device            r/s     rkB/s   rrqm/s  %rrqm r_await rareq-sz     w/s     wkB/s   wrqm/s  %wrqm w_await wareq-sz     d/s     dkB/s   drqm/s  %drqm d_await dareq-sz     f/s f_await  aqu-sz  %util
nvme0n1          0.00      0.00     0.00   0.00    0.00     0.00 2676.00  30768.00     0.00   0.00    0.34    11.50    0.00      0.00     0.00   0.00    0.00     0.00  294.00    1.92    1.46  83.90


avg-cpu:  %user   %nice %system %iowait  %steal   %idle
           0.37    0.00    0.43    5.19    0.00   94.00

Device            r/s     rkB/s   rrqm/s  %rrqm r_await rareq-sz     w/s     wkB/s   wrqm/s  %wrqm w_await wareq-sz     d/s     dkB/s   drqm/s  %drqm d_await dareq-sz     f/s f_await  aqu-sz  %util
nvme0n1          0.00      0.00     0.00   0.00    0.00     0.00 2658.00  30552.00     0.00   0.00    0.34    11.49    0.00      0.00     0.00   0.00    0.00     0.00  294.00    1.94    1.47  84.40


avg-cpu:  %user   %nice %system %iowait  %steal   %idle
           0.50    0.00    0.43    5.14    0.00   93.93

Device            r/s     rkB/s   rrqm/s  %rrqm r_await rareq-sz     w/s     wkB/s   wrqm/s  %wrqm w_await wareq-sz     d/s     dkB/s   drqm/s  %drqm d_await dareq-sz     f/s f_await  aqu-sz  %util
nvme0n1          0.00      0.00     0.00   0.00    0.00     0.00 2658.00  30556.00     0.00   0.00    0.34    11.50    0.00      0.00     0.00   0.00    0.00     0.00  293.00    1.93    1.47  84.40


avg-cpu:  %user   %nice %system %iowait  %steal   %idle
           0.37    0.00    0.37    5.20    0.00   94.05

Device            r/s     rkB/s   rrqm/s  %rrqm r_await rareq-sz     w/s     wkB/s   wrqm/s  %wrqm w_await wareq-sz     d/s     dkB/s   drqm/s  %drqm d_await dareq-sz     f/s f_await  aqu-sz  %util
nvme0n1          0.00      0.00     0.00   0.00    0.00     0.00 2724.00  31532.00     0.00   0.00    0.33    11.58    0.00      0.00     0.00   0.00    0.00     0.00  295.00    1.94    1.47  84.40


avg-cpu:  %user   %nice %system %iowait  %steal   %idle
           0.31    0.00    0.43    5.21    0.00   94.05

Device            r/s     rkB/s   rrqm/s  %rrqm r_await rareq-sz     w/s     wkB/s   wrqm/s  %wrqm w_await wareq-sz     d/s     dkB/s   drqm/s  %drqm d_await dareq-sz     f/s f_await  aqu-sz  %util
nvme0n1          0.00      0.00     0.00   0.00    0.00     0.00 2708.00  31300.00     0.00   0.00    0.33    11.56    0.00      0.00     0.00   0.00    0.00     0.00  295.00    1.92    1.47  84.90


avg-cpu:  %user   %nice %system %iowait  %steal   %idle
           0.50    0.00    0.43    5.08    0.00   93.99

Device            r/s     rkB/s   rrqm/s  %rrqm r_await rareq-sz     w/s     wkB/s   wrqm/s  %wrqm w_await wareq-sz     d/s     dkB/s   drqm/s  %drqm d_await dareq-sz     f/s f_await  aqu-sz  %util
nvme0n1          0.00      0.00     0.00   0.00    0.00     0.00 2713.00  31396.00     0.00   0.00    0.33    11.57    0.00      0.00     0.00   0.00    0.00     0.00  294.00    1.93    1.47  83.80


avg-cpu:  %user   %nice %system %iowait  %steal   %idle
           0.31    0.00    0.37    5.15    0.00   94.17

Device            r/s     rkB/s   rrqm/s  %rrqm r_await rareq-sz     w/s     wkB/s   wrqm/s  %wrqm w_await wareq-sz     d/s     dkB/s   drqm/s  %drqm d_await dareq-sz     f/s f_await  aqu-sz  %util
nvme0n1          0.00      0.00     0.00   0.00    0.00     0.00 2697.00  31192.00     0.00   0.00    0.33    11.57    0.00      0.00     0.00   0.00    0.00     0.00  293.00    1.93    1.47  84.00


avg-cpu:  %user   %nice %system %iowait  %steal   %idle
           0.37    0.00    0.43    5.26    0.00   93.94

Device            r/s     rkB/s   rrqm/s  %rrqm r_await rareq-sz     w/s     wkB/s   wrqm/s  %wrqm w_await wareq-sz     d/s     dkB/s   drqm/s  %drqm d_await dareq-sz     f/s f_await  aqu-sz  %util
nvme0n1          0.00      0.00     0.00   0.00    0.00     0.00 2694.00  31152.00     0.00   0.00    0.34    11.56    0.00      0.00     0.00   0.00    0.00     0.00  294.00    1.95    1.48  85.40


avg-cpu:  %user   %nice %system %iowait  %steal   %idle
           0.37    0.00    0.43    5.20    0.00   93.99

Device            r/s     rkB/s   rrqm/s  %rrqm r_await rareq-sz     w/s     wkB/s   wrqm/s  %wrqm w_await wareq-sz     d/s     dkB/s   drqm/s  %drqm d_await dareq-sz     f/s f_await  aqu-sz  %util
nvme0n1          0.00      0.00     0.00   0.00    0.00     0.00 2696.00  31192.00     0.00   0.00    0.33    11.57    0.00      0.00     0.00   0.00    0.00     0.00  292.00    1.95    1.47  85.30


avg-cpu:  %user   %nice %system %iowait  %steal   %idle
           0.37    0.00    0.50    5.15    0.00   93.98

Device            r/s     rkB/s   rrqm/s  %rrqm r_await rareq-sz     w/s     wkB/s   wrqm/s  %wrqm w_await wareq-sz     d/s     dkB/s   drqm/s  %drqm d_await dareq-sz     f/s f_await  aqu-sz  %util
nvme0n1          0.00      0.00     0.00   0.00    0.00     0.00 2697.00  31192.00     0.00   0.00    0.34    11.57    0.00      0.00     0.00   0.00    0.00     0.00  293.00    1.92    1.47  85.00


avg-cpu:  %user   %nice %system %iowait  %steal   %idle
           0.37    0.00    0.37    5.15    0.00   94.11

Device            r/s     rkB/s   rrqm/s  %rrqm r_await rareq-sz     w/s     wkB/s   wrqm/s  %wrqm w_await wareq-sz     d/s     dkB/s   drqm/s  %drqm d_await dareq-sz     f/s f_await  aqu-sz  %util
nvme0n1          0.00      0.00     0.00   0.00    0.00     0.00 2689.00  31088.00     0.00   0.00    0.34    11.56    0.00      0.00     0.00   0.00    0.00     0.00  293.00    1.92    1.48  84.30


avg-cpu:  %user   %nice %system %iowait  %steal   %idle
           0.31    0.00    0.56    5.15    0.00   93.99

Device            r/s     rkB/s   rrqm/s  %rrqm r_await rareq-sz     w/s     wkB/s   wrqm/s  %wrqm w_await wareq-sz     d/s     dkB/s   drqm/s  %drqm d_await dareq-sz     f/s f_await  aqu-sz  %util
nvme0n1          0.00      0.00     0.00   0.00    0.00     0.00 2705.00  31296.00     0.00   0.00    0.34    11.57    0.00      0.00     0.00   0.00    0.00     0.00  293.00    1.92    1.47  84.90


avg-cpu:  %user   %nice %system %iowait  %steal   %idle
           0.43    0.00    0.43    5.27    0.00   93.86

Device            r/s     rkB/s   rrqm/s  %rrqm r_await rareq-sz     w/s     wkB/s   wrqm/s  %wrqm w_await wareq-sz     d/s     dkB/s   drqm/s  %drqm d_await dareq-sz     f/s f_await  aqu-sz  %util
nvme0n1          0.00      0.00     0.00   0.00    0.00     0.00 2679.21  30986.14     0.00   0.00    0.34    11.57    0.00      0.00     0.00   0.00    0.00     0.00  291.09    1.94    1.46  84.06


avg-cpu:  %user   %nice %system %iowait  %steal   %idle
           0.44    0.00    0.37    5.23    0.00   93.96

Device            r/s     rkB/s   rrqm/s  %rrqm r_await rareq-sz     w/s     wkB/s   wrqm/s  %wrqm w_await wareq-sz     d/s     dkB/s   drqm/s  %drqm d_await dareq-sz     f/s f_await  aqu-sz  %util
nvme0n1          0.00      0.00     0.00   0.00    0.00     0.00 2688.00  31084.00     0.00   0.00    0.34    11.56    0.00      0.00     0.00   0.00    0.00     0.00  293.00    1.94    1.48  84.80


avg-cpu:  %user   %nice %system %iowait  %steal   %idle
           0.43    0.00    0.56    5.26    0.00   93.75

Device            r/s     rkB/s   rrqm/s  %rrqm r_await rareq-sz     w/s     wkB/s   wrqm/s  %wrqm w_await wareq-sz     d/s     dkB/s   drqm/s  %drqm d_await dareq-sz     f/s f_await  aqu-sz  %util
nvme0n1          0.00      0.00     0.00   0.00    0.00     0.00 2696.00  31192.00     0.00   0.00    0.34    11.57    0.00      0.00     0.00   0.00    0.00     0.00  292.00    1.93    1.47  85.60


avg-cpu:  %user   %nice %system %iowait  %steal   %idle
           0.37    0.00    0.43    5.15    0.00   94.05

Device            r/s     rkB/s   rrqm/s  %rrqm r_await rareq-sz     w/s     wkB/s   wrqm/s  %wrqm w_await wareq-sz     d/s     dkB/s   drqm/s  %drqm d_await dareq-sz     f/s f_await  aqu-sz  %util
nvme0n1          0.00      0.00     0.00   0.00    0.00     0.00 2698.00  31192.00     0.00   0.00    0.34    11.56    0.00      0.00     0.00   0.00    0.00     0.00  294.00    1.93    1.48  84.60


avg-cpu:  %user   %nice %system %iowait  %steal   %idle
           0.31    0.00    0.37    5.20    0.00   94.12

Device            r/s     rkB/s   rrqm/s  %rrqm r_await rareq-sz     w/s     wkB/s   wrqm/s  %wrqm w_await wareq-sz     d/s     dkB/s   drqm/s  %drqm d_await dareq-sz     f/s f_await  aqu-sz  %util
nvme0n1          0.00      0.00     0.00   0.00    0.00     0.00 2705.00  31296.00     0.00   0.00    0.34    11.57    0.00      0.00     0.00   0.00    0.00     0.00  293.00    1.93    1.48  84.80


avg-cpu:  %user   %nice %system %iowait  %steal   %idle
           0.43    0.00    0.62    5.15    0.00   93.80

Device            r/s     rkB/s   rrqm/s  %rrqm r_await rareq-sz     w/s     wkB/s   wrqm/s  %wrqm w_await wareq-sz     d/s     dkB/s   drqm/s  %drqm d_await dareq-sz     f/s f_await  aqu-sz  %util
nvme0n1          0.00      0.00     0.00   0.00    0.00     0.00 3396.00  42364.00     0.00   0.00    0.87    12.47    0.00      0.00     0.00   0.00    0.00     0.00  293.00    1.92    3.52  84.70


avg-cpu:  %user   %nice %system %iowait  %steal   %idle
           0.43    0.00    0.37    5.21    0.00   93.98

Device            r/s     rkB/s   rrqm/s  %rrqm r_await rareq-sz     w/s     wkB/s   wrqm/s  %wrqm w_await wareq-sz     d/s     dkB/s   drqm/s  %drqm d_await dareq-sz     f/s f_await  aqu-sz  %util
nvme0n1          0.00      0.00     0.00   0.00    0.00     0.00 2094.00  21396.00     0.00   0.00    0.41    10.22    0.00      0.00     0.00   0.00    0.00     0.00  297.00    1.89    1.41  83.70


avg-cpu:  %user   %nice %system %iowait  %steal   %idle
           0.43    0.00    0.43    5.08    0.00   94.05

Device            r/s     rkB/s   rrqm/s  %rrqm r_await rareq-sz     w/s     wkB/s   wrqm/s  %wrqm w_await wareq-sz     d/s     dkB/s   drqm/s  %drqm d_await dareq-sz     f/s f_await  aqu-sz  %util
nvme0n1          0.00      0.00     0.00   0.00    0.00     0.00 2099.00  21464.00     0.00   0.00    0.40    10.23    0.00      0.00     0.00   0.00    0.00     0.00  297.00    1.90    1.41  82.80


avg-cpu:  %user   %nice %system %iowait  %steal   %idle
           0.43    0.00    0.31    5.14    0.00   94.11

Device            r/s     rkB/s   rrqm/s  %rrqm r_await rareq-sz     w/s     wkB/s   wrqm/s  %wrqm w_await wareq-sz     d/s     dkB/s   drqm/s  %drqm d_await dareq-sz     f/s f_await  aqu-sz  %util
nvme0n1          0.00      0.00     0.00   0.00    0.00     0.00 2098.00  21460.00     0.00   0.00    0.40    10.23    0.00      0.00     0.00   0.00    0.00     0.00  297.00    1.90    1.41  82.90


avg-cpu:  %user   %nice %system %iowait  %steal   %idle
           0.31    0.00    0.37    5.15    0.00   94.17

Device            r/s     rkB/s   rrqm/s  %rrqm r_await rareq-sz     w/s     wkB/s   wrqm/s  %wrqm w_await wareq-sz     d/s     dkB/s   drqm/s  %drqm d_await dareq-sz     f/s f_await  aqu-sz  %util
nvme0n1          0.00      0.00     0.00   0.00    0.00     0.00 2098.00  21460.00     0.00   0.00    0.41    10.23    0.00      0.00     0.00   0.00    0.00     0.00  297.00    1.90    1.42  83.90


avg-cpu:  %user   %nice %system %iowait  %steal   %idle
           0.43    0.00    0.43    5.09    0.00   94.04

Device            r/s     rkB/s   rrqm/s  %rrqm r_await rareq-sz     w/s     wkB/s   wrqm/s  %wrqm w_await wareq-sz     d/s     dkB/s   drqm/s  %drqm d_await dareq-sz     f/s f_await  aqu-sz  %util
nvme0n1          0.00      0.00     0.00   0.00    0.00     0.00 2105.00  21536.00     0.00   0.00    0.40    10.23    0.00      0.00     0.00   0.00    0.00     0.00  297.00    1.88    1.40  82.70


avg-cpu:  %user   %nice %system %iowait  %steal   %idle
           0.43    0.00    0.43    5.07    0.00   94.06

Device            r/s     rkB/s   rrqm/s  %rrqm r_await rareq-sz     w/s     wkB/s   wrqm/s  %wrqm w_await wareq-sz     d/s     dkB/s   drqm/s  %drqm d_await dareq-sz     f/s f_await  aqu-sz  %util
nvme0n1          0.00      0.00     0.00   0.00    0.00     0.00 2099.00  21464.00     0.00   0.00    0.40    10.23    0.00      0.00     0.00   0.00    0.00     0.00  297.00    1.88    1.40  81.90


avg-cpu:  %user   %nice %system %iowait  %steal   %idle
           0.31    0.00    0.37    5.16    0.00   94.15

Device            r/s     rkB/s   rrqm/s  %rrqm r_await rareq-sz     w/s     wkB/s   wrqm/s  %wrqm w_await wareq-sz     d/s     dkB/s   drqm/s  %drqm d_await dareq-sz     f/s f_await  aqu-sz  %util
nvme0n1          0.00      0.00     0.00   0.00    0.00     0.00 2085.00  21320.00     0.00   0.00    0.41    10.23    0.00      0.00     0.00   0.00    0.00     0.00  295.00    1.92    1.42  83.90


avg-cpu:  %user   %nice %system %iowait  %steal   %idle
           0.43    0.00    0.43    5.07    0.00   94.06

Device            r/s     rkB/s   rrqm/s  %rrqm r_await rareq-sz     w/s     wkB/s   wrqm/s  %wrqm w_await wareq-sz     d/s     dkB/s   drqm/s  %drqm d_await dareq-sz     f/s f_await  aqu-sz  %util
nvme0n1          0.00      0.00     0.00   0.00    0.00     0.00 2114.00  21664.00     0.00   0.00    0.40    10.25    0.00      0.00     0.00   0.00    0.00     0.00  298.00    1.88    1.41  82.00


avg-cpu:  %user   %nice %system %iowait  %steal   %idle
           0.37    0.00    0.43    5.14    0.00   94.05

Device            r/s     rkB/s   rrqm/s  %rrqm r_await rareq-sz     w/s     wkB/s   wrqm/s  %wrqm w_await wareq-sz     d/s     dkB/s   drqm/s  %drqm d_await dareq-sz     f/s f_await  aqu-sz  %util
nvme0n1          0.00      0.00     0.00   0.00    0.00     0.00 2218.00  22076.00     1.00   0.05    0.40     9.95    0.00      0.00     0.00   0.00    0.00     0.00  298.00    1.88    1.45  83.20


avg-cpu:  %user   %nice %system %iowait  %steal   %idle
           0.43    0.00    0.43    5.15    0.00   93.98

Device            r/s     rkB/s   rrqm/s  %rrqm r_await rareq-sz     w/s     wkB/s   wrqm/s  %wrqm w_await wareq-sz     d/s     dkB/s   drqm/s  %drqm d_await dareq-sz     f/s f_await  aqu-sz  %util
nvme0n1          0.00      0.00     0.00   0.00    0.00     0.00 2105.00  21536.00     0.00   0.00    0.40    10.23    0.00      0.00     0.00   0.00    0.00     0.00  297.00    1.88    1.40  82.70


avg-cpu:  %user   %nice %system %iowait  %steal   %idle
           0.43    0.00    0.43    5.08    0.00   94.05

Device            r/s     rkB/s   rrqm/s  %rrqm r_await rareq-sz     w/s     wkB/s   wrqm/s  %wrqm w_await wareq-sz     d/s     dkB/s   drqm/s  %drqm d_await dareq-sz     f/s f_await  aqu-sz  %util
nvme0n1          0.00      0.00     0.00   0.00    0.00     0.00 2607.00  29696.00     0.00   0.00    0.34    11.39    0.00      0.00     0.00   0.00    0.00     0.00  295.00    1.93    1.46  83.40


avg-cpu:  %user   %nice %system %iowait  %steal   %idle
           0.31    0.00    0.37    5.34    0.00   93.98

Device            r/s     rkB/s   rrqm/s  %rrqm r_await rareq-sz     w/s     wkB/s   wrqm/s  %wrqm w_await wareq-sz     d/s     dkB/s   drqm/s  %drqm d_await dareq-sz     f/s f_await  aqu-sz  %util
nvme0n1          0.00      0.00     0.00   0.00    0.00     0.00 2687.00  31088.00     0.00   0.00    0.34    11.57    0.00      0.00     0.00   0.00    0.00     0.00  291.00    1.95    1.47  85.70


avg-cpu:  %user   %nice %system %iowait  %steal   %idle
           0.37    0.00    0.37    5.14    0.00   94.12

Device            r/s     rkB/s   rrqm/s  %rrqm r_await rareq-sz     w/s     wkB/s   wrqm/s  %wrqm w_await wareq-sz     d/s     dkB/s   drqm/s  %drqm d_await dareq-sz     f/s f_await  aqu-sz  %util
nvme0n1          0.00      0.00     0.00   0.00    0.00     0.00 2706.00  31296.00     0.00   0.00    0.33    11.57    0.00      0.00     0.00   0.00    0.00     0.00  294.00    1.94    1.48  84.40


avg-cpu:  %user   %nice %system %iowait  %steal   %idle
           3.62    0.00    1.15    0.97    0.00   94.27

Device            r/s     rkB/s   rrqm/s  %rrqm r_await rareq-sz     w/s     wkB/s   wrqm/s  %wrqm w_await wareq-sz     d/s     dkB/s   drqm/s  %drqm d_await dareq-sz     f/s f_await  aqu-sz  %util
nvme0n1          0.00      0.00     0.00   0.00    0.00     0.00  556.00   6480.00     0.00   0.00    0.33    11.65    0.00      0.00     0.00   0.00    0.00     0.00   58.00    1.90    0.29  16.90


avg-cpu:  %user   %nice %system %iowait  %steal   %idle
           0.50    0.00    0.44    4.42    0.00   94.65

Device            r/s     rkB/s   rrqm/s  %rrqm r_await rareq-sz     w/s     wkB/s   wrqm/s  %wrqm w_await wareq-sz     d/s     dkB/s   drqm/s  %drqm d_await dareq-sz     f/s f_await  aqu-sz  %util
nvme0n1          0.00      0.00     0.00   0.00    0.00     0.00 2257.00  26096.00     4.00   0.18    0.34    11.56    0.00      0.00     0.00   0.00    0.00     0.00  249.00    1.93    1.25  72.30


avg-cpu:  %user   %nice %system %iowait  %steal   %idle
           0.50    0.00    0.43    5.15    0.00   93.92

Device            r/s     rkB/s   rrqm/s  %rrqm r_await rareq-sz     w/s     wkB/s   wrqm/s  %wrqm w_await wareq-sz     d/s     dkB/s   drqm/s  %drqm d_await dareq-sz     f/s f_await  aqu-sz  %util
nvme0n1          0.00      0.00     0.00   0.00    0.00     0.00 2665.00  30652.00     0.00   0.00    0.34    11.50    0.00      0.00     0.00   0.00    0.00     0.00  294.00    1.93    1.47  84.30


avg-cpu:  %user   %nice %system %iowait  %steal   %idle
           0.50    0.00    0.50    5.14    0.00   93.87

Device            r/s     rkB/s   rrqm/s  %rrqm r_await rareq-sz     w/s     wkB/s   wrqm/s  %wrqm w_await wareq-sz     d/s     dkB/s   drqm/s  %drqm d_await dareq-sz     f/s f_await  aqu-sz  %util
nvme0n1          0.00      0.00     0.00   0.00    0.00     0.00 2654.00  30516.00     0.00   0.00    0.34    11.50    0.00      0.00     0.00   0.00    0.00     0.00  293.00    1.94    1.47  84.00


avg-cpu:  %user   %nice %system %iowait  %steal   %idle
           0.37    0.00    0.37    5.22    0.00   94.04

Device            r/s     rkB/s   rrqm/s  %rrqm r_await rareq-sz     w/s     wkB/s   wrqm/s  %wrqm w_await wareq-sz     d/s     dkB/s   drqm/s  %drqm d_await dareq-sz     f/s f_await  aqu-sz  %util
nvme0n1          0.00      0.00     0.00   0.00    0.00     0.00 2656.00  30548.00     0.00   0.00    0.34    11.50    0.00      0.00     0.00   0.00    0.00     0.00  293.00    1.95    1.47  84.70


avg-cpu:  %user   %nice %system %iowait  %steal   %idle
           0.43    0.00    0.43    5.21    0.00   93.92

Device            r/s     rkB/s   rrqm/s  %rrqm r_await rareq-sz     w/s     wkB/s   wrqm/s  %wrqm w_await wareq-sz     d/s     dkB/s   drqm/s  %drqm d_await dareq-sz     f/s f_await  aqu-sz  %util
nvme0n1          0.00      0.00     0.00   0.00    0.00     0.00 2646.00  30444.00     0.00   0.00    0.34    11.51    0.00      0.00     0.00   0.00    0.00     0.00  291.00    1.95    1.47  85.40


avg-cpu:  %user   %nice %system %iowait  %steal   %idle
           0.37    0.00    0.43    5.26    0.00   93.94

Device            r/s     rkB/s   rrqm/s  %rrqm r_await rareq-sz     w/s     wkB/s   wrqm/s  %wrqm w_await wareq-sz     d/s     dkB/s   drqm/s  %drqm d_await dareq-sz     f/s f_await  aqu-sz  %util
nvme0n1          0.00      0.00     0.00   0.00    0.00     0.00 2650.00  30452.00     0.00   0.00    0.34    11.49    0.00      0.00     0.00   0.00    0.00     0.00  293.00    1.94    1.47  84.80


avg-cpu:  %user   %nice %system %iowait  %steal   %idle
           0.49    0.00    0.49    5.13    0.00   93.88

Device            r/s     rkB/s   rrqm/s  %rrqm r_await rareq-sz     w/s     wkB/s   wrqm/s  %wrqm w_await wareq-sz     d/s     dkB/s   drqm/s  %drqm d_await dareq-sz     f/s f_await  aqu-sz  %util
nvme0n1          0.00      0.00     0.00   0.00    0.00     0.00 2646.00  30444.00     0.00   0.00    0.34    11.51    0.00      0.00     0.00   0.00    0.00     0.00  291.00    1.94    1.47  84.10


avg-cpu:  %user   %nice %system %iowait  %steal   %idle
           0.43    0.00    0.43    5.27    0.00   93.87

Device            r/s     rkB/s   rrqm/s  %rrqm r_await rareq-sz     w/s     wkB/s   wrqm/s  %wrqm w_await wareq-sz     d/s     dkB/s   drqm/s  %drqm d_await dareq-sz     f/s f_await  aqu-sz  %util
nvme0n1          0.00      0.00     0.00   0.00    0.00     0.00 2666.00  30656.00     0.00   0.00    0.34    11.50    0.00      0.00     0.00   0.00    0.00     0.00  294.00    1.92    1.47  85.20


avg-cpu:  %user   %nice %system %iowait  %steal   %idle
           0.25    0.00    0.37    5.22    0.00   94.16

Device            r/s     rkB/s   rrqm/s  %rrqm r_await rareq-sz     w/s     wkB/s   wrqm/s  %wrqm w_await wareq-sz     d/s     dkB/s   drqm/s  %drqm d_await dareq-sz     f/s f_await  aqu-sz  %util
nvme0n1          0.00      0.00     0.00   0.00    0.00     0.00 2687.00  31004.00     0.00   0.00    0.34    11.54    0.00      0.00     0.00   0.00    0.00     0.00  294.00    1.93    1.48  84.80


avg-cpu:  %user   %nice %system %iowait  %steal   %idle
           0.31    0.00    0.50    5.21    0.00   93.98

Device            r/s     rkB/s   rrqm/s  %rrqm r_await rareq-sz     w/s     wkB/s   wrqm/s  %wrqm w_await wareq-sz     d/s     dkB/s   drqm/s  %drqm d_await dareq-sz     f/s f_await  aqu-sz  %util
nvme0n1          0.00      0.00     0.00   0.00    0.00     0.00 2701.00  31256.00     0.00   0.00    0.34    11.57    0.00      0.00     0.00   0.00    0.00     0.00  293.00    1.93    1.47  84.90


avg-cpu:  %user   %nice %system %iowait  %steal   %idle
           0.43    0.00    0.37    5.21    0.00   93.98

Device            r/s     rkB/s   rrqm/s  %rrqm r_await rareq-sz     w/s     wkB/s   wrqm/s  %wrqm w_await wareq-sz     d/s     dkB/s   drqm/s  %drqm d_await dareq-sz     f/s f_await  aqu-sz  %util
nvme0n1          0.00      0.00     0.00   0.00    0.00     0.00 2687.00  31084.00     0.00   0.00    0.34    11.57    0.00      0.00     0.00   0.00    0.00     0.00  292.00    1.95    1.48  85.20


avg-cpu:  %user   %nice %system %iowait  %steal   %idle
           0.37    0.00    0.37    5.27    0.00   93.99

Device            r/s     rkB/s   rrqm/s  %rrqm r_await rareq-sz     w/s     wkB/s   wrqm/s  %wrqm w_await wareq-sz     d/s     dkB/s   drqm/s  %drqm d_await dareq-sz     f/s f_await  aqu-sz  %util
nvme0n1          0.00      0.00     0.00   0.00    0.00     0.00 2699.00  31196.00     0.00   0.00    0.34    11.56    0.00      0.00     0.00   0.00    0.00     0.00  294.00    1.93    1.48  84.50


avg-cpu:  %user   %nice %system %iowait  %steal   %idle
           0.37    0.00    0.43    5.20    0.00   93.99

Device            r/s     rkB/s   rrqm/s  %rrqm r_await rareq-sz     w/s     wkB/s   wrqm/s  %wrqm w_await wareq-sz     d/s     dkB/s   drqm/s  %drqm d_await dareq-sz     f/s f_await  aqu-sz  %util
nvme0n1          0.00      0.00     0.00   0.00    0.00     0.00 2707.00  31324.00     0.00   0.00    0.34    11.57    0.00      0.00     0.00   0.00    0.00     0.00  294.00    1.93    1.48  85.00


avg-cpu:  %user   %nice %system %iowait  %steal   %idle
           0.31    0.00    0.43    5.21    0.00   94.04

Device            r/s     rkB/s   rrqm/s  %rrqm r_await rareq-sz     w/s     wkB/s   wrqm/s  %wrqm w_await wareq-sz     d/s     dkB/s   drqm/s  %drqm d_await dareq-sz     f/s f_await  aqu-sz  %util
nvme0n1          0.00      0.00     0.00   0.00    0.00     0.00 2705.00  31296.00     0.00   0.00    0.33    11.57    0.00      0.00     0.00   0.00    0.00     0.00  293.00    1.92    1.47  84.60


avg-cpu:  %user   %nice %system %iowait  %steal   %idle
           0.50    0.00    0.50    5.28    0.00   93.73

Device            r/s     rkB/s   rrqm/s  %rrqm r_await rareq-sz     w/s     wkB/s   wrqm/s  %wrqm w_await wareq-sz     d/s     dkB/s   drqm/s  %drqm d_await dareq-sz     f/s f_await  aqu-sz  %util
nvme0n1          0.00      0.00     0.00   0.00    0.00     0.00 2685.00  31052.00     0.00   0.00    0.34    11.56    0.00      0.00     0.00   0.00    0.00     0.00  292.00    1.93    1.47  85.10


avg-cpu:  %user   %nice %system %iowait  %steal   %idle
           0.37    0.00    0.49    5.13    0.00   94.00

Device            r/s     rkB/s   rrqm/s  %rrqm r_await rareq-sz     w/s     wkB/s   wrqm/s  %wrqm w_await wareq-sz     d/s     dkB/s   drqm/s  %drqm d_await dareq-sz     f/s f_await  aqu-sz  %util
nvme0n1          0.00      0.00     0.00   0.00    0.00     0.00 2697.00  31192.00     0.00   0.00    0.34    11.57    0.00      0.00     0.00   0.00    0.00     0.00  293.00    1.94    1.48  84.10


avg-cpu:  %user   %nice %system %iowait  %steal   %idle
           0.37    0.00    0.50    5.08    0.00   94.05

Device            r/s     rkB/s   rrqm/s  %rrqm r_await rareq-sz     w/s     wkB/s   wrqm/s  %wrqm w_await wareq-sz     d/s     dkB/s   drqm/s  %drqm d_await dareq-sz     f/s f_await  aqu-sz  %util
nvme0n1          0.00      0.00     0.00   0.00    0.00     0.00 2761.00  32108.00     0.00   0.00    0.77    11.63    0.00      0.00     0.00   0.00    0.00     0.00  296.00    1.90    2.67  83.10


avg-cpu:  %user   %nice %system %iowait  %steal   %idle
           0.50    0.00    0.43    5.02    0.00   94.05

Device            r/s     rkB/s   rrqm/s  %rrqm r_await rareq-sz     w/s     wkB/s   wrqm/s  %wrqm w_await wareq-sz     d/s     dkB/s   drqm/s  %drqm d_await dareq-sz     f/s f_await  aqu-sz  %util
nvme0n1          0.00      0.00     0.00   0.00    0.00     0.00 2099.00  21464.00     0.00   0.00    0.40    10.23    0.00      0.00     0.00   0.00    0.00     0.00  297.00    1.89    1.41  82.80


avg-cpu:  %user   %nice %system %iowait  %steal   %idle
           0.37    0.00    0.37    5.16    0.00   94.10

Device            r/s     rkB/s   rrqm/s  %rrqm r_await rareq-sz     w/s     wkB/s   wrqm/s  %wrqm w_await wareq-sz     d/s     dkB/s   drqm/s  %drqm d_await dareq-sz     f/s f_await  aqu-sz  %util
nvme0n1          0.00      0.00     0.00   0.00    0.00     0.00 2105.00  21536.00     0.00   0.00    0.40    10.23    0.00      0.00     0.00   0.00    0.00     0.00  297.00    1.89    1.41  82.60


avg-cpu:  %user   %nice %system %iowait  %steal   %idle
           0.37    0.00    0.44    5.16    0.00   94.03

Device            r/s     rkB/s   rrqm/s  %rrqm r_await rareq-sz     w/s     wkB/s   wrqm/s  %wrqm w_await wareq-sz     d/s     dkB/s   drqm/s  %drqm d_await dareq-sz     f/s f_await  aqu-sz  %util
nvme0n1          0.00      0.00     0.00   0.00    0.00     0.00 2086.00  21320.00     0.00   0.00    0.41    10.22    0.00      0.00     0.00   0.00    0.00     0.00  296.00    1.90    1.42  83.40


avg-cpu:  %user   %nice %system %iowait  %steal   %idle
           0.37    0.00    0.37    5.08    0.00   94.18

Device            r/s     rkB/s   rrqm/s  %rrqm r_await rareq-sz     w/s     wkB/s   wrqm/s  %wrqm w_await wareq-sz     d/s     dkB/s   drqm/s  %drqm d_await dareq-sz     f/s f_await  aqu-sz  %util
nvme0n1          0.00      0.00     0.00   0.00    0.00     0.00 2106.00  21540.00     0.00   0.00    0.40    10.23    0.00      0.00     0.00   0.00    0.00     0.00  297.00    1.88    1.41  82.40


avg-cpu:  %user   %nice %system %iowait  %steal   %idle
           0.37    0.00    0.37    5.15    0.00   94.10

Device            r/s     rkB/s   rrqm/s  %rrqm r_await rareq-sz     w/s     wkB/s   wrqm/s  %wrqm w_await wareq-sz     d/s     dkB/s   drqm/s  %drqm d_await dareq-sz     f/s f_await  aqu-sz  %util
nvme0n1          0.00      0.00     0.00   0.00    0.00     0.00 2100.00  21464.00     0.00   0.00    0.40    10.22    0.00      0.00     0.00   0.00    0.00     0.00  298.00    1.89    1.41  82.50


avg-cpu:  %user   %nice %system %iowait  %steal   %idle
           0.37    0.00    0.43    5.08    0.00   94.11

Device            r/s     rkB/s   rrqm/s  %rrqm r_await rareq-sz     w/s     wkB/s   wrqm/s  %wrqm w_await wareq-sz     d/s     dkB/s   drqm/s  %drqm d_await dareq-sz     f/s f_await  aqu-sz  %util
nvme0n1          0.00      0.00     0.00   0.00    0.00     0.00 2105.00  21536.00     0.00   0.00    0.40    10.23    0.00      0.00     0.00   0.00    0.00     0.00  297.00    1.89    1.41  82.30


avg-cpu:  %user   %nice %system %iowait  %steal   %idle
           0.31    0.00    0.37    5.09    0.00   94.23

Device            r/s     rkB/s   rrqm/s  %rrqm r_await rareq-sz     w/s     wkB/s   wrqm/s  %wrqm w_await wareq-sz     d/s     dkB/s   drqm/s  %drqm d_await dareq-sz     f/s f_await  aqu-sz  %util
nvme0n1          0.00      0.00     0.00   0.00    0.00     0.00 2099.00  21464.00     0.00   0.00    0.40    10.23    0.00      0.00     0.00   0.00    0.00     0.00  297.00    1.88    1.40  83.00


avg-cpu:  %user   %nice %system %iowait  %steal   %idle
           0.44    0.00    0.44    5.10    0.00   94.03

Device            r/s     rkB/s   rrqm/s  %rrqm r_await rareq-sz     w/s     wkB/s   wrqm/s  %wrqm w_await wareq-sz     d/s     dkB/s   drqm/s  %drqm d_await dareq-sz     f/s f_await  aqu-sz  %util
nvme0n1          0.00      0.00     0.00   0.00    0.00     0.00 2155.00  22264.00     0.00   0.00    0.40    10.33    0.00      0.00     0.00   0.00    0.00     0.00  298.00    1.88    1.42  81.60


avg-cpu:  %user   %nice %system %iowait  %steal   %idle
           0.31    0.00    0.37    5.10    0.00   94.21

Device            r/s     rkB/s   rrqm/s  %rrqm r_await rareq-sz     w/s     wkB/s   wrqm/s  %wrqm w_await wareq-sz     d/s     dkB/s   drqm/s  %drqm d_await dareq-sz     f/s f_await  aqu-sz  %util
nvme0n1          0.00      0.00     0.00   0.00    0.00     0.00 2100.00  21420.00     0.00   0.00    0.40    10.20    0.00      0.00     0.00   0.00    0.00     0.00  297.00    1.88    1.41  82.20


avg-cpu:  %user   %nice %system %iowait  %steal   %idle
           0.56    0.00    0.43    5.20    0.00   93.80

Device            r/s     rkB/s   rrqm/s  %rrqm r_await rareq-sz     w/s     wkB/s   wrqm/s  %wrqm w_await wareq-sz     d/s     dkB/s   drqm/s  %drqm d_await dareq-sz     f/s f_await  aqu-sz  %util
nvme0n1          0.00      0.00     0.00   0.00    0.00     0.00 2509.00  28132.00     0.00   0.00    0.35    11.21    0.00      0.00     0.00   0.00    0.00     0.00  294.00    1.92    1.45  83.60


avg-cpu:  %user   %nice %system %iowait  %steal   %idle
           0.50    0.00    0.50    5.21    0.00   93.80

Device            r/s     rkB/s   rrqm/s  %rrqm r_await rareq-sz     w/s     wkB/s   wrqm/s  %wrqm w_await wareq-sz     d/s     dkB/s   drqm/s  %drqm d_await dareq-sz     f/s f_await  aqu-sz  %util
nvme0n1          0.00      0.00     0.00   0.00    0.00     0.00 2698.00  31192.00     0.00   0.00    0.34    11.56    0.00      0.00     0.00   0.00    0.00     0.00  294.00    1.94    1.48  85.10


avg-cpu:  %user   %nice %system %iowait  %steal   %idle
           0.37    0.00    0.31    5.21    0.00   94.10

Device            r/s     rkB/s   rrqm/s  %rrqm r_await rareq-sz     w/s     wkB/s   wrqm/s  %wrqm w_await wareq-sz     d/s     dkB/s   drqm/s  %drqm d_await dareq-sz     f/s f_await  aqu-sz  %util
nvme0n1          0.00      0.00     0.00   0.00    0.00     0.00 2697.00  31192.00     0.00   0.00    0.33    11.57    0.00      0.00     0.00   0.00    0.00     0.00  293.00    1.95    1.47  84.40


avg-cpu:  %user   %nice %system %iowait  %steal   %idle
           0.31    0.00    0.56    5.19    0.00   93.94

Device            r/s     rkB/s   rrqm/s  %rrqm r_await rareq-sz     w/s     wkB/s   wrqm/s  %wrqm w_await wareq-sz     d/s     dkB/s   drqm/s  %drqm d_await dareq-sz     f/s f_await  aqu-sz  %util
nvme0n1          0.00      0.00     0.00   0.00    0.00     0.00 2803.00  31736.00     1.00   0.04    0.36    11.32    0.00      0.00     0.00   0.00    0.00     0.00  292.00    1.95    1.58  84.50


avg-cpu:  %user   %nice %system %iowait  %steal   %idle
           0.37    0.00    0.43    5.21    0.00   93.98

Device            r/s     rkB/s   rrqm/s  %rrqm r_await rareq-sz     w/s     wkB/s   wrqm/s  %wrqm w_await wareq-sz     d/s     dkB/s   drqm/s  %drqm d_await dareq-sz     f/s f_await  aqu-sz  %util
nvme0n1          0.00      0.00     0.00   0.00    0.00     0.00 2698.00  31196.00     0.00   0.00    0.34    11.56    0.00      0.00     0.00   0.00    0.00     0.00  293.00    1.94    1.48  84.90


avg-cpu:  %user   %nice %system %iowait  %steal   %idle
           0.37    0.00    0.56    5.22    0.00   93.85

Device            r/s     rkB/s   rrqm/s  %rrqm r_await rareq-sz     w/s     wkB/s   wrqm/s  %wrqm w_await wareq-sz     d/s     dkB/s   drqm/s  %drqm d_await dareq-sz     f/s f_await  aqu-sz  %util
nvme0n1          0.00      0.00     0.00   0.00    0.00     0.00 2688.00  31088.00     0.00   0.00    0.34    11.57    0.00      0.00     0.00   0.00    0.00     0.00  292.00    1.94    1.47  85.20


avg-cpu:  %user   %nice %system %iowait  %steal   %idle
           0.43    0.00    0.43    5.28    0.00   93.85

Device            r/s     rkB/s   rrqm/s  %rrqm r_await rareq-sz     w/s     wkB/s   wrqm/s  %wrqm w_await wareq-sz     d/s     dkB/s   drqm/s  %drqm d_await dareq-sz     f/s f_await  aqu-sz  %util
nvme0n1          0.00      0.00     0.00   0.00    0.00     0.00 2690.00  31092.00     0.00   0.00    0.34    11.56    0.00      0.00     0.00   0.00    0.00     0.00  293.00    1.94    1.48  85.10


avg-cpu:  %user   %nice %system %iowait  %steal   %idle
           0.43    0.00    0.43    5.27    0.00   93.87

Device            r/s     rkB/s   rrqm/s  %rrqm r_await rareq-sz     w/s     wkB/s   wrqm/s  %wrqm w_await wareq-sz     d/s     dkB/s   drqm/s  %drqm d_await dareq-sz     f/s f_await  aqu-sz  %util
nvme0n1          0.00      0.00     0.00   0.00    0.00     0.00 2674.00  30944.00     0.00   0.00    0.34    11.57    0.00      0.00     0.00   0.00    0.00     0.00  290.00    1.94    1.48  85.80


avg-cpu:  %user   %nice %system %iowait  %steal   %idle
           3.26    0.00    1.27    1.63    0.00   93.83

Device            r/s     rkB/s   rrqm/s  %rrqm r_await rareq-sz     w/s     wkB/s   wrqm/s  %wrqm w_await wareq-sz     d/s     dkB/s   drqm/s  %drqm d_await dareq-sz     f/s f_await  aqu-sz  %util
nvme0n1          0.00      0.00     0.00   0.00    0.00     0.00  891.00  10364.00     0.00   0.00    0.33    11.63    0.00      0.00     0.00   0.00    0.00     0.00   94.00    1.91    0.47  26.60


avg-cpu:  %user   %nice %system %iowait  %steal   %idle
           0.44    0.00    0.44    3.79    0.00   95.34

Device            r/s     rkB/s   rrqm/s  %rrqm r_await rareq-sz     w/s     wkB/s   wrqm/s  %wrqm w_await wareq-sz     d/s     dkB/s   drqm/s  %drqm d_await dareq-sz     f/s f_await  aqu-sz  %util
nvme0n1          0.00      0.00     0.00   0.00    0.00     0.00 1944.00  22552.00     9.00   0.46    0.34    11.60    0.00      0.00     0.00   0.00    0.00     0.00  215.00    1.94    1.08  62.30


avg-cpu:  %user   %nice %system %iowait  %steal   %idle
           0.31    0.00    0.43    5.19    0.00   94.07

Device            r/s     rkB/s   rrqm/s  %rrqm r_await rareq-sz     w/s     wkB/s   wrqm/s  %wrqm w_await wareq-sz     d/s     dkB/s   drqm/s  %drqm d_await dareq-sz     f/s f_await  aqu-sz  %util
nvme0n1          0.00      0.00     0.00   0.00    0.00     0.00 2654.00  30548.00     2.00   0.08    0.34    11.51    0.00      0.00     0.00   0.00    0.00     0.00  293.00    1.94    1.47  84.40


avg-cpu:  %user   %nice %system %iowait  %steal   %idle
           0.43    0.00    0.50    5.22    0.00   93.85

Device            r/s     rkB/s   rrqm/s  %rrqm r_await rareq-sz     w/s     wkB/s   wrqm/s  %wrqm w_await wareq-sz     d/s     dkB/s   drqm/s  %drqm d_await dareq-sz     f/s f_await  aqu-sz  %util
nvme0n1          0.00      0.00     0.00   0.00    0.00     0.00 2658.00  30552.00     0.00   0.00    0.34    11.49    0.00      0.00     0.00   0.00    0.00     0.00  294.00    1.94    1.48  84.70


avg-cpu:  %user   %nice %system %iowait  %steal   %idle
           0.31    0.00    0.31    5.21    0.00   94.17

Device            r/s     rkB/s   rrqm/s  %rrqm r_await rareq-sz     w/s     wkB/s   wrqm/s  %wrqm w_await wareq-sz     d/s     dkB/s   drqm/s  %drqm d_await dareq-sz     f/s f_await  aqu-sz  %util
nvme0n1          0.00      0.00     0.00   0.00    0.00     0.00 2657.00  30580.00     0.00   0.00    0.34    11.51    0.00      0.00     0.00   0.00    0.00     0.00  292.00    1.95    1.47  85.20


avg-cpu:  %user   %nice %system %iowait  %steal   %idle
           0.31    0.00    0.37    5.21    0.00   94.10

Device            r/s     rkB/s   rrqm/s  %rrqm r_await rareq-sz     w/s     wkB/s   wrqm/s  %wrqm w_await wareq-sz     d/s     dkB/s   drqm/s  %drqm d_await dareq-sz     f/s f_await  aqu-sz  %util
nvme0n1          0.00      0.00     0.00   0.00    0.00     0.00 2657.00  30552.00     0.00   0.00    0.34    11.50    0.00      0.00     0.00   0.00    0.00     0.00  293.00    1.95    1.47  84.90


avg-cpu:  %user   %nice %system %iowait  %steal   %idle
           0.31    0.00    0.43    5.20    0.00   94.06

Device            r/s     rkB/s   rrqm/s  %rrqm r_await rareq-sz     w/s     wkB/s   wrqm/s  %wrqm w_await wareq-sz     d/s     dkB/s   drqm/s  %drqm d_await dareq-sz     f/s f_await  aqu-sz  %util
nvme0n1          0.00      0.00     0.00   0.00    0.00     0.00 2666.00  30656.00     0.00   0.00    0.34    11.50    0.00      0.00     0.00   0.00    0.00     0.00  294.00    1.94    1.48  84.30


avg-cpu:  %user   %nice %system %iowait  %steal   %idle
           0.50    0.00    0.37    5.14    0.00   93.99

Device            r/s     rkB/s   rrqm/s  %rrqm r_await rareq-sz     w/s     wkB/s   wrqm/s  %wrqm w_await wareq-sz     d/s     dkB/s   drqm/s  %drqm d_await dareq-sz     f/s f_await  aqu-sz  %util
nvme0n1          0.00      0.00     0.00   0.00    0.00     0.00 2666.00  30656.00     0.00   0.00    0.34    11.50    0.00      0.00     0.00   0.00    0.00     0.00  294.00    1.93    1.47  84.50


avg-cpu:  %user   %nice %system %iowait  %steal   %idle
           0.43    0.00    0.50    5.27    0.00   93.80

Device            r/s     rkB/s   rrqm/s  %rrqm r_await rareq-sz     w/s     wkB/s   wrqm/s  %wrqm w_await wareq-sz     d/s     dkB/s   drqm/s  %drqm d_await dareq-sz     f/s f_await  aqu-sz  %util
nvme0n1          0.00      0.00     0.00   0.00    0.00     0.00 2649.00  30448.00     0.00   0.00    0.34    11.49    0.00      0.00     0.00   0.00    0.00     0.00  293.00    1.94    1.47  84.80


avg-cpu:  %user   %nice %system %iowait  %steal   %idle
           0.37    0.00    0.44    5.22    0.00   93.97

Device            r/s     rkB/s   rrqm/s  %rrqm r_await rareq-sz     w/s     wkB/s   wrqm/s  %wrqm w_await wareq-sz     d/s     dkB/s   drqm/s  %drqm d_await dareq-sz     f/s f_await  aqu-sz  %util
nvme0n1          0.00      0.00     0.00   0.00    0.00     0.00 2657.00  30552.00     0.00   0.00    0.34    11.50    0.00      0.00     0.00   0.00    0.00     0.00  293.00    1.93    1.47  84.40


avg-cpu:  %user   %nice %system %iowait  %steal   %idle
           0.37    0.00    0.37    5.26    0.00   94.00

Device            r/s     rkB/s   rrqm/s  %rrqm r_await rareq-sz     w/s     wkB/s   wrqm/s  %wrqm w_await wareq-sz     d/s     dkB/s   drqm/s  %drqm d_await dareq-sz     f/s f_await  aqu-sz  %util
nvme0n1          0.00      0.00     0.00   0.00    0.00     0.00 2678.00  30900.00     0.00   0.00    0.34    11.54    0.00      0.00     0.00   0.00    0.00     0.00  293.00    1.93    1.48  85.20


avg-cpu:  %user   %nice %system %iowait  %steal   %idle
           0.31    0.00    0.43    5.19    0.00   94.07

Device            r/s     rkB/s   rrqm/s  %rrqm r_await rareq-sz     w/s     wkB/s   wrqm/s  %wrqm w_await wareq-sz     d/s     dkB/s   drqm/s  %drqm d_await dareq-sz     f/s f_await  aqu-sz  %util
nvme0n1          0.00      0.00     0.00   0.00    0.00     0.00 2695.00  31188.00     0.00   0.00    0.34    11.57    0.00      0.00     0.00   0.00    0.00     0.00  292.00    1.93    1.47  84.50


avg-cpu:  %user   %nice %system %iowait  %steal   %idle
           0.37    0.00    0.50    5.15    0.00   93.99

Device            r/s     rkB/s   rrqm/s  %rrqm r_await rareq-sz     w/s     wkB/s   wrqm/s  %wrqm w_await wareq-sz     d/s     dkB/s   drqm/s  %drqm d_await dareq-sz     f/s f_await  aqu-sz  %util
nvme0n1          4.00     68.00     0.00   0.00    0.25    17.00 2961.00  35416.00     0.00   0.00    0.71    11.96    0.00      0.00     0.00   0.00    0.00     0.00  293.00    1.90    2.65  83.80


avg-cpu:  %user   %nice %system %iowait  %steal   %idle
           0.43    0.00    0.37    5.09    0.00   94.10

Device            r/s     rkB/s   rrqm/s  %rrqm r_await rareq-sz     w/s     wkB/s   wrqm/s  %wrqm w_await wareq-sz     d/s     dkB/s   drqm/s  %drqm d_await dareq-sz     f/s f_await  aqu-sz  %util
nvme0n1          1.00     16.00     0.00   0.00    0.00    16.00 2104.00  21532.00     0.00   0.00    0.40    10.23    0.00      0.00     0.00   0.00    0.00     0.00  297.00    1.89    1.41  82.60


avg-cpu:  %user   %nice %system %iowait  %steal   %idle
           0.37    0.00    0.43    5.07    0.00   94.12

Device            r/s     rkB/s   rrqm/s  %rrqm r_await rareq-sz     w/s     wkB/s   wrqm/s  %wrqm w_await wareq-sz     d/s     dkB/s   drqm/s  %drqm d_await dareq-sz     f/s f_await  aqu-sz  %util
nvme0n1          2.00     32.00     0.00   0.00    0.00    16.00 2099.00  21464.00     0.00   0.00    0.40    10.23    0.00      0.00     0.00   0.00    0.00     0.00  297.00    1.89    1.41  82.50


avg-cpu:  %user   %nice %system %iowait  %steal   %idle
           0.43    0.00    0.37    5.14    0.00   94.05

Device            r/s     rkB/s   rrqm/s  %rrqm r_await rareq-sz     w/s     wkB/s   wrqm/s  %wrqm w_await wareq-sz     d/s     dkB/s   drqm/s  %drqm d_await dareq-sz     f/s f_await  aqu-sz  %util
nvme0n1          0.00      0.00     0.00   0.00    0.00     0.00 2100.00  21464.00     0.00   0.00    0.41    10.22    0.00      0.00     0.00   0.00    0.00     0.00  298.00    1.89    1.42  82.80


avg-cpu:  %user   %nice %system %iowait  %steal   %idle
           0.37    0.00    0.43    5.09    0.00   94.10

Device            r/s     rkB/s   rrqm/s  %rrqm r_await rareq-sz     w/s     wkB/s   wrqm/s  %wrqm w_await wareq-sz     d/s     dkB/s   drqm/s  %drqm d_await dareq-sz     f/s f_await  aqu-sz  %util
nvme0n1          0.00      0.00     0.00   0.00    0.00     0.00 2099.00  21464.00     0.00   0.00    0.40    10.23    0.00      0.00     0.00   0.00    0.00     0.00  297.00    1.89    1.41  83.10


avg-cpu:  %user   %nice %system %iowait  %steal   %idle
           0.43    0.00    0.50    5.07    0.00   94.00

Device            r/s     rkB/s   rrqm/s  %rrqm r_await rareq-sz     w/s     wkB/s   wrqm/s  %wrqm w_await wareq-sz     d/s     dkB/s   drqm/s  %drqm d_await dareq-sz     f/s f_await  aqu-sz  %util
nvme0n1          0.00      0.00     0.00   0.00    0.00     0.00 2100.00  21468.00     0.00   0.00    0.40    10.22    0.00      0.00     0.00   0.00    0.00     0.00  297.00    1.89    1.41  82.50


avg-cpu:  %user   %nice %system %iowait  %steal   %idle
           0.37    0.00    0.49    5.13    0.00   94.00

Device            r/s     rkB/s   rrqm/s  %rrqm r_await rareq-sz     w/s     wkB/s   wrqm/s  %wrqm w_await wareq-sz     d/s     dkB/s   drqm/s  %drqm d_await dareq-sz     f/s f_await  aqu-sz  %util
nvme0n1          0.00      0.00     0.00   0.00    0.00     0.00 2097.00  21460.00     0.00   0.00    0.41    10.23    0.00      0.00     0.00   0.00    0.00     0.00  296.00    1.89    1.41  83.40


avg-cpu:  %user   %nice %system %iowait  %steal   %idle
           0.31    0.00    0.43    5.08    0.00   94.17

Device            r/s     rkB/s   rrqm/s  %rrqm r_await rareq-sz     w/s     wkB/s   wrqm/s  %wrqm w_await wareq-sz     d/s     dkB/s   drqm/s  %drqm d_await dareq-sz     f/s f_await  aqu-sz  %util
nvme0n1          0.00      0.00     0.00   0.00    0.00     0.00 2099.00  21464.00     0.00   0.00    0.40    10.23    0.00      0.00     0.00   0.00    0.00     0.00  297.00    1.89    1.40  82.80


avg-cpu:  %user   %nice %system %iowait  %steal   %idle
           0.50    0.00    0.37    5.08    0.00   94.06

Device            r/s     rkB/s   rrqm/s  %rrqm r_await rareq-sz     w/s     wkB/s   wrqm/s  %wrqm w_await wareq-sz     d/s     dkB/s   drqm/s  %drqm d_await dareq-sz     f/s f_await  aqu-sz  %util
nvme0n1          0.00      0.00     0.00   0.00    0.00     0.00 2099.00  21464.00     0.00   0.00    0.40    10.23    0.00      0.00     0.00   0.00    0.00     0.00  297.00    1.88    1.40  82.00


avg-cpu:  %user   %nice %system %iowait  %steal   %idle
           0.56    0.00    0.43    5.08    0.00   93.93

Device            r/s     rkB/s   rrqm/s  %rrqm r_await rareq-sz     w/s     wkB/s   wrqm/s  %wrqm w_await wareq-sz     d/s     dkB/s   drqm/s  %drqm d_await dareq-sz     f/s f_await  aqu-sz  %util
nvme0n1          1.00     16.00     0.00   0.00    0.00    16.00 2124.00  21824.00     0.00   0.00    0.42    10.27    0.00      0.00     0.00   0.00    0.00     0.00  298.00    1.88    1.46  82.60


avg-cpu:  %user   %nice %system %iowait  %steal   %idle
           0.37    0.00    0.43    5.14    0.00   94.06

Device            r/s     rkB/s   rrqm/s  %rrqm r_await rareq-sz     w/s     wkB/s   wrqm/s  %wrqm w_await wareq-sz     d/s     dkB/s   drqm/s  %drqm d_await dareq-sz     f/s f_await  aqu-sz  %util
nvme0n1          1.00     16.00     0.00   0.00    0.00    16.00 2384.00  26040.00     0.00   0.00    0.37    10.92    0.00      0.00     0.00   0.00    0.00     0.00  296.00    1.91    1.43  83.60


avg-cpu:  %user   %nice %system %iowait  %steal   %idle
           0.55    0.00    0.49    5.18    0.00   93.78

Device            r/s     rkB/s   rrqm/s  %rrqm r_await rareq-sz     w/s     wkB/s   wrqm/s  %wrqm w_await wareq-sz     d/s     dkB/s   drqm/s  %drqm d_await dareq-sz     f/s f_await  aqu-sz  %util
nvme0n1          0.00      0.00     0.00   0.00    0.00     0.00 2693.00  31156.00     0.00   0.00    0.34    11.57    0.00      0.00     0.00   0.00    0.00     0.00  292.00    1.95    1.48  84.70


avg-cpu:  %user   %nice %system %iowait  %steal   %idle
           0.37    0.00    0.43    5.20    0.00   94.00

Device            r/s     rkB/s   rrqm/s  %rrqm r_await rareq-sz     w/s     wkB/s   wrqm/s  %wrqm w_await wareq-sz     d/s     dkB/s   drqm/s  %drqm d_await dareq-sz     f/s f_await  aqu-sz  %util
nvme0n1          1.00     16.00     0.00   0.00    1.00    16.00 2697.00  31192.00     0.00   0.00    0.34    11.57    0.00      0.00     0.00   0.00    0.00     0.00  293.00    1.94    1.47  84.80


avg-cpu:  %user   %nice %system %iowait  %steal   %idle
           0.31    0.00    0.43    5.32    0.00   93.94

Device            r/s     rkB/s   rrqm/s  %rrqm r_await rareq-sz     w/s     wkB/s   wrqm/s  %wrqm w_await wareq-sz     d/s     dkB/s   drqm/s  %drqm d_await dareq-sz     f/s f_await  aqu-sz  %util
nvme0n1          3.00     48.00     0.00   0.00    0.33    16.00 2687.00  31084.00     0.00   0.00    0.34    11.57    0.00      0.00     0.00   0.00    0.00     0.00  292.00    1.94    1.47  85.50


avg-cpu:  %user   %nice %system %iowait  %steal   %idle
           0.37    0.00    0.37    5.20    0.00   94.06

Device            r/s     rkB/s   rrqm/s  %rrqm r_await rareq-sz     w/s     wkB/s   wrqm/s  %wrqm w_await wareq-sz     d/s     dkB/s   drqm/s  %drqm d_await dareq-sz     f/s f_await  aqu-sz  %util
nvme0n1          3.00     48.00     0.00   0.00    0.33    16.00 2688.00  31088.00     0.00   0.00    0.34    11.57    0.00      0.00     0.00   0.00    0.00     0.00  292.00    1.95    1.47  85.10


avg-cpu:  %user   %nice %system %iowait  %steal   %idle
           0.37    0.00    0.43    5.19    0.00   94.00

Device            r/s     rkB/s   rrqm/s  %rrqm r_await rareq-sz     w/s     wkB/s   wrqm/s  %wrqm w_await wareq-sz     d/s     dkB/s   drqm/s  %drqm d_await dareq-sz     f/s f_await  aqu-sz  %util
nvme0n1          0.00      0.00     0.00   0.00    0.00     0.00 2677.00  30948.00     0.00   0.00    0.34    11.56    0.00      0.00     0.00   0.00    0.00     0.00  292.00    1.94    1.47  84.00


avg-cpu:  %user   %nice %system %iowait  %steal   %idle
           0.49    0.00    0.49    5.19    0.00   93.82

Device            r/s     rkB/s   rrqm/s  %rrqm r_await rareq-sz     w/s     wkB/s   wrqm/s  %wrqm w_await wareq-sz     d/s     dkB/s   drqm/s  %drqm d_await dareq-sz     f/s f_await  aqu-sz  %util
nvme0n1          0.00      0.00     0.00   0.00    0.00     0.00 2697.00  31192.00     0.00   0.00    0.34    11.57    0.00      0.00     0.00   0.00    0.00     0.00  293.00    1.92    1.48  84.70


avg-cpu:  %user   %nice %system %iowait  %steal   %idle
           0.37    0.00    0.50    5.14    0.00   94.00

Device            r/s     rkB/s   rrqm/s  %rrqm r_await rareq-sz     w/s     wkB/s   wrqm/s  %wrqm w_await wareq-sz     d/s     dkB/s   drqm/s  %drqm d_await dareq-sz     f/s f_await  aqu-sz  %util
nvme0n1          1.00     16.00     0.00   0.00    1.00    16.00 2697.00  31192.00     0.00   0.00    0.34    11.57    0.00      0.00     0.00   0.00    0.00     0.00  293.00    1.93    1.48  84.70


avg-cpu:  %user   %nice %system %iowait  %steal   %idle
           0.37    0.00    0.43    5.27    0.00   93.92

Device            r/s     rkB/s   rrqm/s  %rrqm r_await rareq-sz     w/s     wkB/s   wrqm/s  %wrqm w_await wareq-sz     d/s     dkB/s   drqm/s  %drqm d_await dareq-sz     f/s f_await  aqu-sz  %util
nvme0n1          1.00     16.00     0.00   0.00    0.00    16.00 2696.00  31192.00     0.00   0.00    0.34    11.57    0.00      0.00     0.00   0.00    0.00     0.00  292.00    1.93    1.47  84.60


avg-cpu:  %user   %nice %system %iowait  %steal   %idle
           0.43    0.00    0.56    5.13    0.00   93.89

Device            r/s     rkB/s   rrqm/s  %rrqm r_await rareq-sz     w/s     wkB/s   wrqm/s  %wrqm w_await wareq-sz     d/s     dkB/s   drqm/s  %drqm d_await dareq-sz     f/s f_await  aqu-sz  %util
nvme0n1          0.00      0.00     0.00   0.00    0.00     0.00 2802.00  31684.00     1.00   0.04    0.34    11.31    0.00      0.00     0.00   0.00    0.00     0.00  293.00    1.94    1.51  84.60


avg-cpu:  %user   %nice %system %iowait  %steal   %idle
           0.31    0.00    0.37    5.26    0.00   94.06

Device            r/s     rkB/s   rrqm/s  %rrqm r_await rareq-sz     w/s     wkB/s   wrqm/s  %wrqm w_await wareq-sz     d/s     dkB/s   drqm/s  %drqm d_await dareq-sz     f/s f_await  aqu-sz  %util
nvme0n1          0.00      0.00     0.00   0.00    0.00     0.00 2693.00  31152.00     0.00   0.00    0.34    11.57    0.00      0.00     0.00   0.00    0.00     0.00  293.00    1.93    1.48  84.50


avg-cpu:  %user   %nice %system %iowait  %steal   %idle
           0.43    0.00    0.43    5.28    0.00   93.85

Device            r/s     rkB/s   rrqm/s  %rrqm r_await rareq-sz     w/s     wkB/s   wrqm/s  %wrqm w_await wareq-sz     d/s     dkB/s   drqm/s  %drqm d_await dareq-sz     f/s f_await  aqu-sz  %util
nvme0n1          0.00      0.00     0.00   0.00    0.00     0.00 2707.00  31328.00     0.00   0.00    0.34    11.57    0.00      0.00     0.00   0.00    0.00     0.00  293.00    1.94    1.48  86.00


avg-cpu:  %user   %nice %system %iowait  %steal   %idle
           0.43    0.00    0.43    5.20    0.00   93.94

Device            r/s     rkB/s   rrqm/s  %rrqm r_await rareq-sz     w/s     wkB/s   wrqm/s  %wrqm w_await wareq-sz     d/s     dkB/s   drqm/s  %drqm d_await dareq-sz     f/s f_await  aqu-sz  %util
nvme0n1          2.00     32.00     0.00   0.00    0.00    16.00 2706.00  31296.00     0.00   0.00    0.34    11.57    0.00      0.00     0.00   0.00    0.00     0.00  294.00    1.92    1.48  84.70


avg-cpu:  %user   %nice %system %iowait  %steal   %idle
           3.56    0.00    1.39    2.11    0.00   92.93

Device            r/s     rkB/s   rrqm/s  %rrqm r_await rareq-sz     w/s     wkB/s   wrqm/s  %wrqm w_await wareq-sz     d/s     dkB/s   drqm/s  %drqm d_await dareq-sz     f/s f_await  aqu-sz  %util
nvme0n1          1.00     16.00     0.00   0.00    0.00    16.00 1196.00  13900.00     0.00   0.00    0.33    11.62    0.00      0.00     0.00   0.00    0.00     0.00  127.00    1.94    0.65  36.80


avg-cpu:  %user   %nice %system %iowait  %steal   %idle
           0.56    0.00    0.56    3.23    0.00   95.65

Device            r/s     rkB/s   rrqm/s  %rrqm r_await rareq-sz     w/s     wkB/s   wrqm/s  %wrqm w_await wareq-sz     d/s     dkB/s   drqm/s  %drqm d_await dareq-sz     f/s f_await  aqu-sz  %util
nvme0n1          0.00      0.00     0.00   0.00    0.00     0.00 1623.00  18768.00     2.00   0.12    0.34    11.56    0.00      0.00     0.00   0.00    0.00     0.00  179.00    1.95    0.91  51.80


avg-cpu:  %user   %nice %system %iowait  %steal   %idle
           0.50    0.00    0.37    5.15    0.00   93.99

Device            r/s     rkB/s   rrqm/s  %rrqm r_await rareq-sz     w/s     wkB/s   wrqm/s  %wrqm w_await wareq-sz     d/s     dkB/s   drqm/s  %drqm d_await dareq-sz     f/s f_await  aqu-sz  %util
nvme0n1          0.00      0.00     0.00   0.00    0.00     0.00 2649.00  30448.00     0.00   0.00    0.34    11.49    0.00      0.00     0.00   0.00    0.00     0.00  293.00    1.94    1.47  84.20


avg-cpu:  %user   %nice %system %iowait  %steal   %idle
           0.43    0.00    0.43    5.21    0.00   93.92

Device            r/s     rkB/s   rrqm/s  %rrqm r_await rareq-sz     w/s     wkB/s   wrqm/s  %wrqm w_await wareq-sz     d/s     dkB/s   drqm/s  %drqm d_await dareq-sz     f/s f_await  aqu-sz  %util
nvme0n1          0.00      0.00     0.00   0.00    0.00     0.00 2646.00  30440.00     0.00   0.00    0.34    11.50    0.00      0.00     0.00   0.00    0.00     0.00  292.00    1.94    1.47  84.30


avg-cpu:  %user   %nice %system %iowait  %steal   %idle
           0.37    0.00    0.43    5.21    0.00   93.98

Device            r/s     rkB/s   rrqm/s  %rrqm r_await rareq-sz     w/s     wkB/s   wrqm/s  %wrqm w_await wareq-sz     d/s     dkB/s   drqm/s  %drqm d_await dareq-sz     f/s f_await  aqu-sz  %util
nvme0n1          0.00      0.00     0.00   0.00    0.00     0.00 2656.00  30552.00     0.00   0.00    0.34    11.50    0.00      0.00     0.00   0.00    0.00     0.00  292.00    1.94    1.47  84.50


avg-cpu:  %user   %nice %system %iowait  %steal   %idle
           0.43    0.00    0.37    5.25    0.00   93.94

Device            r/s     rkB/s   rrqm/s  %rrqm r_await rareq-sz     w/s     wkB/s   wrqm/s  %wrqm w_await wareq-sz     d/s     dkB/s   drqm/s  %drqm d_await dareq-sz     f/s f_await  aqu-sz  %util
nvme0n1          0.00      0.00     0.00   0.00    0.00     0.00 2640.00  30372.00     0.00   0.00    0.34    11.50    0.00      0.00     0.00   0.00    0.00     0.00  291.00    1.93    1.47  85.20


avg-cpu:  %user   %nice %system %iowait  %steal   %idle
           0.31    0.00    0.43    5.19    0.00   94.07

Device            r/s     rkB/s   rrqm/s  %rrqm r_await rareq-sz     w/s     wkB/s   wrqm/s  %wrqm w_await wareq-sz     d/s     dkB/s   drqm/s  %drqm d_await dareq-sz     f/s f_await  aqu-sz  %util
nvme0n1          0.00      0.00     0.00   0.00    0.00     0.00 2657.00  30552.00     0.00   0.00    0.34    11.50    0.00      0.00     0.00   0.00    0.00     0.00  293.00    1.94    1.47  84.80


avg-cpu:  %user   %nice %system %iowait  %steal   %idle
           0.43    0.00    0.43    5.15    0.00   93.98

Device            r/s     rkB/s   rrqm/s  %rrqm r_await rareq-sz     w/s     wkB/s   wrqm/s  %wrqm w_await wareq-sz     d/s     dkB/s   drqm/s  %drqm d_await dareq-sz     f/s f_await  aqu-sz  %util
nvme0n1          0.00      0.00     0.00   0.00    0.00     0.00 2976.00  35564.00     0.00   0.00    0.62    11.95    0.00      0.00     0.00   0.00    0.00     0.00  295.00    1.92    2.41  83.80


avg-cpu:  %user   %nice %system %iowait  %steal   %idle
           0.31    0.00    0.50    5.08    0.00   94.11

Device            r/s     rkB/s   rrqm/s  %rrqm r_await rareq-sz     w/s     wkB/s   wrqm/s  %wrqm w_await wareq-sz     d/s     dkB/s   drqm/s  %drqm d_await dareq-sz     f/s f_await  aqu-sz  %util
nvme0n1          0.00      0.00     0.00   0.00    0.00     0.00 2150.00  21852.00     0.00   0.00    0.43    10.16    0.00      0.00     0.00   0.00    0.00     0.00  297.00    1.89    1.48  83.40


avg-cpu:  %user   %nice %system %iowait  %steal   %idle
           0.37    0.00    0.43    5.09    0.00   94.11

Device            r/s     rkB/s   rrqm/s  %rrqm r_await rareq-sz     w/s     wkB/s   wrqm/s  %wrqm w_await wareq-sz     d/s     dkB/s   drqm/s  %drqm d_await dareq-sz     f/s f_await  aqu-sz  %util
nvme0n1          0.00      0.00     0.00   0.00    0.00     0.00 2099.00  21464.00     0.00   0.00    0.40    10.23    0.00      0.00     0.00   0.00    0.00     0.00  297.00    1.89    1.41  82.80


avg-cpu:  %user   %nice %system %iowait  %steal   %idle
           0.37    0.00    0.43    5.09    0.00   94.10

Device            r/s     rkB/s   rrqm/s  %rrqm r_await rareq-sz     w/s     wkB/s   wrqm/s  %wrqm w_await wareq-sz     d/s     dkB/s   drqm/s  %drqm d_await dareq-sz     f/s f_await  aqu-sz  %util
nvme0n1          0.00      0.00     0.00   0.00    0.00     0.00 2094.00  21396.00     0.00   0.00    0.41    10.22    0.00      0.00     0.00   0.00    0.00     0.00  297.00    1.90    1.42  83.00


avg-cpu:  %user   %nice %system %iowait  %steal   %idle
           0.37    0.00    0.37    5.08    0.00   94.17

Device            r/s     rkB/s   rrqm/s  %rrqm r_await rareq-sz     w/s     wkB/s   wrqm/s  %wrqm w_await wareq-sz     d/s     dkB/s   drqm/s  %drqm d_await dareq-sz     f/s f_await  aqu-sz  %util
nvme0n1          0.00      0.00     0.00   0.00    0.00     0.00 2104.00  21532.00     0.00   0.00    0.40    10.23    0.00      0.00     0.00   0.00    0.00     0.00  297.00    1.88    1.40  81.70


avg-cpu:  %user   %nice %system %iowait  %steal   %idle
           0.50    0.00    0.43    5.15    0.00   93.92

Device            r/s     rkB/s   rrqm/s  %rrqm r_await rareq-sz     w/s     wkB/s   wrqm/s  %wrqm w_await wareq-sz     d/s     dkB/s   drqm/s  %drqm d_await dareq-sz     f/s f_await  aqu-sz  %util
nvme0n1          0.00      0.00     0.00   0.00    0.00     0.00 2101.00  21468.00     0.00   0.00    0.40    10.22    0.00      0.00     0.00   0.00    0.00     0.00  298.00    1.88    1.41  82.90


avg-cpu:  %user   %nice %system %iowait  %steal   %idle
           0.37    0.00    0.43    5.20    0.00   93.99

Device            r/s     rkB/s   rrqm/s  %rrqm r_await rareq-sz     w/s     wkB/s   wrqm/s  %wrqm w_await wareq-sz     d/s     dkB/s   drqm/s  %drqm d_await dareq-sz     f/s f_await  aqu-sz  %util
nvme0n1          0.00      0.00     0.00   0.00    0.00     0.00 2105.00  21536.00     0.00   0.00    0.40    10.23    0.00      0.00     0.00   0.00    0.00     0.00  297.00    1.89    1.41  83.70


avg-cpu:  %user   %nice %system %iowait  %steal   %idle
           0.37    0.00    0.37    5.09    0.00   94.17

Device            r/s     rkB/s   rrqm/s  %rrqm r_await rareq-sz     w/s     wkB/s   wrqm/s  %wrqm w_await wareq-sz     d/s     dkB/s   drqm/s  %drqm d_await dareq-sz     f/s f_await  aqu-sz  %util
nvme0n1          0.00      0.00     0.00   0.00    0.00     0.00 2106.00  21536.00     0.00   0.00    0.40    10.23    0.00      0.00     0.00   0.00    0.00     0.00  298.00    1.88    1.41  83.40


avg-cpu:  %user   %nice %system %iowait  %steal   %idle
           0.31    0.00    0.43    5.09    0.00   94.17

Device            r/s     rkB/s   rrqm/s  %rrqm r_await rareq-sz     w/s     wkB/s   wrqm/s  %wrqm w_await wareq-sz     d/s     dkB/s   drqm/s  %drqm d_await dareq-sz     f/s f_await  aqu-sz  %util
nvme0n1          0.00      0.00     0.00   0.00    0.00     0.00 2100.00  21464.00     0.00   0.00    0.40    10.22    0.00      0.00     0.00   0.00    0.00     0.00  298.00    1.88    1.40  82.70


avg-cpu:  %user   %nice %system %iowait  %steal   %idle
           0.43    0.00    0.31    5.16    0.00   94.10

Device            r/s     rkB/s   rrqm/s  %rrqm r_await rareq-sz     w/s     wkB/s   wrqm/s  %wrqm w_await wareq-sz     d/s     dkB/s   drqm/s  %drqm d_await dareq-sz     f/s f_await  aqu-sz  %util
nvme0n1          0.00      0.00     0.00   0.00    0.00     0.00 2120.00  21788.00     0.00   0.00    0.40    10.28    0.00      0.00     0.00   0.00    0.00     0.00  297.00    1.88    1.41  82.70


avg-cpu:  %user   %nice %system %iowait  %steal   %idle
           0.37    0.00    0.56    5.08    0.00   93.99

Device            r/s     rkB/s   rrqm/s  %rrqm r_await rareq-sz     w/s     wkB/s   wrqm/s  %wrqm w_await wareq-sz     d/s     dkB/s   drqm/s  %drqm d_await dareq-sz     f/s f_await  aqu-sz  %util
nvme0n1          0.00      0.00     0.00   0.00    0.00     0.00 2268.00  24208.00     0.00   0.00    0.38    10.67    0.00      0.00     0.00   0.00    0.00     0.00  296.00    1.90    1.42  83.20


avg-cpu:  %user   %nice %system %iowait  %steal   %idle
           0.31    0.00    0.37    5.20    0.00   94.12

Device            r/s     rkB/s   rrqm/s  %rrqm r_await rareq-sz     w/s     wkB/s   wrqm/s  %wrqm w_await wareq-sz     d/s     dkB/s   drqm/s  %drqm d_await dareq-sz     f/s f_await  aqu-sz  %util
nvme0n1          0.00      0.00     0.00   0.00    0.00     0.00 2698.00  31200.00     0.00   0.00    0.34    11.56    0.00      0.00     0.00   0.00    0.00     0.00  292.00    1.94    1.47  84.80


avg-cpu:  %user   %nice %system %iowait  %steal   %idle
           0.31    0.00    0.43    5.19    0.00   94.07

Device            r/s     rkB/s   rrqm/s  %rrqm r_await rareq-sz     w/s     wkB/s   wrqm/s  %wrqm w_await wareq-sz     d/s     dkB/s   drqm/s  %drqm d_await dareq-sz     f/s f_await  aqu-sz  %util
nvme0n1          0.00      0.00     0.00   0.00    0.00     0.00 2697.00  31192.00     0.00   0.00    0.34    11.57    0.00      0.00     0.00   0.00    0.00     0.00  293.00    1.95    1.48  84.50


avg-cpu:  %user   %nice %system %iowait  %steal   %idle
           0.37    0.00    0.37    5.27    0.00   93.99

Device            r/s     rkB/s   rrqm/s  %rrqm r_await rareq-sz     w/s     wkB/s   wrqm/s  %wrqm w_await wareq-sz     d/s     dkB/s   drqm/s  %drqm d_await dareq-sz     f/s f_await  aqu-sz  %util
nvme0n1          0.00      0.00     0.00   0.00    0.00     0.00 2685.00  31052.00     0.00   0.00    0.34    11.56    0.00      0.00     0.00   0.00    0.00     0.00  292.00    1.96    1.48  85.20


avg-cpu:  %user   %nice %system %iowait  %steal   %idle
           0.37    0.00    0.37    5.14    0.00   94.12

Device            r/s     rkB/s   rrqm/s  %rrqm r_await rareq-sz     w/s     wkB/s   wrqm/s  %wrqm w_await wareq-sz     d/s     dkB/s   drqm/s  %drqm d_await dareq-sz     f/s f_await  aqu-sz  %util
nvme0n1          0.00      0.00     0.00   0.00    0.00     0.00 2679.00  30984.00     0.00   0.00    0.34    11.57    0.00      0.00     0.00   0.00    0.00     0.00  291.00    1.94    1.47  84.60


avg-cpu:  %user   %nice %system %iowait  %steal   %idle
           0.50    0.00    0.44    5.16    0.00   93.91

Device            r/s     rkB/s   rrqm/s  %rrqm r_await rareq-sz     w/s     wkB/s   wrqm/s  %wrqm w_await wareq-sz     d/s     dkB/s   drqm/s  %drqm d_await dareq-sz     f/s f_await  aqu-sz  %util
nvme0n1          0.00      0.00     0.00   0.00    0.00     0.00 2697.00  31192.00     0.00   0.00    0.33    11.57    0.00      0.00     0.00   0.00    0.00     0.00  293.00    1.95    1.47  84.80


avg-cpu:  %user   %nice %system %iowait  %steal   %idle
           0.43    0.00    0.43    5.22    0.00   93.91

Device            r/s     rkB/s   rrqm/s  %rrqm r_await rareq-sz     w/s     wkB/s   wrqm/s  %wrqm w_await wareq-sz     d/s     dkB/s   drqm/s  %drqm d_await dareq-sz     f/s f_await  aqu-sz  %util
nvme0n1          0.00      0.00     0.00   0.00    0.00     0.00 2697.00  31192.00     0.00   0.00    0.34    11.57    0.00      0.00     0.00   0.00    0.00     0.00  293.00    1.94    1.48  84.40


avg-cpu:  %user   %nice %system %iowait  %steal   %idle
           0.31    0.00    0.37    5.20    0.00   94.11

Device            r/s     rkB/s   rrqm/s  %rrqm r_await rareq-sz     w/s     wkB/s   wrqm/s  %wrqm w_await wareq-sz     d/s     dkB/s   drqm/s  %drqm d_await dareq-sz     f/s f_await  aqu-sz  %util
nvme0n1          0.00      0.00     0.00   0.00    0.00     0.00 2697.00  31192.00     0.00   0.00    0.34    11.57    0.00      0.00     0.00   0.00    0.00     0.00  293.00    1.93    1.48  84.30


avg-cpu:  %user   %nice %system %iowait  %steal   %idle
           0.37    0.00    0.43    5.21    0.00   93.98

Device            r/s     rkB/s   rrqm/s  %rrqm r_await rareq-sz     w/s     wkB/s   wrqm/s  %wrqm w_await wareq-sz     d/s     dkB/s   drqm/s  %drqm d_await dareq-sz     f/s f_await  aqu-sz  %util
nvme0n1          0.00      0.00     0.00   0.00    0.00     0.00 2684.00  31048.00     0.00   0.00    0.34    11.57    0.00      0.00     0.00   0.00    0.00     0.00  292.00    1.94    1.48  85.20


avg-cpu:  %user   %nice %system %iowait  %steal   %idle
           0.25    0.00    0.50    5.22    0.00   94.04

Device            r/s     rkB/s   rrqm/s  %rrqm r_await rareq-sz     w/s     wkB/s   wrqm/s  %wrqm w_await wareq-sz     d/s     dkB/s   drqm/s  %drqm d_await dareq-sz     f/s f_await  aqu-sz  %util
nvme0n1          0.00      0.00     0.00   0.00    0.00     0.00 2697.00  31192.00     0.00   0.00    0.34    11.57    0.00      0.00     0.00   0.00    0.00     0.00  293.00    1.92    1.47  85.20


avg-cpu:  %user   %nice %system %iowait  %steal   %idle
           0.43    0.00    0.50    5.22    0.00   93.85

Device            r/s     rkB/s   rrqm/s  %rrqm r_await rareq-sz     w/s     wkB/s   wrqm/s  %wrqm w_await wareq-sz     d/s     dkB/s   drqm/s  %drqm d_await dareq-sz     f/s f_await  aqu-sz  %util
nvme0n1          0.00      0.00     0.00   0.00    0.00     0.00 2706.00  31296.00     0.00   0.00    0.34    11.57    0.00      0.00     0.00   0.00    0.00     0.00  294.00    1.93    1.48  84.80


avg-cpu:  %user   %nice %system %iowait  %steal   %idle
           0.37    0.00    0.37    5.20    0.00   94.06

Device            r/s     rkB/s   rrqm/s  %rrqm r_await rareq-sz     w/s     wkB/s   wrqm/s  %wrqm w_await wareq-sz     d/s     dkB/s   drqm/s  %drqm d_await dareq-sz     f/s f_await  aqu-sz  %util
nvme0n1          0.00      0.00     0.00   0.00    0.00     0.00 2690.00  31120.00     0.00   0.00    0.34    11.57    0.00      0.00     0.00   0.00    0.00     0.00  292.00    1.94    1.48  85.20


avg-cpu:  %user   %nice %system %iowait  %steal   %idle
           0.31    0.00    0.43    5.20    0.00   94.05

Device            r/s     rkB/s   rrqm/s  %rrqm r_await rareq-sz     w/s     wkB/s   wrqm/s  %wrqm w_await wareq-sz     d/s     dkB/s   drqm/s  %drqm d_await dareq-sz     f/s f_await  aqu-sz  %util
nvme0n1          0.00      0.00     0.00   0.00    0.00     0.00 2699.00  31196.00     0.00   0.00    0.34    11.56    0.00      0.00     0.00   0.00    0.00     0.00  294.00    1.92    1.48  84.30


avg-cpu:  %user   %nice %system %iowait  %steal   %idle
           0.43    0.00    0.43    5.14    0.00   93.99

Device            r/s     rkB/s   rrqm/s  %rrqm r_await rareq-sz     w/s     wkB/s   wrqm/s  %wrqm w_await wareq-sz     d/s     dkB/s   drqm/s  %drqm d_await dareq-sz     f/s f_await  aqu-sz  %util
nvme0n1          0.00      0.00     0.00   0.00    0.00     0.00 2684.00  31048.00     0.00   0.00    0.34    11.57    0.00      0.00     0.00   0.00    0.00     0.00  292.00    1.94    1.48  83.80


avg-cpu:  %user   %nice %system %iowait  %steal   %idle
           0.50    0.00    0.50    5.21    0.00   93.80

Device            r/s     rkB/s   rrqm/s  %rrqm r_await rareq-sz     w/s     wkB/s   wrqm/s  %wrqm w_await wareq-sz     d/s     dkB/s   drqm/s  %drqm d_await dareq-sz     f/s f_await  aqu-sz  %util
nvme0n1          0.00      0.00     0.00   0.00    0.00     0.00 2811.00  31832.00     2.00   0.07    0.34    11.32    0.00      0.00     0.00   0.00    0.00     0.00  292.00    1.93    1.51  84.40


avg-cpu:  %user   %nice %system %iowait  %steal   %idle
           0.43    0.00    0.50    5.26    0.00   93.81

Device            r/s     rkB/s   rrqm/s  %rrqm r_await rareq-sz     w/s     wkB/s   wrqm/s  %wrqm w_await wareq-sz     d/s     dkB/s   drqm/s  %drqm d_await dareq-sz     f/s f_await  aqu-sz  %util
nvme0n1          0.00      0.00     0.00   0.00    0.00     0.00 2689.00  31092.00     0.00   0.00    0.34    11.56    0.00      0.00     0.00   0.00    0.00     0.00  292.00    1.93    1.48  85.20


avg-cpu:  %user   %nice %system %iowait  %steal   %idle
           0.43    0.00    0.37    5.16    0.00   94.04

Device            r/s     rkB/s   rrqm/s  %rrqm r_await rareq-sz     w/s     wkB/s   wrqm/s  %wrqm w_await wareq-sz     d/s     dkB/s   drqm/s  %drqm d_await dareq-sz     f/s f_await  aqu-sz  %util
nvme0n1          0.00      0.00     0.00   0.00    0.00     0.00 2679.00  30980.00     0.00   0.00    0.34    11.56    0.00      0.00     0.00   0.00    0.00     0.00  292.00    1.93    1.48  84.20


avg-cpu:  %user   %nice %system %iowait  %steal   %idle
           0.43    0.00    0.56    5.20    0.00   93.81

Device            r/s     rkB/s   rrqm/s  %rrqm r_await rareq-sz     w/s     wkB/s   wrqm/s  %wrqm w_await wareq-sz     d/s     dkB/s   drqm/s  %drqm d_await dareq-sz     f/s f_await  aqu-sz  %util
nvme0n1          0.00      0.00     0.00   0.00    0.00     0.00 2696.00  31192.00     0.00   0.00    0.34    11.57    0.00      0.00     0.00   0.00    0.00     0.00  292.00    1.93    1.48  85.00


avg-cpu:  %user   %nice %system %iowait  %steal   %idle
           3.62    0.00    1.15    2.90    0.00   92.34

Device            r/s     rkB/s   rrqm/s  %rrqm r_await rareq-sz     w/s     wkB/s   wrqm/s  %wrqm w_await wareq-sz     d/s     dkB/s   drqm/s  %drqm d_await dareq-sz     f/s f_await  aqu-sz  %util
nvme0n1          0.00      0.00     0.00   0.00    0.00     0.00 1583.00  18376.00     0.00   0.00    0.33    11.61    0.00      0.00     0.00   0.00    0.00     0.00  169.00    1.93    0.85  49.00


avg-cpu:  %user   %nice %system %iowait  %steal   %idle
           0.44    0.00    0.37    2.49    0.00   96.70

Device            r/s     rkB/s   rrqm/s  %rrqm r_await rareq-sz     w/s     wkB/s   wrqm/s  %wrqm w_await wareq-sz     d/s     dkB/s   drqm/s  %drqm d_await dareq-sz     f/s f_await  aqu-sz  %util
nvme0n1          0.00      0.00     0.00   0.00    0.00     0.00 1262.00  14596.00     0.00   0.00    0.34    11.57    0.00      0.00     0.00   0.00    0.00     0.00  139.00    1.94    0.70  40.40


avg-cpu:  %user   %nice %system %iowait  %steal   %idle
           0.37    0.00    0.43    5.21    0.00   93.98

Device            r/s     rkB/s   rrqm/s  %rrqm r_await rareq-sz     w/s     wkB/s   wrqm/s  %wrqm w_await wareq-sz     d/s     dkB/s   drqm/s  %drqm d_await dareq-sz     f/s f_await  aqu-sz  %util
nvme0n1          0.00      0.00     0.00   0.00    0.00     0.00 2821.00  33124.00     0.00   0.00    0.42    11.74    0.00      0.00     0.00   0.00    0.00     0.00  294.00    1.94    1.76  84.50


avg-cpu:  %user   %nice %system %iowait  %steal   %idle
           0.50    0.00    0.50    5.10    0.00   93.90

Device            r/s     rkB/s   rrqm/s  %rrqm r_await rareq-sz     w/s     wkB/s   wrqm/s  %wrqm w_await wareq-sz     d/s     dkB/s   drqm/s  %drqm d_await dareq-sz     f/s f_await  aqu-sz  %util
nvme0n1          0.00      0.00     0.00   0.00    0.00     0.00 2092.00  21388.00     0.00   0.00    0.41    10.22    0.00      0.00     0.00   0.00    0.00     0.00  297.00    1.89    1.42  82.10


avg-cpu:  %user   %nice %system %iowait  %steal   %idle
           0.37    0.00    0.37    5.10    0.00   94.16

Device            r/s     rkB/s   rrqm/s  %rrqm r_await rareq-sz     w/s     wkB/s   wrqm/s  %wrqm w_await wareq-sz     d/s     dkB/s   drqm/s  %drqm d_await dareq-sz     f/s f_await  aqu-sz  %util
nvme0n1          0.00      0.00     0.00   0.00    0.00     0.00 2099.00  21464.00     0.00   0.00    0.40    10.23    0.00      0.00     0.00   0.00    0.00     0.00  297.00    1.89    1.41  82.70


avg-cpu:  %user   %nice %system %iowait  %steal   %idle
           0.37    0.00    0.43    5.14    0.00   94.06

Device            r/s     rkB/s   rrqm/s  %rrqm r_await rareq-sz     w/s     wkB/s   wrqm/s  %wrqm w_await wareq-sz     d/s     dkB/s   drqm/s  %drqm d_await dareq-sz     f/s f_await  aqu-sz  %util
nvme0n1          0.00      0.00     0.00   0.00    0.00     0.00 2105.00  21536.00     0.00   0.00    0.40    10.23    0.00      0.00     0.00   0.00    0.00     0.00  297.00    1.88    1.41  82.10


avg-cpu:  %user   %nice %system %iowait  %steal   %idle
           0.37    0.00    0.43    5.15    0.00   94.04

Device            r/s     rkB/s   rrqm/s  %rrqm r_await rareq-sz     w/s     wkB/s   wrqm/s  %wrqm w_await wareq-sz     d/s     dkB/s   drqm/s  %drqm d_await dareq-sz     f/s f_await  aqu-sz  %util
nvme0n1          0.00      0.00     0.00   0.00    0.00     0.00 2100.00  21464.00     0.00   0.00    0.41    10.22    0.00      0.00     0.00   0.00    0.00     0.00  298.00    1.89    1.42  83.20


avg-cpu:  %user   %nice %system %iowait  %steal   %idle
           0.25    0.00    0.25    5.16    0.00   94.34

Device            r/s     rkB/s   rrqm/s  %rrqm r_await rareq-sz     w/s     wkB/s   wrqm/s  %wrqm w_await wareq-sz     d/s     dkB/s   drqm/s  %drqm d_await dareq-sz     f/s f_await  aqu-sz  %util
nvme0n1          0.00      0.00     0.00   0.00    0.00     0.00 2105.00  21536.00     0.00   0.00    0.40    10.23    0.00      0.00     0.00   0.00    0.00     0.00  297.00    1.88    1.40  82.50


avg-cpu:  %user   %nice %system %iowait  %steal   %idle
           0.31    0.00    0.50    5.09    0.00   94.10

Device            r/s     rkB/s   rrqm/s  %rrqm r_await rareq-sz     w/s     wkB/s   wrqm/s  %wrqm w_await wareq-sz     d/s     dkB/s   drqm/s  %drqm d_await dareq-sz     f/s f_await  aqu-sz  %util
nvme0n1          0.00      0.00     0.00   0.00    0.00     0.00 2099.00  21464.00     0.00   0.00    0.40    10.23    0.00      0.00     0.00   0.00    0.00     0.00  297.00    1.89    1.41  82.80


avg-cpu:  %user   %nice %system %iowait  %steal   %idle
           0.44    0.00    0.44    5.03    0.00   94.10

Device            r/s     rkB/s   rrqm/s  %rrqm r_await rareq-sz     w/s     wkB/s   wrqm/s  %wrqm w_await wareq-sz     d/s     dkB/s   drqm/s  %drqm d_await dareq-sz     f/s f_await  aqu-sz  %util
nvme0n1          0.00      0.00     0.00   0.00    0.00     0.00 2101.00  21468.00     0.00   0.00    0.40    10.22    0.00      0.00     0.00   0.00    0.00     0.00  298.00    1.89    1.41  82.50


avg-cpu:  %user   %nice %system %iowait  %steal   %idle
           0.43    0.00    0.43    5.02    0.00   94.11

Device            r/s     rkB/s   rrqm/s  %rrqm r_await rareq-sz     w/s     wkB/s   wrqm/s  %wrqm w_await wareq-sz     d/s     dkB/s   drqm/s  %drqm d_await dareq-sz     f/s f_await  aqu-sz  %util
nvme0n1          0.00      0.00     0.00   0.00    0.00     0.00 2104.00  21532.00     0.00   0.00    0.40    10.23    0.00      0.00     0.00   0.00    0.00     0.00  297.00    1.87    1.40  81.30


avg-cpu:  %user   %nice %system %iowait  %steal   %idle
           0.50    0.00    0.37    5.10    0.00   94.03

Device            r/s     rkB/s   rrqm/s  %rrqm r_await rareq-sz     w/s     wkB/s   wrqm/s  %wrqm w_await wareq-sz     d/s     dkB/s   drqm/s  %drqm d_await dareq-sz     f/s f_await  aqu-sz  %util
nvme0n1          0.00      0.00     0.00   0.00    0.00     0.00 2099.00  21460.00     0.00   0.00    0.40    10.22    0.00      0.00     0.00   0.00    0.00     0.00  298.00    1.88    1.41  82.00


avg-cpu:  %user   %nice %system %iowait  %steal   %idle
           0.43    0.00    0.50    5.08    0.00   93.99

Device            r/s     rkB/s   rrqm/s  %rrqm r_await rareq-sz     w/s     wkB/s   wrqm/s  %wrqm w_await wareq-sz     d/s     dkB/s   drqm/s  %drqm d_await dareq-sz     f/s f_await  aqu-sz  %util
nvme0n1          0.00      0.00     0.00   0.00    0.00     0.00 2150.00  22268.00     0.00   0.00    0.40    10.36    0.00      0.00     0.00   0.00    0.00     0.00  297.00    1.88    1.41  82.10


avg-cpu:  %user   %nice %system %iowait  %steal   %idle
           0.43    0.00    0.37    5.22    0.00   93.98

Device            r/s     rkB/s   rrqm/s  %rrqm r_await rareq-sz     w/s     wkB/s   wrqm/s  %wrqm w_await wareq-sz     d/s     dkB/s   drqm/s  %drqm d_await dareq-sz     f/s f_await  aqu-sz  %util
nvme0n1          0.00      0.00     0.00   0.00    0.00     0.00 2704.00  31292.00     0.00   0.00    0.33    11.57    0.00      0.00     0.00   0.00    0.00     0.00  293.00    1.94    1.47  84.50


avg-cpu:  %user   %nice %system %iowait  %steal   %idle
           0.37    0.00    0.37    5.21    0.00   94.04

Device            r/s     rkB/s   rrqm/s  %rrqm r_await rareq-sz     w/s     wkB/s   wrqm/s  %wrqm w_await wareq-sz     d/s     dkB/s   drqm/s  %drqm d_await dareq-sz     f/s f_await  aqu-sz  %util
nvme0n1          0.00      0.00     0.00   0.00    0.00     0.00 2688.00  31088.00     0.00   0.00    0.34    11.57    0.00      0.00     0.00   0.00    0.00     0.00  292.00    1.93    1.47  85.10


avg-cpu:  %user   %nice %system %iowait  %steal   %idle
           0.31    0.00    0.43    5.28    0.00   93.98

Device            r/s     rkB/s   rrqm/s  %rrqm r_await rareq-sz     w/s     wkB/s   wrqm/s  %wrqm w_await wareq-sz     d/s     dkB/s   drqm/s  %drqm d_await dareq-sz     f/s f_await  aqu-sz  %util
nvme0n1          0.00      0.00     0.00   0.00    0.00     0.00 2704.00  31216.00     0.00   0.00    0.34    11.54    0.00      0.00     0.00   0.00    0.00     0.00  294.00    1.94    1.48  85.50


avg-cpu:  %user   %nice %system %iowait  %steal   %idle
           0.50    0.00    0.37    5.21    0.00   93.92

Device            r/s     rkB/s   rrqm/s  %rrqm r_await rareq-sz     w/s     wkB/s   wrqm/s  %wrqm w_await wareq-sz     d/s     dkB/s   drqm/s  %drqm d_await dareq-sz     f/s f_await  aqu-sz  %util
nvme0n1          0.00      0.00     0.00   0.00    0.00     0.00 2706.00  31296.00     0.00   0.00    0.33    11.57    0.00      0.00     0.00   0.00    0.00     0.00  294.00    1.93    1.47  85.00


avg-cpu:  %user   %nice %system %iowait  %steal   %idle
           0.50    0.00    0.43    5.15    0.00   93.92

Device            r/s     rkB/s   rrqm/s  %rrqm r_await rareq-sz     w/s     wkB/s   wrqm/s  %wrqm w_await wareq-sz     d/s     dkB/s   drqm/s  %drqm d_await dareq-sz     f/s f_await  aqu-sz  %util
nvme0n1          0.00      0.00     0.00   0.00    0.00     0.00 2706.00  31296.00     0.00   0.00    0.33    11.57    0.00      0.00     0.00   0.00    0.00     0.00  294.00    1.93    1.47  84.20


avg-cpu:  %user   %nice %system %iowait  %steal   %idle
           0.37    0.00    0.37    5.21    0.00   94.04

Device            r/s     rkB/s   rrqm/s  %rrqm r_await rareq-sz     w/s     wkB/s   wrqm/s  %wrqm w_await wareq-sz     d/s     dkB/s   drqm/s  %drqm d_await dareq-sz     f/s f_await  aqu-sz  %util
nvme0n1          0.00      0.00     0.00   0.00    0.00     0.00 2705.00  31296.00     0.00   0.00    0.34    11.57    0.00      0.00     0.00   0.00    0.00     0.00  293.00    1.93    1.47  84.80


avg-cpu:  %user   %nice %system %iowait  %steal   %idle
           0.43    0.00    0.43    5.21    0.00   93.92

Device            r/s     rkB/s   rrqm/s  %rrqm r_await rareq-sz     w/s     wkB/s   wrqm/s  %wrqm w_await wareq-sz     d/s     dkB/s   drqm/s  %drqm d_await dareq-sz     f/s f_await  aqu-sz  %util
nvme0n1          0.00      0.00     0.00   0.00    0.00     0.00 2715.00  31400.00     0.00   0.00    0.33    11.57    0.00      0.00     0.00   0.00    0.00     0.00  295.00    1.89    1.47  84.80


avg-cpu:  %user   %nice %system %iowait  %steal   %idle
           0.43    0.00    0.50    5.14    0.00   93.93

Device            r/s     rkB/s   rrqm/s  %rrqm r_await rareq-sz     w/s     wkB/s   wrqm/s  %wrqm w_await wareq-sz     d/s     dkB/s   drqm/s  %drqm d_await dareq-sz     f/s f_await  aqu-sz  %util
nvme0n1          0.00      0.00     0.00   0.00    0.00     0.00 2705.00  31264.00     0.00   0.00    0.34    11.56    0.00      0.00     0.00   0.00    0.00     0.00  295.00    1.92    1.48  83.40


avg-cpu:  %user   %nice %system %iowait  %steal   %idle
           0.43    0.00    0.43    5.21    0.00   93.92

Device            r/s     rkB/s   rrqm/s  %rrqm r_await rareq-sz     w/s     wkB/s   wrqm/s  %wrqm w_await wareq-sz     d/s     dkB/s   drqm/s  %drqm d_await dareq-sz     f/s f_await  aqu-sz  %util
nvme0n1          0.00      0.00     0.00   0.00    0.00     0.00 2705.00  31292.00     0.00   0.00    0.34    11.57    0.00      0.00     0.00   0.00    0.00     0.00  294.00    1.93    1.47  83.60


avg-cpu:  %user   %nice %system %iowait  %steal   %idle
           0.37    0.00    0.43    5.14    0.00   94.06

Device            r/s     rkB/s   rrqm/s  %rrqm r_await rareq-sz     w/s     wkB/s   wrqm/s  %wrqm w_await wareq-sz     d/s     dkB/s   drqm/s  %drqm d_await dareq-sz     f/s f_await  aqu-sz  %util
nvme0n1          0.00      0.00     0.00   0.00    0.00     0.00 2705.00  31296.00     0.00   0.00    0.34    11.57    0.00      0.00     0.00   0.00    0.00     0.00  293.00    1.92    1.47  83.40


avg-cpu:  %user   %nice %system %iowait  %steal   %idle
           0.31    0.00    0.37    5.15    0.00   94.17

Device            r/s     rkB/s   rrqm/s  %rrqm r_await rareq-sz     w/s     wkB/s   wrqm/s  %wrqm w_await wareq-sz     d/s     dkB/s   drqm/s  %drqm d_await dareq-sz     f/s f_await  aqu-sz  %util
nvme0n1          0.00      0.00     0.00   0.00    0.00     0.00 2691.00  31120.00     0.00   0.00    0.34    11.56    0.00      0.00     0.00   0.00    0.00     0.00  293.00    1.94    1.48  84.40


avg-cpu:  %user   %nice %system %iowait  %steal   %idle
           0.49    0.00    0.43    5.19    0.00   93.88

Device            r/s     rkB/s   rrqm/s  %rrqm r_await rareq-sz     w/s     wkB/s   wrqm/s  %wrqm w_await wareq-sz     d/s     dkB/s   drqm/s  %drqm d_await dareq-sz     f/s f_await  aqu-sz  %util
nvme0n1          0.00      0.00     0.00   0.00    0.00     0.00 2705.00  31296.00     0.00   0.00    0.34    11.57    0.00      0.00     0.00   0.00    0.00     0.00  293.00    1.93    1.47  84.20


avg-cpu:  %user   %nice %system %iowait  %steal   %idle
           0.37    0.00    0.50    5.14    0.00   93.99

Device            r/s     rkB/s   rrqm/s  %rrqm r_await rareq-sz     w/s     wkB/s   wrqm/s  %wrqm w_await wareq-sz     d/s     dkB/s   drqm/s  %drqm d_await dareq-sz     f/s f_await  aqu-sz  %util
nvme0n1          0.00      0.00     0.00   0.00    0.00     0.00 2705.00  31292.00     0.00   0.00    0.34    11.57    0.00      0.00     0.00   0.00    0.00     0.00  294.00    1.91    1.47  84.00


avg-cpu:  %user   %nice %system %iowait  %steal   %idle
           0.50    0.00    0.43    5.33    0.00   93.74

Device            r/s     rkB/s   rrqm/s  %rrqm r_await rareq-sz     w/s     wkB/s   wrqm/s  %wrqm w_await wareq-sz     d/s     dkB/s   drqm/s  %drqm d_await dareq-sz     f/s f_await  aqu-sz  %util
nvme0n1          0.00      0.00     0.00   0.00    0.00     0.00 2677.00  30948.00     0.00   0.00    0.34    11.56    0.00      0.00     0.00   0.00    0.00     0.00  292.00    1.93    1.48  85.70


avg-cpu:  %user   %nice %system %iowait  %steal   %idle
           0.50    0.00    0.31    5.14    0.00   94.05

Device            r/s     rkB/s   rrqm/s  %rrqm r_await rareq-sz     w/s     wkB/s   wrqm/s  %wrqm w_await wareq-sz     d/s     dkB/s   drqm/s  %drqm d_await dareq-sz     f/s f_await  aqu-sz  %util
nvme0n1          0.00      0.00     0.00   0.00    0.00     0.00 2698.00  31196.00     0.00   0.00    0.34    11.56    0.00      0.00     0.00   0.00    0.00     0.00  293.00    1.93    1.47  84.30


avg-cpu:  %user   %nice %system %iowait  %steal   %idle
           0.43    0.00    0.56    5.27    0.00   93.74

Device            r/s     rkB/s   rrqm/s  %rrqm r_await rareq-sz     w/s     wkB/s   wrqm/s  %wrqm w_await wareq-sz     d/s     dkB/s   drqm/s  %drqm d_await dareq-sz     f/s f_await  aqu-sz  %util
nvme0n1          0.00      0.00     0.00   0.00    0.00     0.00 2706.00  31324.00     0.00   0.00    0.34    11.58    0.00      0.00     0.00   0.00    0.00     0.00  293.00    1.93    1.47  84.40


avg-cpu:  %user   %nice %system %iowait  %steal   %idle
           0.43    0.00    0.37    5.21    0.00   93.98

Device            r/s     rkB/s   rrqm/s  %rrqm r_await rareq-sz     w/s     wkB/s   wrqm/s  %wrqm w_await wareq-sz     d/s     dkB/s   drqm/s  %drqm d_await dareq-sz     f/s f_await  aqu-sz  %util
nvme0n1          0.00      0.00     0.00   0.00    0.00     0.00 2697.00  31192.00     0.00   0.00    0.34    11.57    0.00      0.00     0.00   0.00    0.00     0.00  293.00    1.93    1.48  84.50


avg-cpu:  %user   %nice %system %iowait  %steal   %idle
           0.56    0.00    0.43    5.21    0.00   93.79

Device            r/s     rkB/s   rrqm/s  %rrqm r_await rareq-sz     w/s     wkB/s   wrqm/s  %wrqm w_await wareq-sz     d/s     dkB/s   drqm/s  %drqm d_await dareq-sz     f/s f_await  aqu-sz  %util
nvme0n1          0.00      0.00     0.00   0.00    0.00     0.00 2690.00  31092.00     0.00   0.00    0.34    11.56    0.00      0.00     0.00   0.00    0.00     0.00  293.00    1.94    1.48  85.00


avg-cpu:  %user   %nice %system %iowait  %steal   %idle
           0.43    0.00    0.56    5.15    0.00   93.86

Device            r/s     rkB/s   rrqm/s  %rrqm r_await rareq-sz     w/s     wkB/s   wrqm/s  %wrqm w_await wareq-sz     d/s     dkB/s   drqm/s  %drqm d_await dareq-sz     f/s f_await  aqu-sz  %util
nvme0n1          0.00      0.00     0.00   0.00    0.00     0.00 2812.00  31896.00     1.00   0.04    0.33    11.34    0.00      0.00     0.00   0.00    0.00     0.00  294.00    1.92    1.50  84.20


avg-cpu:  %user   %nice %system %iowait  %steal   %idle
           0.43    0.00    0.50    5.20    0.00   93.87

Device            r/s     rkB/s   rrqm/s  %rrqm r_await rareq-sz     w/s     wkB/s   wrqm/s  %wrqm w_await wareq-sz     d/s     dkB/s   drqm/s  %drqm d_await dareq-sz     f/s f_await  aqu-sz  %util
nvme0n1          0.00      0.00     0.00   0.00    0.00     0.00 3090.00  37496.00     0.00   0.00    0.51    12.13    0.00      0.00     0.00   0.00    0.00     0.00  292.00    1.93    2.14  84.90


avg-cpu:  %user   %nice %system %iowait  %steal   %idle
           0.43    0.00    0.43    5.09    0.00   94.04

Device            r/s     rkB/s   rrqm/s  %rrqm r_await rareq-sz     w/s     wkB/s   wrqm/s  %wrqm w_await wareq-sz     d/s     dkB/s   drqm/s  %drqm d_await dareq-sz     f/s f_await  aqu-sz  %util
nvme0n1          0.00      0.00     0.00   0.00    0.00     0.00 2100.00  21464.00     0.00   0.00    0.40    10.22    0.00      0.00     0.00   0.00    0.00     0.00  298.00    1.89    1.41  82.60


avg-cpu:  %user   %nice %system %iowait  %steal   %idle
           0.43    0.00    0.37    5.15    0.00   94.04

Device            r/s     rkB/s   rrqm/s  %rrqm r_await rareq-sz     w/s     wkB/s   wrqm/s  %wrqm w_await wareq-sz     d/s     dkB/s   drqm/s  %drqm d_await dareq-sz     f/s f_await  aqu-sz  %util
nvme0n1          0.00      0.00     0.00   0.00    0.00     0.00 2104.00  21532.00     0.00   0.00    0.41    10.23    0.00      0.00     0.00   0.00    0.00     0.00  297.00    1.89    1.42  83.40


