[2026-09-26T10:22:03+02:00] MESSTAG START
[2026-09-26T10:22:10+02:00] === BLOCK START: kafka ===
[2026-09-26T10:22:10+02:00] START: UC1 Aufwaermen kafka
[kafka] Lauf 1/1 mit 5000 Nachrichten ...
[kafka] Lauf 1: Mittel=0.15 ms, P99=0.39 ms, Rate=499.7 msg/s, Rueckstand=1

Bericht geschrieben: uc1_bericht_5000n_500r_1790410947.md
[2026-09-26T10:22:27+02:00] OK: UC1 Aufwaermen kafka
OK: 1 Lauf/Laeufe geprueft, Rate und Rueckstand innerhalb der Schwellen
[2026-09-26T10:22:27+02:00] START: UC1 Referenz kafka
[kafka] Lauf 1/5 mit 10000 Nachrichten ...
[kafka] Lauf 1: Mittel=0.09 ms, P99=0.16 ms, Rate=498.5 msg/s, Rueckstand=2
[kafka] Lauf 2/5 mit 10000 Nachrichten ...
[kafka] Lauf 2: Mittel=0.07 ms, P99=0.13 ms, Rate=500.0 msg/s, Rueckstand=2
[kafka] Lauf 3/5 mit 10000 Nachrichten ...
[kafka] Lauf 3: Mittel=0.07 ms, P99=0.15 ms, Rate=500.0 msg/s, Rueckstand=1
[kafka] Lauf 4/5 mit 10000 Nachrichten ...
[kafka] Lauf 4: Mittel=0.08 ms, P99=0.13 ms, Rate=500.0 msg/s, Rueckstand=2
[kafka] Lauf 5/5 mit 10000 Nachrichten ...
[kafka] Lauf 5: Mittel=0.08 ms, P99=0.13 ms, Rate=500.0 msg/s, Rueckstand=1

Bericht geschrieben: uc1_bericht_10000n_500r_1790411078.md
[2026-09-26T10:24:38+02:00] OK: UC1 Referenz kafka
OK: 5 Lauf/Laeufe geprueft, Rate und Rueckstand innerhalb der Schwellen
[2026-09-26T10:24:38+02:00] START: UC1b Stufenreihe kafka (500 1000 1500 2000 3000)
[kafka] Lauf 1/3 mit 20000 Nachrichten ...
[kafka] Lauf 1: Mittel=0.07 ms, P99=0.11 ms, Rate=500.0 msg/s, Rueckstand=1
[kafka] Lauf 2/3 mit 20000 Nachrichten ...
[kafka] Lauf 2: Mittel=0.07 ms, P99=0.11 ms, Rate=500.0 msg/s, Rueckstand=1
[kafka] Lauf 3/3 mit 20000 Nachrichten ...
[kafka] Lauf 3: Mittel=0.08 ms, P99=0.11 ms, Rate=500.0 msg/s, Rueckstand=1

Bericht geschrieben: uc1_bericht_20000n_500r_1790411216.md
[kafka] Lauf 1/3 mit 20000 Nachrichten ...
[kafka] Lauf 1: Mittel=0.06 ms, P99=0.09 ms, Rate=999.9 msg/s, Rueckstand=1
[kafka] Lauf 2/3 mit 20000 Nachrichten ...
[kafka] Lauf 2: Mittel=0.06 ms, P99=0.09 ms, Rate=999.9 msg/s, Rueckstand=2
[kafka] Lauf 3/3 mit 20000 Nachrichten ...
[kafka] Lauf 3: Mittel=0.06 ms, P99=0.10 ms, Rate=999.9 msg/s, Rueckstand=2

Bericht geschrieben: uc1_bericht_20000n_1000r_1790411295.md
[kafka] Lauf 1/3 mit 20000 Nachrichten ...
[kafka] Lauf 1: Mittel=0.06 ms, P99=0.09 ms, Rate=1499.8 msg/s, Rueckstand=3
[kafka] Lauf 2/3 mit 20000 Nachrichten ...
[kafka] Lauf 2: Mittel=0.06 ms, P99=0.09 ms, Rate=1499.8 msg/s, Rueckstand=2
[kafka] Lauf 3/3 mit 20000 Nachrichten ...
[kafka] Lauf 3: Mittel=0.06 ms, P99=0.09 ms, Rate=1499.8 msg/s, Rueckstand=2

Bericht geschrieben: uc1_bericht_20000n_1500r_1790411353.md
[kafka] Lauf 1/3 mit 20000 Nachrichten ...
[kafka] Lauf 1: Mittel=0.06 ms, P99=0.09 ms, Rate=1999.5 msg/s, Rueckstand=3
[kafka] Lauf 2/3 mit 20000 Nachrichten ...
[kafka] Lauf 2: Mittel=0.06 ms, P99=0.09 ms, Rate=1999.6 msg/s, Rueckstand=2
[kafka] Lauf 3/3 mit 20000 Nachrichten ...
[kafka] Lauf 3: Mittel=0.06 ms, P99=0.09 ms, Rate=1999.5 msg/s, Rueckstand=3

Bericht geschrieben: uc1_bericht_20000n_2000r_1790411401.md
[kafka] Lauf 1/3 mit 20000 Nachrichten ...
[kafka] Lauf 1: Mittel=0.06 ms, P99=0.09 ms, Rate=2998.7 msg/s, Rueckstand=2
[kafka] Lauf 2/3 mit 20000 Nachrichten ...
[kafka] Lauf 2: Mittel=0.06 ms, P99=0.09 ms, Rate=2998.5 msg/s, Rueckstand=3
[kafka] Lauf 3/3 mit 20000 Nachrichten ...
[kafka] Lauf 3: Mittel=0.06 ms, P99=0.09 ms, Rate=2998.4 msg/s, Rueckstand=3

Bericht geschrieben: uc1_bericht_20000n_3000r_1790411440.md
[2026-09-26T10:30:40+02:00] OK: UC1b Stufenreihe kafka (500 1000 1500 2000 3000)
[2026-09-26T10:30:40+02:00] START: UC2 kafka
[kafka] 1 Instanz(en), Lauf 1/10 ...
[kafka] 1 Instanz(en): 26216.4 msg/s, Verteilung 100000
[kafka] 1 Instanz(en), Lauf 2/10 ...
[kafka] 1 Instanz(en): 25698.7 msg/s, Verteilung 100000
[kafka] 1 Instanz(en), Lauf 3/10 ...
[kafka] 1 Instanz(en): 26813.3 msg/s, Verteilung 100000
[kafka] 1 Instanz(en), Lauf 4/10 ...
[kafka] 1 Instanz(en): 27172.3 msg/s, Verteilung 100000
[kafka] 1 Instanz(en), Lauf 5/10 ...
[kafka] 1 Instanz(en): 27118.1 msg/s, Verteilung 100000
[kafka] 1 Instanz(en), Lauf 6/10 ...
[kafka] 1 Instanz(en): 26563.4 msg/s, Verteilung 100000
[kafka] 1 Instanz(en), Lauf 7/10 ...
[kafka] 1 Instanz(en): 26935.2 msg/s, Verteilung 100000
[kafka] 1 Instanz(en), Lauf 8/10 ...
[kafka] 1 Instanz(en): 26673.9 msg/s, Verteilung 100000
[kafka] 1 Instanz(en), Lauf 9/10 ...
[kafka] 1 Instanz(en): 25499.3 msg/s, Verteilung 100000
[kafka] 1 Instanz(en), Lauf 10/10 ...
[kafka] 1 Instanz(en): 26479.6 msg/s, Verteilung 100000
[kafka] 2 Instanz(en), Lauf 1/10 ...
[kafka] 2 Instanz(en): 52457.9 msg/s, Verteilung 50000/50000
[kafka] 2 Instanz(en), Lauf 2/10 ...
[kafka] 2 Instanz(en): 50912.4 msg/s, Verteilung 50000/50000
[kafka] 2 Instanz(en), Lauf 3/10 ...
[kafka] 2 Instanz(en): 49577.9 msg/s, Verteilung 50000/50000
[kafka] 2 Instanz(en), Lauf 4/10 ...
[kafka] 2 Instanz(en): 49281.2 msg/s, Verteilung 50000/50000
[kafka] 2 Instanz(en), Lauf 5/10 ...
[kafka] 2 Instanz(en): 48849.5 msg/s, Verteilung 50000/50000
[kafka] 2 Instanz(en), Lauf 6/10 ...
[kafka] 2 Instanz(en): 49039.0 msg/s, Verteilung 50000/50000
[kafka] 2 Instanz(en), Lauf 7/10 ...
[kafka] 2 Instanz(en): 48364.2 msg/s, Verteilung 50000/50000
[kafka] 2 Instanz(en), Lauf 8/10 ...
[kafka] 2 Instanz(en): 49090.4 msg/s, Verteilung 50000/50000
[kafka] 2 Instanz(en), Lauf 9/10 ...
[kafka] 2 Instanz(en): 49191.3 msg/s, Verteilung 50000/50000
[kafka] 2 Instanz(en), Lauf 10/10 ...
[kafka] 2 Instanz(en): 50103.5 msg/s, Verteilung 50000/50000
[kafka] 4 Instanz(en), Lauf 1/10 ...
[kafka] 4 Instanz(en): 64936.7 msg/s, Verteilung 25000/25000/25000/25000
[kafka] 4 Instanz(en), Lauf 2/10 ...
[kafka] 4 Instanz(en): 67762.7 msg/s, Verteilung 25000/25000/25000/25000
[kafka] 4 Instanz(en), Lauf 3/10 ...
[kafka] 4 Instanz(en): 65237.1 msg/s, Verteilung 25000/25000/25000/25000
[kafka] 4 Instanz(en), Lauf 4/10 ...
[kafka] 4 Instanz(en): 65082.9 msg/s, Verteilung 25000/25000/25000/25000
[kafka] 4 Instanz(en), Lauf 5/10 ...
[kafka] 4 Instanz(en): 65042.2 msg/s, Verteilung 25000/25000/25000/25000
[kafka] 4 Instanz(en), Lauf 6/10 ...
[kafka] 4 Instanz(en): 67407.6 msg/s, Verteilung 25000/25000/25000/25000
[kafka] 4 Instanz(en), Lauf 7/10 ...
[kafka] 4 Instanz(en): 65170.0 msg/s, Verteilung 25000/25000/25000/25000
[kafka] 4 Instanz(en), Lauf 8/10 ...
[kafka] 4 Instanz(en): 67032.3 msg/s, Verteilung 25000/25000/25000/25000
[kafka] 4 Instanz(en), Lauf 9/10 ...
[kafka] 4 Instanz(en): 64668.5 msg/s, Verteilung 25000/25000/25000/25000
[kafka] 4 Instanz(en), Lauf 10/10 ...
[kafka] 4 Instanz(en): 65450.0 msg/s, Verteilung 25000/25000/25000/25000
[kafka] 8 Instanz(en), Lauf 1/10 ...
[kafka] 8 Instanz(en): 49678.3 msg/s, Verteilung 12500/12500/12500/12500/12500/12500/12500/12500
[kafka] 8 Instanz(en), Lauf 2/10 ...
[kafka] 8 Instanz(en): 50819.0 msg/s, Verteilung 12500/12500/12500/12500/12500/12500/12500/12500
[kafka] 8 Instanz(en), Lauf 3/10 ...
[kafka] 8 Instanz(en): 51010.0 msg/s, Verteilung 12500/12500/12500/12500/12500/12500/12500/12500
[kafka] 8 Instanz(en), Lauf 4/10 ...
[kafka] 8 Instanz(en): 49344.0 msg/s, Verteilung 12500/12500/12500/12500/12500/12500/12500/12500
[kafka] 8 Instanz(en), Lauf 5/10 ...
[kafka] 8 Instanz(en): 50750.1 msg/s, Verteilung 12500/12500/12500/12500/12500/12500/12500/12500
[kafka] 8 Instanz(en), Lauf 6/10 ...
[kafka] 8 Instanz(en): 50271.1 msg/s, Verteilung 12500/12500/12500/12500/12500/12500/12500/12500
[kafka] 8 Instanz(en), Lauf 7/10 ...
[kafka] 8 Instanz(en): 49721.9 msg/s, Verteilung 12500/12500/12500/12500/12500/12500/12500/12500
[kafka] 8 Instanz(en), Lauf 8/10 ...
[kafka] 8 Instanz(en): 49792.4 msg/s, Verteilung 12500/12500/12500/12500/12500/12500/12500/12500
[kafka] 8 Instanz(en), Lauf 9/10 ...
[kafka] 8 Instanz(en): 50378.3 msg/s, Verteilung 12500/12500/12500/12500/12500/12500/12500/12500
[kafka] 8 Instanz(en), Lauf 10/10 ...
[kafka] 8 Instanz(en): 49766.9 msg/s, Verteilung 12500/12500/12500/12500/12500/12500/12500/12500

Bericht geschrieben: uc2_bericht_100000n_1790412051.md
[2026-09-26T10:40:51+02:00] OK: UC2 kafka
[2026-09-26T10:40:51+02:00] START: UC3 kafka
[kafka] 1 Subscriber, Lauf 1/5 ...
[kafka] 1 Subscriber: Mittel=0.08 ms, P99=0.13 ms, Versatz P99=- ms, Rueckstand=0, vollstaendig, Duplikate=0
[kafka] 1 Subscriber, Lauf 2/5 ...
[kafka] 1 Subscriber: Mittel=0.08 ms, P99=0.13 ms, Versatz P99=- ms, Rueckstand=1, vollstaendig, Duplikate=0
[kafka] 1 Subscriber, Lauf 3/5 ...
[kafka] 1 Subscriber: Mittel=0.08 ms, P99=0.11 ms, Versatz P99=- ms, Rueckstand=0, vollstaendig, Duplikate=0
[kafka] 1 Subscriber, Lauf 4/5 ...
[kafka] 1 Subscriber: Mittel=0.08 ms, P99=0.12 ms, Versatz P99=- ms, Rueckstand=0, vollstaendig, Duplikate=0
[kafka] 1 Subscriber, Lauf 5/5 ...
[kafka] 1 Subscriber: Mittel=0.08 ms, P99=0.12 ms, Versatz P99=- ms, Rueckstand=0, vollstaendig, Duplikate=0
[kafka] 2 Subscriber, Lauf 1/5 ...
[kafka] 2 Subscriber: Mittel=0.09 ms, P99=0.14 ms, Versatz P99=0.04 ms, Rueckstand=0, vollstaendig, Duplikate=0
[kafka] 2 Subscriber, Lauf 2/5 ...
[kafka] 2 Subscriber: Mittel=0.09 ms, P99=0.13 ms, Versatz P99=0.04 ms, Rueckstand=0, vollstaendig, Duplikate=0
[kafka] 2 Subscriber, Lauf 3/5 ...
[kafka] 2 Subscriber: Mittel=0.09 ms, P99=0.13 ms, Versatz P99=0.04 ms, Rueckstand=0, vollstaendig, Duplikate=0
[kafka] 2 Subscriber, Lauf 4/5 ...
[kafka] 2 Subscriber: Mittel=0.09 ms, P99=0.13 ms, Versatz P99=0.03 ms, Rueckstand=0, vollstaendig, Duplikate=0
[kafka] 2 Subscriber, Lauf 5/5 ...
[kafka] 2 Subscriber: Mittel=0.09 ms, P99=0.13 ms, Versatz P99=0.03 ms, Rueckstand=0, vollstaendig, Duplikate=0
[kafka] 4 Subscriber, Lauf 1/5 ...
[kafka] 4 Subscriber: Mittel=0.13 ms, P99=0.19 ms, Versatz P99=0.09 ms, Rueckstand=0, vollstaendig, Duplikate=0
[kafka] 4 Subscriber, Lauf 2/5 ...
[kafka] 4 Subscriber: Mittel=0.13 ms, P99=0.19 ms, Versatz P99=0.08 ms, Rueckstand=0, vollstaendig, Duplikate=0
[kafka] 4 Subscriber, Lauf 3/5 ...
[kafka] 4 Subscriber: Mittel=0.13 ms, P99=0.18 ms, Versatz P99=0.08 ms, Rueckstand=0, vollstaendig, Duplikate=0
[kafka] 4 Subscriber, Lauf 4/5 ...
[kafka] 4 Subscriber: Mittel=0.13 ms, P99=0.20 ms, Versatz P99=0.10 ms, Rueckstand=1, vollstaendig, Duplikate=0
[kafka] 4 Subscriber, Lauf 5/5 ...
[kafka] 4 Subscriber: Mittel=0.13 ms, P99=0.19 ms, Versatz P99=0.09 ms, Rueckstand=2, vollstaendig, Duplikate=0
[kafka] 8 Subscriber, Lauf 1/5 ...
[kafka] 8 Subscriber: Mittel=0.17 ms, P99=0.27 ms, Versatz P99=0.17 ms, Rueckstand=0, vollstaendig, Duplikate=0
[kafka] 8 Subscriber, Lauf 2/5 ...
[kafka] 8 Subscriber: Mittel=0.17 ms, P99=0.27 ms, Versatz P99=0.17 ms, Rueckstand=0, vollstaendig, Duplikate=0
[kafka] 8 Subscriber, Lauf 3/5 ...
[kafka] 8 Subscriber: Mittel=0.17 ms, P99=0.27 ms, Versatz P99=0.17 ms, Rueckstand=0, vollstaendig, Duplikate=0
[kafka] 8 Subscriber, Lauf 4/5 ...
[kafka] 8 Subscriber: Mittel=0.18 ms, P99=0.27 ms, Versatz P99=0.17 ms, Rueckstand=1, vollstaendig, Duplikate=0
[kafka] 8 Subscriber, Lauf 5/5 ...
[kafka] 8 Subscriber: Mittel=0.18 ms, P99=0.28 ms, Versatz P99=0.17 ms, Rueckstand=0, vollstaendig, Duplikate=0

Bericht geschrieben: uc3_bericht_10000n_1790412527.md
[2026-09-26T10:48:47+02:00] OK: UC3 kafka
[2026-09-26T10:48:47+02:00] START: UC4 kafka
[kafka] 1 Producer, Lauf 1/5 ...
[kafka] 1 Producer: Mittel=0.08 ms, P99=0.12 ms, Reihenfolge-Verletzungen=0, Rate=500.0, Rueckstand=0, vollstaendig
[kafka] 1 Producer, Lauf 2/5 ...
[kafka] 1 Producer: Mittel=0.08 ms, P99=0.12 ms, Reihenfolge-Verletzungen=0, Rate=500.0, Rueckstand=1, vollstaendig
[kafka] 1 Producer, Lauf 3/5 ...
[kafka] 1 Producer: Mittel=0.08 ms, P99=0.14 ms, Reihenfolge-Verletzungen=0, Rate=500.0, Rueckstand=0, vollstaendig
[kafka] 1 Producer, Lauf 4/5 ...
[kafka] 1 Producer: Mittel=0.08 ms, P99=0.13 ms, Reihenfolge-Verletzungen=0, Rate=500.0, Rueckstand=1, vollstaendig
[kafka] 1 Producer, Lauf 5/5 ...
[kafka] 1 Producer: Mittel=0.08 ms, P99=0.11 ms, Reihenfolge-Verletzungen=0, Rate=500.0, Rueckstand=0, vollstaendig
[kafka] 2 Producer, Lauf 1/5 ...
[kafka] 2 Producer: Mittel=0.09 ms, P99=0.13 ms, Reihenfolge-Verletzungen=0, Rate=500.2, Rueckstand=0, vollstaendig
[kafka] 2 Producer, Lauf 2/5 ...
[kafka] 2 Producer: Mittel=0.08 ms, P99=0.11 ms, Reihenfolge-Verletzungen=0, Rate=500.2, Rueckstand=0, vollstaendig
[kafka] 2 Producer, Lauf 3/5 ...
[kafka] 2 Producer: Mittel=0.09 ms, P99=0.13 ms, Reihenfolge-Verletzungen=0, Rate=500.2, Rueckstand=0, vollstaendig
[kafka] 2 Producer, Lauf 4/5 ...
[kafka] 2 Producer: Mittel=0.09 ms, P99=0.15 ms, Reihenfolge-Verletzungen=0, Rate=500.2, Rueckstand=0, vollstaendig
[kafka] 2 Producer, Lauf 5/5 ...
[kafka] 2 Producer: Mittel=0.08 ms, P99=0.15 ms, Reihenfolge-Verletzungen=0, Rate=500.2, Rueckstand=0, vollstaendig
[kafka] 4 Producer, Lauf 1/5 ...
[kafka] 4 Producer: Mittel=0.09 ms, P99=0.13 ms, Reihenfolge-Verletzungen=0, Rate=500.4, Rueckstand=0, vollstaendig
[kafka] 4 Producer, Lauf 2/5 ...
[kafka] 4 Producer: Mittel=0.09 ms, P99=0.14 ms, Reihenfolge-Verletzungen=0, Rate=500.4, Rueckstand=0, vollstaendig
[kafka] 4 Producer, Lauf 3/5 ...
[kafka] 4 Producer: Mittel=0.09 ms, P99=0.12 ms, Reihenfolge-Verletzungen=0, Rate=500.4, Rueckstand=0, vollstaendig
[kafka] 4 Producer, Lauf 4/5 ...
[kafka] 4 Producer: Mittel=0.09 ms, P99=0.13 ms, Reihenfolge-Verletzungen=0, Rate=500.4, Rueckstand=0, vollstaendig
[kafka] 4 Producer, Lauf 5/5 ...
[kafka] 4 Producer: Mittel=0.10 ms, P99=0.12 ms, Reihenfolge-Verletzungen=0, Rate=500.4, Rueckstand=0, vollstaendig
[kafka] 8 Producer, Lauf 1/5 ...
[kafka] 8 Producer: Mittel=0.10 ms, P99=0.14 ms, Reihenfolge-Verletzungen=0, Rate=500.0, Rueckstand=0, vollstaendig
[kafka] 8 Producer, Lauf 2/5 ...
[kafka] 8 Producer: Mittel=0.10 ms, P99=0.14 ms, Reihenfolge-Verletzungen=0, Rate=500.0, Rueckstand=0, vollstaendig
[kafka] 8 Producer, Lauf 3/5 ...
[kafka] 8 Producer: Mittel=0.10 ms, P99=0.15 ms, Reihenfolge-Verletzungen=0, Rate=500.0, Rueckstand=0, vollstaendig
[kafka] 8 Producer, Lauf 4/5 ...
[kafka] 8 Producer: Mittel=0.10 ms, P99=0.14 ms, Reihenfolge-Verletzungen=0, Rate=500.0, Rueckstand=0, vollstaendig
[kafka] 8 Producer, Lauf 5/5 ...
[kafka] 8 Producer: Mittel=0.10 ms, P99=0.14 ms, Reihenfolge-Verletzungen=0, Rate=500.0, Rueckstand=0, vollstaendig

Bericht geschrieben: uc4_bericht_10000n_1790413013.md
[2026-09-26T10:56:53+02:00] OK: UC4 kafka
[2026-09-26T10:56:53+02:00] === BLOCK ENDE: kafka ===
[2026-09-26T10:56:58+02:00] === BLOCK START: rabbitmq ===
[2026-09-26T10:56:58+02:00] START: UC1 Aufwaermen rabbitmq
[rabbitmq] Lauf 1/1 mit 500 Nachrichten ...
[rabbitmq] Lauf 1: Mittel=0.15 ms, P99=0.20 ms, Rate=342.2 msg/s, Rueckstand=510

Bericht geschrieben: uc1_bericht_500n_500r_1790413021.md
[2026-09-26T10:57:01+02:00] OK: UC1 Aufwaermen rabbitmq
[2026-09-26T10:57:01+02:00] START: UC1 Referenz rabbitmq
[rabbitmq] Lauf 1/5 mit 10000 Nachrichten ...
[rabbitmq] Lauf 1: Mittel=0.13 ms, P99=0.18 ms, Rate=330.5 msg/s, Rueckstand=10010
[rabbitmq] Lauf 2/5 mit 10000 Nachrichten ...
[rabbitmq] Lauf 2: Mittel=0.13 ms, P99=0.19 ms, Rate=329.6 msg/s, Rueckstand=10010
[rabbitmq] Lauf 3/5 mit 10000 Nachrichten ...
[rabbitmq] Lauf 3: Mittel=0.13 ms, P99=0.18 ms, Rate=329.8 msg/s, Rueckstand=10010
[rabbitmq] Lauf 4/5 mit 10000 Nachrichten ...
[rabbitmq] Lauf 4: Mittel=0.13 ms, P99=0.19 ms, Rate=330.2 msg/s, Rueckstand=10010
[rabbitmq] Lauf 5/5 mit 10000 Nachrichten ...
[rabbitmq] Lauf 5: Mittel=0.13 ms, P99=0.18 ms, Rate=330.9 msg/s, Rueckstand=10010

Bericht geschrieben: uc1_bericht_10000n_500r_1790413178.md
[2026-09-26T10:59:38+02:00] OK: UC1 Referenz rabbitmq
FAIL: Lauf 1: Rate 330.5 weicht 33.9% vom Soll 500.0 ab; Lauf 1: Rueckstand 10010 (100.1% von 10000); Lauf 2: Rate 329.6 weicht 34.1% vom Soll 500.0 ab; Lauf 2: Rueckstand 10010 (100.1% von 10000); Lauf 3: Rate 329.8 weicht 34.0% vom Soll 500.0 ab; Lauf 3: Rueckstand 10010 (100.1% von 10000); Lauf 4: Rate 330.2 weicht 34.0% vom Soll 500.0 ab; Lauf 4: Rueckstand 10010 (100.1% von 10000); Lauf 5: Rate 330.9 weicht 33.8% vom Soll 500.0 ab; Lauf 5: Rueckstand 10010 (100.1% von 10000)
[2026-09-26T10:59:38+02:00] REPORT-CHECK FEHLGESCHLAGEN: uc1_bericht_10000n_500r_1790413178.md (siehe /home/fabianhamacher/Desktop/poc-messaging/messungen/orchestrator_20260926_102203.log)
[2026-09-26T10:59:38+02:00] START: UC1 Kapazitaet rabbitmq (300/s)
[rabbitmq] Lauf 1/5 mit 10000 Nachrichten ...
[rabbitmq] Lauf 1: Mittel=0.13 ms, P99=0.20 ms, Rate=294.4 msg/s, Rueckstand=1548
[rabbitmq] Lauf 2/5 mit 10000 Nachrichten ...
[rabbitmq] Lauf 2: Mittel=0.13 ms, P99=0.19 ms, Rate=294.1 msg/s, Rueckstand=1567
[rabbitmq] Lauf 3/5 mit 10000 Nachrichten ...
[rabbitmq] Lauf 3: Mittel=0.13 ms, P99=0.19 ms, Rate=294.0 msg/s, Rueckstand=1554
[rabbitmq] Lauf 4/5 mit 10000 Nachrichten ...
[rabbitmq] Lauf 4: Mittel=0.13 ms, P99=0.19 ms, Rate=293.9 msg/s, Rueckstand=1586
[rabbitmq] Lauf 5/5 mit 10000 Nachrichten ...
[rabbitmq] Lauf 5: Mittel=0.13 ms, P99=0.19 ms, Rate=294.7 msg/s, Rueckstand=1541

Bericht geschrieben: uc1_bericht_10000n_300r_1790413353.md
[2026-09-26T11:02:33+02:00] OK: UC1 Kapazitaet rabbitmq (300/s)
FAIL: Lauf 1: Rueckstand 1548 (15.5% von 10000); Lauf 2: Rueckstand 1567 (15.7% von 10000); Lauf 3: Rueckstand 1554 (15.5% von 10000); Lauf 4: Rueckstand 1586 (15.9% von 10000); Lauf 5: Rueckstand 1541 (15.4% von 10000)
[2026-09-26T11:02:33+02:00] REPORT-CHECK FEHLGESCHLAGEN: uc1_bericht_10000n_300r_1790413353.md (siehe /home/fabianhamacher/Desktop/poc-messaging/messungen/orchestrator_20260926_102203.log)
[2026-09-26T11:02:33+02:00] START: UC1 nicht-persistent rabbitmq
[rabbitmq] Lauf 1/5 mit 10000 Nachrichten ...
[rabbitmq] Lauf 1: Mittel=0.12 ms, P99=0.17 ms, Rate=500.0 msg/s, Rueckstand=0
[rabbitmq] Lauf 2/5 mit 10000 Nachrichten ...
[rabbitmq] Lauf 2: Mittel=0.12 ms, P99=0.18 ms, Rate=500.0 msg/s, Rueckstand=0
[rabbitmq] Lauf 3/5 mit 10000 Nachrichten ...
[rabbitmq] Lauf 3: Mittel=0.12 ms, P99=0.17 ms, Rate=500.0 msg/s, Rueckstand=0
[rabbitmq] Lauf 4/5 mit 10000 Nachrichten ...
[rabbitmq] Lauf 4: Mittel=0.13 ms, P99=0.19 ms, Rate=500.0 msg/s, Rueckstand=0
[rabbitmq] Lauf 5/5 mit 10000 Nachrichten ...
[rabbitmq] Lauf 5: Mittel=0.12 ms, P99=0.19 ms, Rate=500.0 msg/s, Rueckstand=0

Bericht geschrieben: uc1_bericht_10000n_500r_1790413459.md
[2026-09-26T11:04:19+02:00] OK: UC1 nicht-persistent rabbitmq
OK: 5 Lauf/Laeufe geprueft, Rate und Rueckstand innerhalb der Schwellen
[2026-09-26T11:04:19+02:00] START: UC1b Stufenreihe rabbitmq (200 250 300 350 400)
[rabbitmq] Lauf 1/3 mit 20000 Nachrichten ...
[rabbitmq] Lauf 1: Mittel=0.18 ms, P99=0.24 ms, Rate=199.9 msg/s, Rueckstand=15
[rabbitmq] Lauf 2/3 mit 20000 Nachrichten ...
[rabbitmq] Lauf 2: Mittel=0.19 ms, P99=0.26 ms, Rate=199.9 msg/s, Rueckstand=14
[rabbitmq] Lauf 3/3 mit 20000 Nachrichten ...
[rabbitmq] Lauf 3: Mittel=0.17 ms, P99=0.23 ms, Rate=199.9 msg/s, Rueckstand=12

Bericht geschrieben: uc1_bericht_20000n_200r_1790413762.md
[rabbitmq] Lauf 1/3 mit 20000 Nachrichten ...
[rabbitmq] Lauf 1: Mittel=0.15 ms, P99=0.22 ms, Rate=249.7 msg/s, Rueckstand=548
[rabbitmq] Lauf 2/3 mit 20000 Nachrichten ...
[rabbitmq] Lauf 2: Mittel=0.15 ms, P99=0.21 ms, Rate=249.7 msg/s, Rueckstand=427
[rabbitmq] Lauf 3/3 mit 20000 Nachrichten ...
[rabbitmq] Lauf 3: Mittel=0.16 ms, P99=0.23 ms, Rate=249.6 msg/s, Rueckstand=459

Bericht geschrieben: uc1_bericht_20000n_250r_1790414006.md
[rabbitmq] Lauf 1/3 mit 20000 Nachrichten ...
[rabbitmq] Lauf 1: Mittel=0.12 ms, P99=0.17 ms, Rate=294.8 msg/s, Rueckstand=3055
[rabbitmq] Lauf 2/3 mit 20000 Nachrichten ...
[rabbitmq] Lauf 2: Mittel=0.13 ms, P99=0.17 ms, Rate=294.5 msg/s, Rueckstand=3053
[rabbitmq] Lauf 3/3 mit 20000 Nachrichten ...
[rabbitmq] Lauf 3: Mittel=0.13 ms, P99=0.17 ms, Rate=295.2 msg/s, Rueckstand=3055

Bericht geschrieben: uc1_bericht_20000n_300r_1790414213.md
[rabbitmq] Lauf 1/3 mit 20000 Nachrichten ...
[rabbitmq] Lauf 1: Mittel=0.14 ms, P99=0.17 ms, Rate=327.3 msg/s, Rueckstand=11638
[rabbitmq] Lauf 2/3 mit 20000 Nachrichten ...
[rabbitmq] Lauf 2: Mittel=0.13 ms, P99=0.17 ms, Rate=327.2 msg/s, Rueckstand=11184
[rabbitmq] Lauf 3/3 mit 20000 Nachrichten ...
[rabbitmq] Lauf 3: Mittel=0.13 ms, P99=0.17 ms, Rate=328.1 msg/s, Rueckstand=10744

Bericht geschrieben: uc1_bericht_20000n_350r_1790414400.md
[rabbitmq] Lauf 1/3 mit 20000 Nachrichten ...
[rabbitmq] Lauf 1: Mittel=0.13 ms, P99=0.16 ms, Rate=333.3 msg/s, Rueckstand=20010
[rabbitmq] Lauf 2/3 mit 20000 Nachrichten ...
[rabbitmq] Lauf 2: Mittel=0.13 ms, P99=0.17 ms, Rate=331.8 msg/s, Rueckstand=20010
[rabbitmq] Lauf 3/3 mit 20000 Nachrichten ...
[rabbitmq] Lauf 3: Mittel=0.13 ms, P99=0.16 ms, Rate=331.8 msg/s, Rueckstand=20010

Bericht geschrieben: uc1_bericht_20000n_400r_1790414583.md
[2026-09-26T11:23:03+02:00] OK: UC1b Stufenreihe rabbitmq (200 250 300 350 400)
[2026-09-26T11:23:03+02:00] UEBERSPRUNGEN: UC2 rabbitmq (bekannter Skriptfehler Tiefenabfrage, erst fixen, dann manuell nachholen)
[2026-09-26T11:23:03+02:00] START: UC3 rabbitmq
[rabbitmq] 1 Subscriber, Lauf 1/5 ...
[rabbitmq] 1 Subscriber: Mittel=0.12 ms, P99=0.17 ms, Versatz P99=- ms, Rueckstand=10010, vollstaendig, Duplikate=0
[rabbitmq] 1 Subscriber, Lauf 2/5 ...
[rabbitmq] 1 Subscriber: Mittel=0.12 ms, P99=0.17 ms, Versatz P99=- ms, Rueckstand=10010, vollstaendig, Duplikate=0
[rabbitmq] 1 Subscriber, Lauf 3/5 ...
[rabbitmq] 1 Subscriber: Mittel=0.12 ms, P99=0.17 ms, Versatz P99=- ms, Rueckstand=10010, vollstaendig, Duplikate=0
[rabbitmq] 1 Subscriber, Lauf 4/5 ...
[rabbitmq] 1 Subscriber: Mittel=0.12 ms, P99=0.16 ms, Versatz P99=- ms, Rueckstand=10010, vollstaendig, Duplikate=0
[rabbitmq] 1 Subscriber, Lauf 5/5 ...
[rabbitmq] 1 Subscriber: Mittel=0.13 ms, P99=0.17 ms, Versatz P99=- ms, Rueckstand=10010, vollstaendig, Duplikate=0
[rabbitmq] 2 Subscriber, Lauf 1/5 ...
[rabbitmq] 2 Subscriber: Mittel=0.15 ms, P99=0.22 ms, Versatz P99=0.05 ms, Rueckstand=10010, vollstaendig, Duplikate=0
[rabbitmq] 2 Subscriber, Lauf 2/5 ...
[rabbitmq] 2 Subscriber: Mittel=0.16 ms, P99=0.23 ms, Versatz P99=0.05 ms, Rueckstand=10010, vollstaendig, Duplikate=0
[rabbitmq] 2 Subscriber, Lauf 3/5 ...
[rabbitmq] 2 Subscriber: Mittel=0.16 ms, P99=0.24 ms, Versatz P99=0.05 ms, Rueckstand=10010, vollstaendig, Duplikate=0
[rabbitmq] 2 Subscriber, Lauf 4/5 ...
[rabbitmq] 2 Subscriber: Mittel=0.17 ms, P99=0.24 ms, Versatz P99=0.05 ms, Rueckstand=10010, vollstaendig, Duplikate=0
[rabbitmq] 2 Subscriber, Lauf 5/5 ...
[rabbitmq] 2 Subscriber: Mittel=0.16 ms, P99=0.23 ms, Versatz P99=0.05 ms, Rueckstand=10010, vollstaendig, Duplikate=0
[rabbitmq] 4 Subscriber, Lauf 1/5 ...
[rabbitmq] 4 Subscriber: Mittel=0.19 ms, P99=0.26 ms, Versatz P99=0.08 ms, Rueckstand=10010, vollstaendig, Duplikate=0
[rabbitmq] 4 Subscriber, Lauf 2/5 ...
[rabbitmq] 4 Subscriber: Mittel=0.19 ms, P99=0.26 ms, Versatz P99=0.08 ms, Rueckstand=10010, vollstaendig, Duplikate=0
[rabbitmq] 4 Subscriber, Lauf 3/5 ...
[rabbitmq] 4 Subscriber: Mittel=0.19 ms, P99=0.26 ms, Versatz P99=0.08 ms, Rueckstand=10010, vollstaendig, Duplikate=0
[rabbitmq] 4 Subscriber, Lauf 4/5 ...
[rabbitmq] 4 Subscriber: Mittel=0.19 ms, P99=0.26 ms, Versatz P99=0.08 ms, Rueckstand=10010, vollstaendig, Duplikate=0
[rabbitmq] 4 Subscriber, Lauf 5/5 ...
[rabbitmq] 4 Subscriber: Mittel=0.19 ms, P99=0.26 ms, Versatz P99=0.08 ms, Rueckstand=10010, vollstaendig, Duplikate=0
[rabbitmq] 8 Subscriber, Lauf 1/5 ...
[rabbitmq] 8 Subscriber: Mittel=0.27 ms, P99=0.38 ms, Versatz P99=0.18 ms, Rueckstand=10010, vollstaendig, Duplikate=0
[rabbitmq] 8 Subscriber, Lauf 2/5 ...
[rabbitmq] 8 Subscriber: Mittel=0.27 ms, P99=0.38 ms, Versatz P99=0.18 ms, Rueckstand=10010, vollstaendig, Duplikate=0
[rabbitmq] 8 Subscriber, Lauf 3/5 ...
[rabbitmq] 8 Subscriber: Mittel=0.27 ms, P99=0.38 ms, Versatz P99=0.18 ms, Rueckstand=10010, vollstaendig, Duplikate=0
[rabbitmq] 8 Subscriber, Lauf 4/5 ...
[rabbitmq] 8 Subscriber: Mittel=0.27 ms, P99=0.38 ms, Versatz P99=0.18 ms, Rueckstand=10010, vollstaendig, Duplikate=0
[rabbitmq] 8 Subscriber, Lauf 5/5 ...
[rabbitmq] 8 Subscriber: Mittel=0.27 ms, P99=0.38 ms, Versatz P99=0.18 ms, Rueckstand=10010, vollstaendig, Duplikate=0

Bericht geschrieben: uc3_bericht_10000n_1790415398.md
[2026-09-26T11:36:38+02:00] OK: UC3 rabbitmq
[2026-09-26T11:36:38+02:00] START: UC4 rabbitmq
[rabbitmq] 1 Producer, Lauf 1/5 ...
[rabbitmq] 1 Producer: Mittel=0.12 ms, P99=0.17 ms, Reihenfolge-Verletzungen=0, Rate=331.2, Rueckstand=10010, vollstaendig
[rabbitmq] 1 Producer, Lauf 2/5 ...
[rabbitmq] 1 Producer: Mittel=0.12 ms, P99=0.17 ms, Reihenfolge-Verletzungen=0, Rate=330.5, Rueckstand=10010, vollstaendig
[rabbitmq] 1 Producer, Lauf 3/5 ...
[rabbitmq] 1 Producer: Mittel=0.13 ms, P99=0.17 ms, Reihenfolge-Verletzungen=0, Rate=331.5, Rueckstand=10010, vollstaendig
[rabbitmq] 1 Producer, Lauf 4/5 ...
[rabbitmq] 1 Producer: Mittel=0.13 ms, P99=0.18 ms, Reihenfolge-Verletzungen=0, Rate=327.9, Rueckstand=10010, vollstaendig
[rabbitmq] 1 Producer, Lauf 5/5 ...
[rabbitmq] 1 Producer: Mittel=0.12 ms, P99=0.17 ms, Reihenfolge-Verletzungen=0, Rate=331.6, Rueckstand=10010, vollstaendig
[rabbitmq] 2 Producer, Lauf 1/5 ...
[rabbitmq] 2 Producer: Mittel=2.91 ms, P99=3.89 ms, Reihenfolge-Verletzungen=0, Rate=342.8, Rueckstand=10020, vollstaendig
[rabbitmq] 2 Producer, Lauf 2/5 ...
[rabbitmq] 2 Producer: Mittel=2.92 ms, P99=3.98 ms, Reihenfolge-Verletzungen=0, Rate=341.6, Rueckstand=10020, vollstaendig
[rabbitmq] 2 Producer, Lauf 3/5 ...
[rabbitmq] 2 Producer: Mittel=2.91 ms, P99=3.90 ms, Reihenfolge-Verletzungen=0, Rate=342.8, Rueckstand=10020, vollstaendig
[rabbitmq] 2 Producer, Lauf 4/5 ...
[rabbitmq] 2 Producer: Mittel=2.90 ms, P99=3.87 ms, Reihenfolge-Verletzungen=0, Rate=343.4, Rueckstand=10020, vollstaendig
[rabbitmq] 2 Producer, Lauf 5/5 ...
[rabbitmq] 2 Producer: Mittel=2.92 ms, P99=3.91 ms, Reihenfolge-Verletzungen=0, Rate=342.6, Rueckstand=10020, vollstaendig
[rabbitmq] 4 Producer, Lauf 1/5 ...
[rabbitmq] 4 Producer: Mittel=1.60 ms, P99=3.95 ms, Reihenfolge-Verletzungen=0, Rate=500.0, Rueckstand=15, vollstaendig
[rabbitmq] 4 Producer, Lauf 2/5 ...
[rabbitmq] 4 Producer: Mittel=1.43 ms, P99=3.46 ms, Reihenfolge-Verletzungen=0, Rate=500.0, Rueckstand=7, vollstaendig
[rabbitmq] 4 Producer, Lauf 3/5 ...
[rabbitmq] 4 Producer: Mittel=1.42 ms, P99=3.52 ms, Reihenfolge-Verletzungen=0, Rate=500.0, Rueckstand=15, vollstaendig
[rabbitmq] 4 Producer, Lauf 4/5 ...
[rabbitmq] 4 Producer: Mittel=1.45 ms, P99=3.47 ms, Reihenfolge-Verletzungen=0, Rate=500.0, Rueckstand=9, vollstaendig
[rabbitmq] 4 Producer, Lauf 5/5 ...
[rabbitmq] 4 Producer: Mittel=1.47 ms, P99=3.77 ms, Reihenfolge-Verletzungen=0, Rate=500.0, Rueckstand=14, vollstaendig
[rabbitmq] 8 Producer, Lauf 1/5 ...
[rabbitmq] 8 Producer: Mittel=1.67 ms, P99=3.68 ms, Reihenfolge-Verletzungen=0, Rate=500.0, Rueckstand=0, vollstaendig
[rabbitmq] 8 Producer, Lauf 2/5 ...
[rabbitmq] 8 Producer: Mittel=1.67 ms, P99=3.67 ms, Reihenfolge-Verletzungen=0, Rate=500.0, Rueckstand=0, vollstaendig
[rabbitmq] 8 Producer, Lauf 3/5 ...
[rabbitmq] 8 Producer: Mittel=1.65 ms, P99=3.58 ms, Reihenfolge-Verletzungen=0, Rate=500.0, Rueckstand=0, vollstaendig
[rabbitmq] 8 Producer, Lauf 4/5 ...
[rabbitmq] 8 Producer: Mittel=1.66 ms, P99=3.61 ms, Reihenfolge-Verletzungen=0, Rate=500.0, Rueckstand=0, vollstaendig
[rabbitmq] 8 Producer, Lauf 5/5 ...
[rabbitmq] 8 Producer: Mittel=1.67 ms, P99=3.65 ms, Reihenfolge-Verletzungen=0, Rate=500.0, Rueckstand=0, vollstaendig

Bericht geschrieben: uc4_bericht_10000n_1790415930.md
[2026-09-26T11:45:30+02:00] OK: UC4 rabbitmq
[2026-09-26T11:45:30+02:00] === BLOCK ENDE: rabbitmq ===
[2026-09-26T11:45:42+02:00] === BLOCK START: ibmmq ===
[2026-09-26T11:45:42+02:00] START: UC1 Aufwaermen ibmmq
[ibmmq] Lauf 1/1 mit 500 Nachrichten ...
[ibmmq] Lauf 1: Mittel=990.44 ms, P99=1398.71 ms, Rate=199.8 msg/s, Rueckstand=510

Bericht geschrieben: uc1_bericht_500n_500r_1790415946.md
[2026-09-26T11:45:46+02:00] OK: UC1 Aufwaermen ibmmq
[2026-09-26T11:45:46+02:00] START: UC1 Referenz ibmmq
[ibmmq] Lauf 1/5 mit 10000 Nachrichten ...
[ibmmq] Lauf 1: Mittel=17456.14 ms, P99=25797.67 ms, Rate=193.6 msg/s, Rueckstand=10010
[ibmmq] Lauf 2/5 mit 10000 Nachrichten ...
[ibmmq] Lauf 2: Mittel=17734.01 ms, P99=25985.79 ms, Rate=195.4 msg/s, Rueckstand=10010
[ibmmq] Lauf 3/5 mit 10000 Nachrichten ...
[ibmmq] Lauf 3: Mittel=17774.88 ms, P99=25984.24 ms, Rate=195.3 msg/s, Rueckstand=10010
[ibmmq] Lauf 4/5 mit 10000 Nachrichten ...
[ibmmq] Lauf 4: Mittel=17801.62 ms, P99=26051.94 ms, Rate=194.5 msg/s, Rueckstand=10010
[ibmmq] Lauf 5/5 mit 10000 Nachrichten ...
[ibmmq] Lauf 5: Mittel=17766.05 ms, P99=26177.38 ms, Rate=194.8 msg/s, Rueckstand=10010

Bericht geschrieben: uc1_bericht_10000n_500r_1790416298.md
[2026-09-26T11:51:38+02:00] OK: UC1 Referenz ibmmq
FAIL: Lauf 1: Rate 193.6 weicht 61.3% vom Soll 500.0 ab; Lauf 1: Rueckstand 10010 (100.1% von 10000); Lauf 2: Rate 195.4 weicht 60.9% vom Soll 500.0 ab; Lauf 2: Rueckstand 10010 (100.1% von 10000); Lauf 3: Rate 195.3 weicht 60.9% vom Soll 500.0 ab; Lauf 3: Rueckstand 10010 (100.1% von 10000); Lauf 4: Rate 194.5 weicht 61.1% vom Soll 500.0 ab; Lauf 4: Rueckstand 10010 (100.1% von 10000); Lauf 5: Rate 194.8 weicht 61.0% vom Soll 500.0 ab; Lauf 5: Rueckstand 10010 (100.1% von 10000)
[2026-09-26T11:51:38+02:00] REPORT-CHECK FEHLGESCHLAGEN: uc1_bericht_10000n_500r_1790416298.md (siehe /home/fabianhamacher/Desktop/poc-messaging/messungen/orchestrator_20260926_102203.log)
[2026-09-26T11:51:38+02:00] START: UC1 Kapazitaet ibmmq (170/s)
[ibmmq] Lauf 1/5 mit 10000 Nachrichten ...
[ibmmq] Lauf 1: Mittel=3688.05 ms, P99=6950.68 ms, Rate=152.6 msg/s, Rueckstand=3512
[ibmmq] Lauf 2/5 mit 10000 Nachrichten ...
[ibmmq] Lauf 2: Mittel=3489.69 ms, P99=6390.32 ms, Rate=152.4 msg/s, Rueckstand=3538
[ibmmq] Lauf 3/5 mit 10000 Nachrichten ...
[ibmmq] Lauf 3: Mittel=3939.40 ms, P99=7243.02 ms, Rate=152.3 msg/s, Rueckstand=3687
[ibmmq] Lauf 4/5 mit 10000 Nachrichten ...
[ibmmq] Lauf 4: Mittel=3880.67 ms, P99=7260.25 ms, Rate=152.2 msg/s, Rueckstand=3562
[ibmmq] Lauf 5/5 mit 10000 Nachrichten ...
[ibmmq] Lauf 5: Mittel=3928.30 ms, P99=7117.75 ms, Rate=152.3 msg/s, Rueckstand=3470

Bericht geschrieben: uc1_bericht_10000n_170r_1790416649.md
[2026-09-26T11:57:29+02:00] OK: UC1 Kapazitaet ibmmq (170/s)
FAIL: Lauf 1: Rate 152.6 weicht 10.2% vom Soll 170.0 ab; Lauf 1: Rueckstand 3512 (35.1% von 10000); Lauf 2: Rate 152.4 weicht 10.4% vom Soll 170.0 ab; Lauf 2: Rueckstand 3538 (35.4% von 10000); Lauf 3: Rate 152.3 weicht 10.4% vom Soll 170.0 ab; Lauf 3: Rueckstand 3687 (36.9% von 10000); Lauf 4: Rate 152.2 weicht 10.5% vom Soll 170.0 ab; Lauf 4: Rueckstand 3562 (35.6% von 10000); Lauf 5: Rate 152.3 weicht 10.4% vom Soll 170.0 ab; Lauf 5: Rueckstand 3470 (34.7% von 10000)
[2026-09-26T11:57:29+02:00] REPORT-CHECK FEHLGESCHLAGEN: uc1_bericht_10000n_170r_1790416649.md (siehe /home/fabianhamacher/Desktop/poc-messaging/messungen/orchestrator_20260926_102203.log)
[2026-09-26T11:57:29+02:00] START: UC1 nicht-persistent ibmmq
[ibmmq] Lauf 1/5 mit 10000 Nachrichten ...
[ibmmq] Lauf 1: Mittel=0.07 ms, P99=0.12 ms, Rate=500.0 msg/s, Rueckstand=0
[ibmmq] Lauf 2/5 mit 10000 Nachrichten ...
[ibmmq] Lauf 2: Mittel=0.07 ms, P99=0.11 ms, Rate=500.0 msg/s, Rueckstand=0
[ibmmq] Lauf 3/5 mit 10000 Nachrichten ...
[ibmmq] Lauf 3: Mittel=0.07 ms, P99=0.11 ms, Rate=500.0 msg/s, Rueckstand=0
[ibmmq] Lauf 4/5 mit 10000 Nachrichten ...
[ibmmq] Lauf 4: Mittel=0.06 ms, P99=0.11 ms, Rate=500.0 msg/s, Rueckstand=0
[ibmmq] Lauf 5/5 mit 10000 Nachrichten ...
[ibmmq] Lauf 5: Mittel=0.07 ms, P99=0.13 ms, Rate=500.0 msg/s, Rueckstand=0

Bericht geschrieben: uc1_bericht_10000n_500r_1790416754.md
[2026-09-26T11:59:14+02:00] OK: UC1 nicht-persistent ibmmq
OK: 5 Lauf/Laeufe geprueft, Rate und Rueckstand innerhalb der Schwellen
[2026-09-26T11:59:14+02:00] START: UC1b Stufenreihe ibmmq (100 150 175 200 250)
[ibmmq] Lauf 1/3 mit 20000 Nachrichten ...
[ibmmq] Lauf 1 abgebrochen: Command '['/home/fabianhamacher/Desktop/poc-messaging/venv/bin/python', '-u', '/home/fabianhamacher/Desktop/poc-messaging/use-cases/uc1-simple-queue/ibmmq_producer_paced.py']' timed out after 200.0 seconds
[ibmmq] Lauf 1 fehlgeschlagen, wird uebersprungen.
[ibmmq] Lauf 2/3 mit 20000 Nachrichten ...
[ibmmq] Lauf 2 abgebrochen: Command '['/home/fabianhamacher/Desktop/poc-messaging/venv/bin/python', '-u', '/home/fabianhamacher/Desktop/poc-messaging/use-cases/uc1-simple-queue/ibmmq_producer_paced.py']' timed out after 200.0 seconds
[ibmmq] Lauf 2 fehlgeschlagen, wird uebersprungen.
[ibmmq] Lauf 3/3 mit 20000 Nachrichten ...
[ibmmq] Lauf 3 abgebrochen: Command '['/home/fabianhamacher/Desktop/poc-messaging/venv/bin/python', '-u', '/home/fabianhamacher/Desktop/poc-messaging/use-cases/uc1-simple-queue/ibmmq_producer_paced.py']' timed out after 200.0 seconds
[ibmmq] Lauf 3 fehlgeschlagen, wird uebersprungen.

Bericht geschrieben: uc1_bericht_20000n_100r_1790417356.md
[ibmmq] Lauf 1/3 mit 20000 Nachrichten ...
[ibmmq] Lauf 1: Mittel=7.49 ms, P99=19.90 ms, Rate=143.5 msg/s, Rueckstand=5182
[ibmmq] Lauf 2/3 mit 20000 Nachrichten ...
[ibmmq] Lauf 2: Mittel=9.35 ms, P99=27.88 ms, Rate=143.7 msg/s, Rueckstand=4964
[ibmmq] Lauf 3/3 mit 20000 Nachrichten ...
[ibmmq] Lauf 3: Mittel=15.70 ms, P99=110.13 ms, Rate=143.4 msg/s, Rueckstand=5052

Bericht geschrieben: uc1_bericht_20000n_150r_1790417777.md
[ibmmq] Lauf 1/3 mit 20000 Nachrichten ...
[ibmmq] Lauf 1: Mittel=10293.88 ms, P99=19099.44 ms, Rate=155.3 msg/s, Rueckstand=6389
[ibmmq] Lauf 2/3 mit 20000 Nachrichten ...
[ibmmq] Lauf 2: Mittel=10742.94 ms, P99=19496.66 ms, Rate=155.2 msg/s, Rueckstand=6304
[ibmmq] Lauf 3/3 mit 20000 Nachrichten ...
[ibmmq] Lauf 3: Mittel=10623.15 ms, P99=19031.19 ms, Rate=155.3 msg/s, Rueckstand=6436

Bericht geschrieben: uc1_bericht_20000n_175r_1790418199.md
[ibmmq] Lauf 1/3 mit 20000 Nachrichten ...
[ibmmq] Lauf 1: Mittel=20943.42 ms, P99=35041.83 ms, Rate=166.6 msg/s, Rueckstand=7752
[ibmmq] Lauf 2/3 mit 20000 Nachrichten ...
[ibmmq] Lauf 2: Mittel=20857.05 ms, P99=35188.43 ms, Rate=166.9 msg/s, Rueckstand=7640
[ibmmq] Lauf 3/3 mit 20000 Nachrichten ...
[ibmmq] Lauf 3: Mittel=20758.15 ms, P99=34899.33 ms, Rate=167.0 msg/s, Rueckstand=7574

Bericht geschrieben: uc1_bericht_20000n_200r_1790418624.md
[ibmmq] Lauf 1/3 mit 20000 Nachrichten ...
[ibmmq] Lauf 1: Mittel=33774.51 ms, P99=50461.54 ms, Rate=189.7 msg/s, Rueckstand=10367
[ibmmq] Lauf 2/3 mit 20000 Nachrichten ...
[ibmmq] Lauf 2: Mittel=33723.76 ms, P99=50630.18 ms, Rate=189.3 msg/s, Rueckstand=10481
[ibmmq] Lauf 3/3 mit 20000 Nachrichten ...
[ibmmq] Lauf 3: Mittel=34114.40 ms, P99=51073.26 ms, Rate=190.5 msg/s, Rueckstand=10280

Bericht geschrieben: uc1_bericht_20000n_250r_1790419046.md
[2026-09-26T12:37:26+02:00] OK: UC1b Stufenreihe ibmmq (100 150 175 200 250)
[2026-09-26T12:37:26+02:00] START: UC2 ibmmq
[ibmmq] 1 Instanz(en), Lauf 1/5 ...
[ibmmq] 1 Instanz(en): 280.9 msg/s, Verteilung 20000
[ibmmq] 1 Instanz(en), Lauf 2/5 ...
[ibmmq] 1 Instanz(en): 280.8 msg/s, Verteilung 20000
[ibmmq] 1 Instanz(en), Lauf 3/5 ...
[ibmmq] 1 Instanz(en): 279.3 msg/s, Verteilung 20000
[ibmmq] 1 Instanz(en), Lauf 4/5 ...
[ibmmq] 1 Instanz(en): 281.2 msg/s, Verteilung 20000
[ibmmq] 1 Instanz(en), Lauf 5/5 ...
[ibmmq] 1 Instanz(en): 281.2 msg/s, Verteilung 20000
[ibmmq] 2 Instanz(en), Lauf 1/5 ...
[ibmmq] 2 Instanz(en): 321.5 msg/s, Verteilung 10008/9992
[ibmmq] 2 Instanz(en), Lauf 2/5 ...
[ibmmq] 2 Instanz(en): 322.7 msg/s, Verteilung 9989/10011
[ibmmq] 2 Instanz(en), Lauf 3/5 ...
[ibmmq] 2 Instanz(en): 323.8 msg/s, Verteilung 9981/10019
[ibmmq] 2 Instanz(en), Lauf 4/5 ...
[ibmmq] 2 Instanz(en): 321.5 msg/s, Verteilung 10022/9978
[ibmmq] 2 Instanz(en), Lauf 5/5 ...
[ibmmq] 2 Instanz(en): 322.1 msg/s, Verteilung 10018/9982
[ibmmq] 4 Instanz(en), Lauf 1/5 ...
[ibmmq] 4 Instanz(en): 566.8 msg/s, Verteilung 4992/5008/4993/5007
[ibmmq] 4 Instanz(en), Lauf 2/5 ...
[ibmmq] 4 Instanz(en): 566.8 msg/s, Verteilung 5044/5022/4954/4980
[ibmmq] 4 Instanz(en), Lauf 3/5 ...
[ibmmq] 4 Instanz(en): 566.3 msg/s, Verteilung 5002/5008/4994/4996
[ibmmq] 4 Instanz(en), Lauf 4/5 ...
[ibmmq] 4 Instanz(en): 563.9 msg/s, Verteilung 5012/4995/4993/5000
[ibmmq] 4 Instanz(en), Lauf 5/5 ...
[ibmmq] 4 Instanz(en): 565.6 msg/s, Verteilung 4995/4990/5007/5008
[ibmmq] 8 Instanz(en), Lauf 1/5 ...
[ibmmq] 8 Instanz(en): 1147.1 msg/s, Verteilung 2493/2493/2519/2507/2509/2488/2491/2500
[ibmmq] 8 Instanz(en), Lauf 2/5 ...
[ibmmq] 8 Instanz(en): 1146.6 msg/s, Verteilung 2490/2525/2465/2522/2527/2482/2512/2477
[ibmmq] 8 Instanz(en), Lauf 3/5 ...
[ibmmq] 8 Instanz(en): 1159.2 msg/s, Verteilung 2480/2509/2494/2519/2517/2485/2506/2490
[ibmmq] 8 Instanz(en), Lauf 4/5 ...
[ibmmq] 8 Instanz(en): 1155.6 msg/s, Verteilung 2499/2491/2507/2498/2522/2493/2499/2491
[ibmmq] 8 Instanz(en), Lauf 5/5 ...
[ibmmq] 8 Instanz(en): 1141.6 msg/s, Verteilung 2493/2506/2499/2513/2515/2479/2481/2514

Bericht geschrieben: uc2_bericht_20000n_1790420109.md
[2026-09-26T12:55:09+02:00] OK: UC2 ibmmq
[2026-09-26T12:55:09+02:00] START: UC3 ibmmq
[ibmmq] 1 Subscriber, Lauf 1/5 ...
[ibmmq] 1 Subscriber: Mittel=6224.31 ms, P99=11168.13 ms, Versatz P99=- ms, Rueckstand=10010, vollstaendig, Duplikate=0
[ibmmq] 1 Subscriber, Lauf 2/5 ...
[ibmmq] 1 Subscriber: Mittel=6111.33 ms, P99=10776.55 ms, Versatz P99=- ms, Rueckstand=10010, vollstaendig, Duplikate=0
[ibmmq] 1 Subscriber, Lauf 3/5 ...
[ibmmq] 1 Subscriber: Mittel=6232.57 ms, P99=10988.73 ms, Versatz P99=- ms, Rueckstand=10010, vollstaendig, Duplikate=0
[ibmmq] 1 Subscriber, Lauf 4/5 ...
[ibmmq] 1 Subscriber: Mittel=6204.95 ms, P99=10967.78 ms, Versatz P99=- ms, Rueckstand=10010, vollstaendig, Duplikate=0
[ibmmq] 1 Subscriber, Lauf 5/5 ...
[ibmmq] 1 Subscriber: Mittel=5983.11 ms, P99=10648.91 ms, Versatz P99=- ms, Rueckstand=10010, vollstaendig, Duplikate=0
[ibmmq] 2 Subscriber, Lauf 1/5 ...
[ibmmq] 2 Subscriber: Mittel=3117.73 ms, P99=5534.85 ms, Versatz P99=259.81 ms, Rueckstand=10010, vollstaendig, Duplikate=0
[ibmmq] 2 Subscriber, Lauf 2/5 ...
[ibmmq] 2 Subscriber: Mittel=3217.66 ms, P99=5820.94 ms, Versatz P99=561.34 ms, Rueckstand=10010, vollstaendig, Duplikate=0
[ibmmq] 2 Subscriber, Lauf 3/5 ...
[ibmmq] 2 Subscriber: Mittel=3223.27 ms, P99=6059.84 ms, Versatz P99=1030.34 ms, Rueckstand=10010, vollstaendig, Duplikate=0
[ibmmq] 2 Subscriber, Lauf 4/5 ...
[ibmmq] 2 Subscriber: Mittel=3208.31 ms, P99=6354.62 ms, Versatz P99=1997.77 ms, Rueckstand=10010, vollstaendig, Duplikate=0
[ibmmq] 2 Subscriber, Lauf 5/5 ...
[ibmmq] 2 Subscriber: Mittel=3269.39 ms, P99=6158.08 ms, Versatz P99=899.25 ms, Rueckstand=10010, vollstaendig, Duplikate=0
[ibmmq] 4 Subscriber, Lauf 1/5 ...
[ibmmq] 4 Subscriber: Mittel=8.58 ms, P99=12.30 ms, Versatz P99=3.62 ms, Rueckstand=10010, vollstaendig, Duplikate=0
[ibmmq] 4 Subscriber, Lauf 2/5 ...
[ibmmq] 4 Subscriber: Mittel=8.51 ms, P99=12.24 ms, Versatz P99=3.61 ms, Rueckstand=10010, vollstaendig, Duplikate=0
[ibmmq] 4 Subscriber, Lauf 3/5 ...
[ibmmq] 4 Subscriber: Mittel=8.48 ms, P99=12.27 ms, Versatz P99=3.59 ms, Rueckstand=10010, vollstaendig, Duplikate=0
[ibmmq] 4 Subscriber, Lauf 4/5 ...
[ibmmq] 4 Subscriber: Mittel=8.52 ms, P99=12.39 ms, Versatz P99=3.65 ms, Rueckstand=10010, vollstaendig, Duplikate=0
[ibmmq] 4 Subscriber, Lauf 5/5 ...
[ibmmq] 4 Subscriber: Mittel=8.43 ms, P99=12.24 ms, Versatz P99=3.58 ms, Rueckstand=10010, vollstaendig, Duplikate=0
[ibmmq] 8 Subscriber, Lauf 1/5 ...
[ibmmq] 8 Subscriber: Mittel=9.37 ms, P99=12.67 ms, Versatz P99=3.74 ms, Rueckstand=10010, vollstaendig, Duplikate=0
[ibmmq] 8 Subscriber, Lauf 2/5 ...
[ibmmq] Lauf abgebrochen: TimeoutExpired: Command '['/home/fabianhamacher/Desktop/poc-messaging/venv/bin/python', '-u', '/home/fabianhamacher/Desktop/poc-messaging/use-cases/uc3-1-to-m-broadcast/broadcast_ibmmq_producer.py']' timed out after 120 seconds
[ibmmq] 8 Subscriber, Lauf 3/5 ...
[ibmmq] 8 Subscriber: Mittel=9.28 ms, P99=12.66 ms, Versatz P99=3.68 ms, Rueckstand=10010, vollstaendig, Duplikate=0
[ibmmq] 8 Subscriber, Lauf 4/5 ...
[ibmmq] 8 Subscriber: Mittel=9.36 ms, P99=12.62 ms, Versatz P99=3.77 ms, Rueckstand=10010, vollstaendig, Duplikate=0
[ibmmq] 8 Subscriber, Lauf 5/5 ...
[ibmmq] 8 Subscriber: Mittel=9.30 ms, P99=12.61 ms, Versatz P99=3.70 ms, Rueckstand=10010, vollstaendig, Duplikate=0

Bericht geschrieben: uc3_bericht_10000n_1790421685.md
[2026-09-26T13:21:25+02:00] OK: UC3 ibmmq
[2026-09-26T13:21:25+02:00] START: UC4 ibmmq
[ibmmq] 1 Producer, Lauf 1/5 ...
[ibmmq] 1 Producer: Mittel=18084.47 ms, P99=26705.52 ms, Reihenfolge-Verletzungen=0, Rate=194.5, Rueckstand=10010, vollstaendig
[ibmmq] 1 Producer, Lauf 2/5 ...
[ibmmq] 1 Producer: Mittel=17663.25 ms, P99=25932.85 ms, Reihenfolge-Verletzungen=0, Rate=195.0, Rueckstand=10010, vollstaendig
[ibmmq] 1 Producer, Lauf 3/5 ...
[ibmmq] 1 Producer: Mittel=17839.42 ms, P99=26297.58 ms, Reihenfolge-Verletzungen=0, Rate=194.6, Rueckstand=10010, vollstaendig
[ibmmq] 1 Producer, Lauf 4/5 ...
[ibmmq] 1 Producer: Mittel=17797.77 ms, P99=26261.02 ms, Reihenfolge-Verletzungen=0, Rate=194.7, Rueckstand=10010, vollstaendig
[ibmmq] 1 Producer, Lauf 5/5 ...
[ibmmq] 1 Producer: Mittel=17378.32 ms, P99=25717.72 ms, Reihenfolge-Verletzungen=0, Rate=193.9, Rueckstand=10010, vollstaendig
[ibmmq] 2 Producer, Lauf 1/5 ...
[ibmmq] 2 Producer: Mittel=16194.00 ms, P99=21366.41 ms, Reihenfolge-Verletzungen=0, Rate=305.6, Rueckstand=7633, vollstaendig
[ibmmq] 2 Producer, Lauf 2/5 ...
[ibmmq] 2 Producer: Mittel=46678.72 ms, P99=79832.05 ms, Reihenfolge-Verletzungen=0, Rate=128.0, Rueckstand=8325, vollstaendig
[ibmmq] 2 Producer, Lauf 3/5 ...
[ibmmq] 2 Producer: Mittel=16043.79 ms, P99=21166.52 ms, Reihenfolge-Verletzungen=0, Rate=306.2, Rueckstand=7620, vollstaendig
[ibmmq] 2 Producer, Lauf 4/5 ...
[ibmmq] 2 Producer: Mittel=16007.49 ms, P99=21089.66 ms, Reihenfolge-Verletzungen=0, Rate=304.6, Rueckstand=7676, vollstaendig
[ibmmq] 2 Producer, Lauf 5/5 ...
[ibmmq] 2 Producer: Mittel=16107.86 ms, P99=21322.10 ms, Reihenfolge-Verletzungen=0, Rate=306.4, Rueckstand=7630, vollstaendig
[ibmmq] 4 Producer, Lauf 1/5 ...
[ibmmq] 4 Producer: Mittel=48563.23 ms, P99=75212.16 ms, Reihenfolge-Verletzungen=0, Rate=145.6, Rueckstand=6484, vollstaendig
[ibmmq] 4 Producer, Lauf 2/5 ...
[ibmmq] 4 Producer: Mittel=15136.93 ms, P99=23992.10 ms, Reihenfolge-Verletzungen=0, Rate=490.3, Rueckstand=1781, vollstaendig
[ibmmq] 4 Producer, Lauf 3/5 ...
[ibmmq] 4 Producer: Mittel=15122.44 ms, P99=23935.76 ms, Reihenfolge-Verletzungen=0, Rate=491.3, Rueckstand=1732, vollstaendig
[ibmmq] 4 Producer, Lauf 4/5 ...
[ibmmq] 4 Producer: Mittel=15196.69 ms, P99=24032.69 ms, Reihenfolge-Verletzungen=0, Rate=490.2, Rueckstand=1764, vollstaendig
[ibmmq] 4 Producer, Lauf 5/5 ...
[ibmmq] 4 Producer: Mittel=15421.49 ms, P99=24246.03 ms, Reihenfolge-Verletzungen=0, Rate=488.3, Rueckstand=1837, vollstaendig
[ibmmq] 8 Producer, Lauf 1/5 ...
[ibmmq] 8 Producer: Mittel=15231.40 ms, P99=24074.88 ms, Reihenfolge-Verletzungen=0, Rate=499.9, Rueckstand=15, vollstaendig
[ibmmq] 8 Producer, Lauf 2/5 ...
[ibmmq] 8 Producer: Mittel=15070.14 ms, P99=23909.79 ms, Reihenfolge-Verletzungen=0, Rate=500.0, Rueckstand=13, vollstaendig
[ibmmq] 8 Producer, Lauf 3/5 ...
[ibmmq] 8 Producer: Mittel=15316.08 ms, P99=24149.71 ms, Reihenfolge-Verletzungen=0, Rate=500.0, Rueckstand=12, vollstaendig
[ibmmq] 8 Producer, Lauf 4/5 ...
[ibmmq] 8 Producer: Mittel=15597.64 ms, P99=24519.26 ms, Reihenfolge-Verletzungen=0, Rate=500.0, Rueckstand=8, vollstaendig
[ibmmq] 8 Producer, Lauf 5/5 ...
[ibmmq] 8 Producer: Mittel=15638.76 ms, P99=24521.73 ms, Reihenfolge-Verletzungen=0, Rate=500.0, Rueckstand=9, vollstaendig

Bericht geschrieben: uc4_bericht_10000n_1790422897.md
[2026-09-26T13:41:37+02:00] OK: UC4 ibmmq
[2026-09-26T13:41:37+02:00] === BLOCK ENDE: ibmmq ===
[2026-09-26T13:41:46+02:00] START: UC5 Aufwaermen kafka
[kafka] crash-pre / at-most-once, Lauf 1/1 ...
[kafka] Verlust=1, Dupl. verarbeitet=0, Dupl. erkannt=0, erneut zugestellt=0, Semantik eingehalten | Absturz seq=66 phase=pre
[kafka] crash-pre / at-least-once, Lauf 1/1 ...
[kafka] Verlust=0, Dupl. verarbeitet=0, Dupl. erkannt=0, erneut zugestellt=1, Semantik eingehalten | Absturz seq=66 phase=pre
[kafka] crash-pre / exactly-once, Lauf 1/1 ...
[kafka] Verlust=0, Dupl. verarbeitet=0, Dupl. erkannt=0, erneut zugestellt=1, Semantik eingehalten | Absturz seq=66 phase=pre
[kafka] crash-post / at-most-once, Lauf 1/1 ...
[kafka] Verlust=0, Dupl. verarbeitet=0, Dupl. erkannt=0, erneut zugestellt=0, Semantik eingehalten | Absturz seq=66 phase=post
[kafka] crash-post / at-least-once, Lauf 1/1 ...
[kafka] Verlust=0, Dupl. verarbeitet=1, Dupl. erkannt=0, erneut zugestellt=1, Semantik eingehalten | Absturz seq=66 phase=post
[kafka] crash-post / exactly-once, Lauf 1/1 ...
[kafka] Verlust=0, Dupl. verarbeitet=0, Dupl. erkannt=1, erneut zugestellt=1, Semantik eingehalten | Absturz seq=66 phase=post
[kafka] broker-pause / at-most-once, Lauf 1/1 ...
[kafka] Verlust=0, Dupl. verarbeitet=0, Dupl. erkannt=0, erneut zugestellt=0, Semantik eingehalten | broker-pause nach 66 Bestaetigungen, Ausfall 5.1s
[kafka] broker-pause / at-least-once, Lauf 1/1 ...
[kafka] Verlust=0, Dupl. verarbeitet=0, Dupl. erkannt=0, erneut zugestellt=0, Semantik eingehalten | broker-pause nach 66 Bestaetigungen, Ausfall 5.1s
[kafka] broker-pause / exactly-once, Lauf 1/1 ...
[kafka] Verlust=0, Dupl. verarbeitet=0, Dupl. erkannt=0, erneut zugestellt=0, Semantik eingehalten | broker-pause nach 66 Bestaetigungen, Ausfall 5.1s
[kafka] broker-restart / at-most-once, Lauf 1/1 ...
[kafka] Verlust=0, Dupl. verarbeitet=0, Dupl. erkannt=0, erneut zugestellt=0, Semantik eingehalten | broker-restart nach 66 Bestaetigungen, Ausfall 4.6s
[kafka] broker-restart / at-least-once, Lauf 1/1 ...
[kafka] Verlust=0, Dupl. verarbeitet=1, Dupl. erkannt=0, erneut zugestellt=1, Semantik eingehalten | broker-restart nach 66 Bestaetigungen, Ausfall 4.3s; Consumer beendet (Exit 1), Neustart
[kafka] broker-restart / exactly-once, Lauf 1/1 ...
[kafka] Verlust=0, Dupl. verarbeitet=0, Dupl. erkannt=0, erneut zugestellt=0, Semantik eingehalten | broker-restart nach 66 Bestaetigungen, Ausfall 4.8s

Bericht geschrieben: uc5_bericht_1790423170.md
[2026-09-26T13:46:10+02:00] OK: UC5 Aufwaermen kafka
[2026-09-26T13:46:10+02:00] START: UC5 Messung kafka
[kafka] crash-pre / at-most-once, Lauf 1/5 ...
[kafka] Verlust=1, Dupl. verarbeitet=0, Dupl. erkannt=0, erneut zugestellt=0, Semantik eingehalten | Absturz seq=66 phase=pre
[kafka] crash-pre / at-most-once, Lauf 2/5 ...
[kafka] Verlust=1, Dupl. verarbeitet=0, Dupl. erkannt=0, erneut zugestellt=0, Semantik eingehalten | Absturz seq=66 phase=pre
[kafka] crash-pre / at-most-once, Lauf 3/5 ...
[kafka] Verlust=1, Dupl. verarbeitet=0, Dupl. erkannt=0, erneut zugestellt=0, Semantik eingehalten | Absturz seq=66 phase=pre
[kafka] crash-pre / at-most-once, Lauf 4/5 ...
[kafka] Verlust=1, Dupl. verarbeitet=0, Dupl. erkannt=0, erneut zugestellt=0, Semantik eingehalten | Absturz seq=66 phase=pre
[kafka] crash-pre / at-most-once, Lauf 5/5 ...
[kafka] Verlust=1, Dupl. verarbeitet=0, Dupl. erkannt=0, erneut zugestellt=0, Semantik eingehalten | Absturz seq=66 phase=pre
[kafka] crash-pre / at-least-once, Lauf 1/5 ...
[kafka] Verlust=0, Dupl. verarbeitet=0, Dupl. erkannt=0, erneut zugestellt=1, Semantik eingehalten | Absturz seq=66 phase=pre
[kafka] crash-pre / at-least-once, Lauf 2/5 ...
[kafka] Verlust=0, Dupl. verarbeitet=0, Dupl. erkannt=0, erneut zugestellt=1, Semantik eingehalten | Absturz seq=66 phase=pre
[kafka] crash-pre / at-least-once, Lauf 3/5 ...
[kafka] Verlust=0, Dupl. verarbeitet=0, Dupl. erkannt=0, erneut zugestellt=1, Semantik eingehalten | Absturz seq=66 phase=pre
[kafka] crash-pre / at-least-once, Lauf 4/5 ...
[kafka] Verlust=0, Dupl. verarbeitet=0, Dupl. erkannt=0, erneut zugestellt=1, Semantik eingehalten | Absturz seq=66 phase=pre
[kafka] crash-pre / at-least-once, Lauf 5/5 ...
[kafka] Verlust=0, Dupl. verarbeitet=0, Dupl. erkannt=0, erneut zugestellt=1, Semantik eingehalten | Absturz seq=66 phase=pre
[kafka] crash-pre / exactly-once, Lauf 1/5 ...
[kafka] Verlust=0, Dupl. verarbeitet=0, Dupl. erkannt=0, erneut zugestellt=1, Semantik eingehalten | Absturz seq=66 phase=pre
[kafka] crash-pre / exactly-once, Lauf 2/5 ...
[kafka] Verlust=0, Dupl. verarbeitet=0, Dupl. erkannt=0, erneut zugestellt=1, Semantik eingehalten | Absturz seq=66 phase=pre
[kafka] crash-pre / exactly-once, Lauf 3/5 ...
[kafka] Verlust=0, Dupl. verarbeitet=0, Dupl. erkannt=0, erneut zugestellt=1, Semantik eingehalten | Absturz seq=66 phase=pre
[kafka] crash-pre / exactly-once, Lauf 4/5 ...
[kafka] Verlust=0, Dupl. verarbeitet=0, Dupl. erkannt=0, erneut zugestellt=1, Semantik eingehalten | Absturz seq=66 phase=pre
[kafka] crash-pre / exactly-once, Lauf 5/5 ...
[kafka] Verlust=0, Dupl. verarbeitet=0, Dupl. erkannt=0, erneut zugestellt=1, Semantik eingehalten | Absturz seq=66 phase=pre
[kafka] crash-post / at-most-once, Lauf 1/5 ...
[kafka] Verlust=0, Dupl. verarbeitet=0, Dupl. erkannt=0, erneut zugestellt=0, Semantik eingehalten | Absturz seq=66 phase=post
[kafka] crash-post / at-most-once, Lauf 2/5 ...
[kafka] Verlust=0, Dupl. verarbeitet=0, Dupl. erkannt=0, erneut zugestellt=0, Semantik eingehalten | Absturz seq=66 phase=post
[kafka] crash-post / at-most-once, Lauf 3/5 ...
[kafka] Verlust=0, Dupl. verarbeitet=0, Dupl. erkannt=0, erneut zugestellt=0, Semantik eingehalten | Absturz seq=66 phase=post
[kafka] crash-post / at-most-once, Lauf 4/5 ...
[kafka] Verlust=0, Dupl. verarbeitet=0, Dupl. erkannt=0, erneut zugestellt=0, Semantik eingehalten | Absturz seq=66 phase=post
[kafka] crash-post / at-most-once, Lauf 5/5 ...
[kafka] Verlust=0, Dupl. verarbeitet=0, Dupl. erkannt=0, erneut zugestellt=0, Semantik eingehalten | Absturz seq=66 phase=post
[kafka] crash-post / at-least-once, Lauf 1/5 ...
[kafka] Verlust=0, Dupl. verarbeitet=1, Dupl. erkannt=0, erneut zugestellt=1, Semantik eingehalten | Absturz seq=66 phase=post
[kafka] crash-post / at-least-once, Lauf 2/5 ...
[kafka] Verlust=0, Dupl. verarbeitet=1, Dupl. erkannt=0, erneut zugestellt=1, Semantik eingehalten | Absturz seq=66 phase=post
[kafka] crash-post / at-least-once, Lauf 3/5 ...
[kafka] Verlust=0, Dupl. verarbeitet=1, Dupl. erkannt=0, erneut zugestellt=1, Semantik eingehalten | Absturz seq=66 phase=post
[kafka] crash-post / at-least-once, Lauf 4/5 ...
[kafka] Verlust=0, Dupl. verarbeitet=1, Dupl. erkannt=0, erneut zugestellt=1, Semantik eingehalten | Absturz seq=66 phase=post
[kafka] crash-post / at-least-once, Lauf 5/5 ...
[kafka] Verlust=0, Dupl. verarbeitet=1, Dupl. erkannt=0, erneut zugestellt=1, Semantik eingehalten | Absturz seq=66 phase=post
[kafka] crash-post / exactly-once, Lauf 1/5 ...
[kafka] Verlust=0, Dupl. verarbeitet=0, Dupl. erkannt=1, erneut zugestellt=1, Semantik eingehalten | Absturz seq=66 phase=post
[kafka] crash-post / exactly-once, Lauf 2/5 ...
[kafka] Verlust=0, Dupl. verarbeitet=0, Dupl. erkannt=1, erneut zugestellt=1, Semantik eingehalten | Absturz seq=66 phase=post
[kafka] crash-post / exactly-once, Lauf 3/5 ...
[kafka] Verlust=0, Dupl. verarbeitet=0, Dupl. erkannt=1, erneut zugestellt=1, Semantik eingehalten | Absturz seq=66 phase=post
[kafka] crash-post / exactly-once, Lauf 4/5 ...
[kafka] Verlust=0, Dupl. verarbeitet=0, Dupl. erkannt=1, erneut zugestellt=1, Semantik eingehalten | Absturz seq=66 phase=post
[kafka] crash-post / exactly-once, Lauf 5/5 ...
[kafka] Verlust=0, Dupl. verarbeitet=0, Dupl. erkannt=1, erneut zugestellt=1, Semantik eingehalten | Absturz seq=66 phase=post
[kafka] broker-pause / at-most-once, Lauf 1/5 ...
[kafka] Verlust=0, Dupl. verarbeitet=0, Dupl. erkannt=0, erneut zugestellt=0, Semantik eingehalten | broker-pause nach 66 Bestaetigungen, Ausfall 5.0s
[kafka] broker-pause / at-most-once, Lauf 2/5 ...
[kafka] Verlust=0, Dupl. verarbeitet=0, Dupl. erkannt=0, erneut zugestellt=0, Semantik eingehalten | broker-pause nach 66 Bestaetigungen, Ausfall 5.1s
[kafka] broker-pause / at-most-once, Lauf 3/5 ...
[kafka] Verlust=0, Dupl. verarbeitet=0, Dupl. erkannt=0, erneut zugestellt=0, Semantik eingehalten | broker-pause nach 66 Bestaetigungen, Ausfall 5.1s
[kafka] broker-pause / at-most-once, Lauf 4/5 ...
[kafka] Verlust=0, Dupl. verarbeitet=0, Dupl. erkannt=0, erneut zugestellt=0, Semantik eingehalten | broker-pause nach 66 Bestaetigungen, Ausfall 5.1s
[kafka] broker-pause / at-most-once, Lauf 5/5 ...
[kafka] Verlust=0, Dupl. verarbeitet=0, Dupl. erkannt=0, erneut zugestellt=0, Semantik eingehalten | broker-pause nach 66 Bestaetigungen, Ausfall 5.1s
[kafka] broker-pause / at-least-once, Lauf 1/5 ...
[kafka] Verlust=0, Dupl. verarbeitet=0, Dupl. erkannt=0, erneut zugestellt=0, Semantik eingehalten | broker-pause nach 66 Bestaetigungen, Ausfall 5.1s
[kafka] broker-pause / at-least-once, Lauf 2/5 ...
[kafka] Verlust=0, Dupl. verarbeitet=0, Dupl. erkannt=0, erneut zugestellt=0, Semantik eingehalten | broker-pause nach 66 Bestaetigungen, Ausfall 5.1s
[kafka] broker-pause / at-least-once, Lauf 3/5 ...
[kafka] Verlust=0, Dupl. verarbeitet=0, Dupl. erkannt=0, erneut zugestellt=0, Semantik eingehalten | broker-pause nach 66 Bestaetigungen, Ausfall 5.1s
[kafka] broker-pause / at-least-once, Lauf 4/5 ...
[kafka] Verlust=0, Dupl. verarbeitet=0, Dupl. erkannt=0, erneut zugestellt=0, Semantik eingehalten | broker-pause nach 66 Bestaetigungen, Ausfall 5.1s
[kafka] broker-pause / at-least-once, Lauf 5/5 ...
[kafka] Verlust=0, Dupl. verarbeitet=0, Dupl. erkannt=0, erneut zugestellt=0, Semantik eingehalten | broker-pause nach 66 Bestaetigungen, Ausfall 5.1s
[kafka] broker-pause / exactly-once, Lauf 1/5 ...
[kafka] Verlust=0, Dupl. verarbeitet=0, Dupl. erkannt=0, erneut zugestellt=0, Semantik eingehalten | broker-pause nach 66 Bestaetigungen, Ausfall 5.0s
[kafka] broker-pause / exactly-once, Lauf 2/5 ...
[kafka] Verlust=0, Dupl. verarbeitet=0, Dupl. erkannt=0, erneut zugestellt=0, Semantik eingehalten | broker-pause nach 66 Bestaetigungen, Ausfall 5.1s
[kafka] broker-pause / exactly-once, Lauf 3/5 ...
[kafka] Verlust=0, Dupl. verarbeitet=0, Dupl. erkannt=0, erneut zugestellt=0, Semantik eingehalten | broker-pause nach 66 Bestaetigungen, Ausfall 5.1s
[kafka] broker-pause / exactly-once, Lauf 4/5 ...
[kafka] Verlust=0, Dupl. verarbeitet=0, Dupl. erkannt=0, erneut zugestellt=0, Semantik eingehalten | broker-pause nach 66 Bestaetigungen, Ausfall 5.1s
[kafka] broker-pause / exactly-once, Lauf 5/5 ...
[kafka] Verlust=0, Dupl. verarbeitet=0, Dupl. erkannt=0, erneut zugestellt=0, Semantik eingehalten | broker-pause nach 66 Bestaetigungen, Ausfall 5.1s
[kafka] broker-restart / at-most-once, Lauf 1/5 ...
[kafka] Verlust=0, Dupl. verarbeitet=0, Dupl. erkannt=0, erneut zugestellt=0, Semantik eingehalten | broker-restart nach 66 Bestaetigungen, Ausfall 4.9s
[kafka] broker-restart / at-most-once, Lauf 2/5 ...
[kafka] Verlust=0, Dupl. verarbeitet=0, Dupl. erkannt=0, erneut zugestellt=0, Semantik eingehalten | broker-restart nach 66 Bestaetigungen, Ausfall 5.2s
[kafka] broker-restart / at-most-once, Lauf 3/5 ...
[kafka] Verlust=0, Dupl. verarbeitet=0, Dupl. erkannt=0, erneut zugestellt=0, Semantik eingehalten | broker-restart nach 66 Bestaetigungen, Ausfall 5.1s
[kafka] broker-restart / at-most-once, Lauf 4/5 ...
[kafka] Verlust=0, Dupl. verarbeitet=0, Dupl. erkannt=0, erneut zugestellt=0, Semantik eingehalten | broker-restart nach 66 Bestaetigungen, Ausfall 5.3s
[kafka] broker-restart / at-most-once, Lauf 5/5 ...
[kafka] Verlust=0, Dupl. verarbeitet=0, Dupl. erkannt=0, erneut zugestellt=0, Semantik eingehalten | broker-restart nach 66 Bestaetigungen, Ausfall 5.7s
[kafka] broker-restart / at-least-once, Lauf 1/5 ...
[kafka] Verlust=0, Dupl. verarbeitet=0, Dupl. erkannt=0, erneut zugestellt=0, Semantik eingehalten | broker-restart nach 66 Bestaetigungen, Ausfall 7.7s
[kafka] broker-restart / at-least-once, Lauf 2/5 ...
[kafka] Verlust=0, Dupl. verarbeitet=0, Dupl. erkannt=0, erneut zugestellt=0, Semantik eingehalten | broker-restart nach 66 Bestaetigungen, Ausfall 5.1s
[kafka] broker-restart / at-least-once, Lauf 3/5 ...
[kafka] Verlust=0, Dupl. verarbeitet=0, Dupl. erkannt=0, erneut zugestellt=0, Semantik eingehalten | broker-restart nach 66 Bestaetigungen, Ausfall 4.5s
[kafka] broker-restart / at-least-once, Lauf 4/5 ...
[kafka] Verlust=0, Dupl. verarbeitet=0, Dupl. erkannt=0, erneut zugestellt=0, Semantik eingehalten | broker-restart nach 66 Bestaetigungen, Ausfall 5.4s
[kafka] broker-restart / at-least-once, Lauf 5/5 ...
[kafka] Verlust=0, Dupl. verarbeitet=0, Dupl. erkannt=0, erneut zugestellt=0, Semantik eingehalten | broker-restart nach 66 Bestaetigungen, Ausfall 5.3s
[kafka] broker-restart / exactly-once, Lauf 1/5 ...
[kafka] Verlust=0, Dupl. verarbeitet=0, Dupl. erkannt=0, erneut zugestellt=0, Semantik eingehalten | broker-restart nach 66 Bestaetigungen, Ausfall 5.3s
[kafka] broker-restart / exactly-once, Lauf 2/5 ...
[kafka] Verlust=0, Dupl. verarbeitet=0, Dupl. erkannt=0, erneut zugestellt=0, Semantik eingehalten | broker-restart nach 66 Bestaetigungen, Ausfall 4.8s
[kafka] broker-restart / exactly-once, Lauf 3/5 ...
[kafka] Verlust=0, Dupl. verarbeitet=0, Dupl. erkannt=0, erneut zugestellt=0, Semantik eingehalten | broker-restart nach 66 Bestaetigungen, Ausfall 5.1s
[kafka] broker-restart / exactly-once, Lauf 4/5 ...
[kafka] Verlust=0, Dupl. verarbeitet=0, Dupl. erkannt=1, erneut zugestellt=1, Semantik eingehalten | broker-restart nach 66 Bestaetigungen, Ausfall 5.1s; Consumer beendet (Exit 1), Neustart
[kafka] broker-restart / exactly-once, Lauf 5/5 ...
[kafka] Verlust=0, Dupl. verarbeitet=0, Dupl. erkannt=0, erneut zugestellt=0, Semantik eingehalten | broker-restart nach 66 Bestaetigungen, Ausfall 5.3s

Bericht geschrieben: uc5_bericht_1790424487.md
[2026-09-26T14:08:07+02:00] OK: UC5 Messung kafka
[2026-09-26T14:08:07+02:00] START: UC5 Aufwaermen rabbitmq
[rabbitmq] crash-pre / at-most-once, Lauf 1/1 ...
[rabbitmq] Verlust=1, Dupl. verarbeitet=0, Dupl. erkannt=0, erneut zugestellt=0, Semantik eingehalten | Absturz seq=66 phase=pre
[rabbitmq] crash-pre / at-least-once, Lauf 1/1 ...
[rabbitmq] Verlust=0, Dupl. verarbeitet=0, Dupl. erkannt=0, erneut zugestellt=1, Semantik eingehalten | Absturz seq=66 phase=pre
[rabbitmq] crash-pre / exactly-once, Lauf 1/1 ...
[rabbitmq] Verlust=0, Dupl. verarbeitet=0, Dupl. erkannt=0, erneut zugestellt=1, Semantik eingehalten | Absturz seq=66 phase=pre
[rabbitmq] crash-post / at-most-once, Lauf 1/1 ...
[rabbitmq] Verlust=0, Dupl. verarbeitet=0, Dupl. erkannt=0, erneut zugestellt=0, Semantik eingehalten | Absturz seq=66 phase=post
[rabbitmq] crash-post / at-least-once, Lauf 1/1 ...
[rabbitmq] Verlust=0, Dupl. verarbeitet=1, Dupl. erkannt=0, erneut zugestellt=1, Semantik eingehalten | Absturz seq=66 phase=post
[rabbitmq] crash-post / exactly-once, Lauf 1/1 ...
[rabbitmq] Verlust=0, Dupl. verarbeitet=0, Dupl. erkannt=1, erneut zugestellt=1, Semantik eingehalten | Absturz seq=66 phase=post
[rabbitmq] broker-pause / at-most-once, Lauf 1/1 ...
[rabbitmq] Verlust=0, Dupl. verarbeitet=0, Dupl. erkannt=0, erneut zugestellt=0, Semantik eingehalten | broker-pause nach 66 Bestaetigungen, Ausfall 5.0s
[rabbitmq] broker-pause / at-least-once, Lauf 1/1 ...
[rabbitmq] Verlust=0, Dupl. verarbeitet=0, Dupl. erkannt=0, erneut zugestellt=0, Semantik eingehalten | broker-pause nach 66 Bestaetigungen, Ausfall 5.1s
[rabbitmq] broker-pause / exactly-once, Lauf 1/1 ...
[rabbitmq] Verlust=0, Dupl. verarbeitet=0, Dupl. erkannt=0, erneut zugestellt=0, Semantik eingehalten | broker-pause nach 66 Bestaetigungen, Ausfall 5.0s
[rabbitmq] broker-restart / at-most-once, Lauf 1/1 ...
[rabbitmq] Verlust=0, Dupl. verarbeitet=0, Dupl. erkannt=0, erneut zugestellt=0, Semantik eingehalten | broker-restart nach 66 Bestaetigungen, Ausfall 4.1s; Consumer beendet (Exit 1), Neustart
[rabbitmq] broker-restart / at-least-once, Lauf 1/1 ...
[rabbitmq] Verlust=0, Dupl. verarbeitet=0, Dupl. erkannt=0, erneut zugestellt=0, Semantik eingehalten | broker-restart nach 66 Bestaetigungen, Ausfall 4.1s; Consumer beendet (Exit 1), Neustart
[rabbitmq] broker-restart / exactly-once, Lauf 1/1 ...
[rabbitmq] Verlust=0, Dupl. verarbeitet=0, Dupl. erkannt=1, erneut zugestellt=1, Semantik eingehalten | broker-restart nach 66 Bestaetigungen, Ausfall 4.2s; Consumer beendet (Exit 1), Neustart

Bericht geschrieben: uc5_bericht_1790424663.md
[2026-09-26T14:11:03+02:00] OK: UC5 Aufwaermen rabbitmq
[2026-09-26T14:11:03+02:00] START: UC5 Messung rabbitmq
[rabbitmq] crash-pre / at-most-once, Lauf 1/5 ...
[rabbitmq] Verlust=1, Dupl. verarbeitet=0, Dupl. erkannt=0, erneut zugestellt=0, Semantik eingehalten | Absturz seq=66 phase=pre
[rabbitmq] crash-pre / at-most-once, Lauf 2/5 ...
[rabbitmq] Verlust=1, Dupl. verarbeitet=0, Dupl. erkannt=0, erneut zugestellt=0, Semantik eingehalten | Absturz seq=66 phase=pre
[rabbitmq] crash-pre / at-most-once, Lauf 3/5 ...
[rabbitmq] Verlust=1, Dupl. verarbeitet=0, Dupl. erkannt=0, erneut zugestellt=0, Semantik eingehalten | Absturz seq=66 phase=pre
[rabbitmq] crash-pre / at-most-once, Lauf 4/5 ...
[rabbitmq] Verlust=1, Dupl. verarbeitet=0, Dupl. erkannt=0, erneut zugestellt=0, Semantik eingehalten | Absturz seq=66 phase=pre
[rabbitmq] crash-pre / at-most-once, Lauf 5/5 ...
[rabbitmq] Verlust=1, Dupl. verarbeitet=0, Dupl. erkannt=0, erneut zugestellt=0, Semantik eingehalten | Absturz seq=66 phase=pre
[rabbitmq] crash-pre / at-least-once, Lauf 1/5 ...
[rabbitmq] Verlust=0, Dupl. verarbeitet=0, Dupl. erkannt=0, erneut zugestellt=1, Semantik eingehalten | Absturz seq=66 phase=pre
[rabbitmq] crash-pre / at-least-once, Lauf 2/5 ...
[rabbitmq] Verlust=0, Dupl. verarbeitet=0, Dupl. erkannt=0, erneut zugestellt=1, Semantik eingehalten | Absturz seq=66 phase=pre
[rabbitmq] crash-pre / at-least-once, Lauf 3/5 ...
[rabbitmq] Verlust=0, Dupl. verarbeitet=0, Dupl. erkannt=0, erneut zugestellt=1, Semantik eingehalten | Absturz seq=66 phase=pre
[rabbitmq] crash-pre / at-least-once, Lauf 4/5 ...
[rabbitmq] Verlust=0, Dupl. verarbeitet=0, Dupl. erkannt=0, erneut zugestellt=1, Semantik eingehalten | Absturz seq=66 phase=pre
[rabbitmq] crash-pre / at-least-once, Lauf 5/5 ...
[rabbitmq] Verlust=0, Dupl. verarbeitet=0, Dupl. erkannt=0, erneut zugestellt=1, Semantik eingehalten | Absturz seq=66 phase=pre
[rabbitmq] crash-pre / exactly-once, Lauf 1/5 ...
[rabbitmq] Verlust=0, Dupl. verarbeitet=0, Dupl. erkannt=0, erneut zugestellt=1, Semantik eingehalten | Absturz seq=66 phase=pre
[rabbitmq] crash-pre / exactly-once, Lauf 2/5 ...
[rabbitmq] Verlust=0, Dupl. verarbeitet=0, Dupl. erkannt=0, erneut zugestellt=1, Semantik eingehalten | Absturz seq=66 phase=pre
[rabbitmq] crash-pre / exactly-once, Lauf 3/5 ...
[rabbitmq] Verlust=0, Dupl. verarbeitet=0, Dupl. erkannt=0, erneut zugestellt=1, Semantik eingehalten | Absturz seq=66 phase=pre
[rabbitmq] crash-pre / exactly-once, Lauf 4/5 ...
[rabbitmq] Verlust=0, Dupl. verarbeitet=0, Dupl. erkannt=0, erneut zugestellt=1, Semantik eingehalten | Absturz seq=66 phase=pre
[rabbitmq] crash-pre / exactly-once, Lauf 5/5 ...
[rabbitmq] Verlust=0, Dupl. verarbeitet=0, Dupl. erkannt=0, erneut zugestellt=1, Semantik eingehalten | Absturz seq=66 phase=pre
[rabbitmq] crash-post / at-most-once, Lauf 1/5 ...
[rabbitmq] Verlust=0, Dupl. verarbeitet=0, Dupl. erkannt=0, erneut zugestellt=0, Semantik eingehalten | Absturz seq=66 phase=post
[rabbitmq] crash-post / at-most-once, Lauf 2/5 ...
[rabbitmq] Verlust=0, Dupl. verarbeitet=0, Dupl. erkannt=0, erneut zugestellt=0, Semantik eingehalten | Absturz seq=66 phase=post
[rabbitmq] crash-post / at-most-once, Lauf 3/5 ...
[rabbitmq] Verlust=0, Dupl. verarbeitet=0, Dupl. erkannt=0, erneut zugestellt=0, Semantik eingehalten | Absturz seq=66 phase=post
[rabbitmq] crash-post / at-most-once, Lauf 4/5 ...
[rabbitmq] Verlust=0, Dupl. verarbeitet=0, Dupl. erkannt=0, erneut zugestellt=0, Semantik eingehalten | Absturz seq=66 phase=post
[rabbitmq] crash-post / at-most-once, Lauf 5/5 ...
[rabbitmq] Verlust=0, Dupl. verarbeitet=0, Dupl. erkannt=0, erneut zugestellt=0, Semantik eingehalten | Absturz seq=66 phase=post
[rabbitmq] crash-post / at-least-once, Lauf 1/5 ...
[rabbitmq] Verlust=0, Dupl. verarbeitet=1, Dupl. erkannt=0, erneut zugestellt=1, Semantik eingehalten | Absturz seq=66 phase=post
[rabbitmq] crash-post / at-least-once, Lauf 2/5 ...
[rabbitmq] Verlust=0, Dupl. verarbeitet=1, Dupl. erkannt=0, erneut zugestellt=1, Semantik eingehalten | Absturz seq=66 phase=post
[rabbitmq] crash-post / at-least-once, Lauf 3/5 ...
[rabbitmq] Verlust=0, Dupl. verarbeitet=1, Dupl. erkannt=0, erneut zugestellt=1, Semantik eingehalten | Absturz seq=66 phase=post
[rabbitmq] crash-post / at-least-once, Lauf 4/5 ...
[rabbitmq] Verlust=0, Dupl. verarbeitet=1, Dupl. erkannt=0, erneut zugestellt=1, Semantik eingehalten | Absturz seq=66 phase=post
[rabbitmq] crash-post / at-least-once, Lauf 5/5 ...
[rabbitmq] Verlust=0, Dupl. verarbeitet=1, Dupl. erkannt=0, erneut zugestellt=1, Semantik eingehalten | Absturz seq=66 phase=post
[rabbitmq] crash-post / exactly-once, Lauf 1/5 ...
[rabbitmq] Verlust=0, Dupl. verarbeitet=0, Dupl. erkannt=1, erneut zugestellt=1, Semantik eingehalten | Absturz seq=66 phase=post
[rabbitmq] crash-post / exactly-once, Lauf 2/5 ...
[rabbitmq] Verlust=0, Dupl. verarbeitet=0, Dupl. erkannt=1, erneut zugestellt=1, Semantik eingehalten | Absturz seq=66 phase=post
[rabbitmq] crash-post / exactly-once, Lauf 3/5 ...
[rabbitmq] Verlust=0, Dupl. verarbeitet=0, Dupl. erkannt=1, erneut zugestellt=1, Semantik eingehalten | Absturz seq=66 phase=post
[rabbitmq] crash-post / exactly-once, Lauf 4/5 ...
[rabbitmq] Verlust=0, Dupl. verarbeitet=0, Dupl. erkannt=1, erneut zugestellt=1, Semantik eingehalten | Absturz seq=66 phase=post
[rabbitmq] crash-post / exactly-once, Lauf 5/5 ...
[rabbitmq] Verlust=0, Dupl. verarbeitet=0, Dupl. erkannt=1, erneut zugestellt=1, Semantik eingehalten | Absturz seq=66 phase=post
[rabbitmq] broker-pause / at-most-once, Lauf 1/5 ...
[rabbitmq] Verlust=0, Dupl. verarbeitet=0, Dupl. erkannt=0, erneut zugestellt=0, Semantik eingehalten | broker-pause nach 66 Bestaetigungen, Ausfall 5.0s
[rabbitmq] broker-pause / at-most-once, Lauf 2/5 ...
[rabbitmq] Verlust=0, Dupl. verarbeitet=0, Dupl. erkannt=0, erneut zugestellt=0, Semantik eingehalten | broker-pause nach 66 Bestaetigungen, Ausfall 5.0s
[rabbitmq] broker-pause / at-most-once, Lauf 3/5 ...
[rabbitmq] Verlust=0, Dupl. verarbeitet=0, Dupl. erkannt=0, erneut zugestellt=0, Semantik eingehalten | broker-pause nach 66 Bestaetigungen, Ausfall 5.0s
[rabbitmq] broker-pause / at-most-once, Lauf 4/5 ...
[rabbitmq] Verlust=0, Dupl. verarbeitet=0, Dupl. erkannt=0, erneut zugestellt=0, Semantik eingehalten | broker-pause nach 66 Bestaetigungen, Ausfall 5.0s
[rabbitmq] broker-pause / at-most-once, Lauf 5/5 ...
[rabbitmq] Verlust=0, Dupl. verarbeitet=0, Dupl. erkannt=0, erneut zugestellt=0, Semantik eingehalten | broker-pause nach 66 Bestaetigungen, Ausfall 5.0s
[rabbitmq] broker-pause / at-least-once, Lauf 1/5 ...
[rabbitmq] Verlust=0, Dupl. verarbeitet=0, Dupl. erkannt=0, erneut zugestellt=0, Semantik eingehalten | broker-pause nach 66 Bestaetigungen, Ausfall 5.0s
[rabbitmq] broker-pause / at-least-once, Lauf 2/5 ...
[rabbitmq] Verlust=0, Dupl. verarbeitet=0, Dupl. erkannt=0, erneut zugestellt=0, Semantik eingehalten | broker-pause nach 66 Bestaetigungen, Ausfall 5.1s
[rabbitmq] broker-pause / at-least-once, Lauf 3/5 ...
[rabbitmq] Verlust=0, Dupl. verarbeitet=0, Dupl. erkannt=0, erneut zugestellt=0, Semantik eingehalten | broker-pause nach 66 Bestaetigungen, Ausfall 5.1s
[rabbitmq] broker-pause / at-least-once, Lauf 4/5 ...
[rabbitmq] Verlust=0, Dupl. verarbeitet=0, Dupl. erkannt=0, erneut zugestellt=0, Semantik eingehalten | broker-pause nach 66 Bestaetigungen, Ausfall 5.1s
[rabbitmq] broker-pause / at-least-once, Lauf 5/5 ...
[rabbitmq] Verlust=0, Dupl. verarbeitet=0, Dupl. erkannt=0, erneut zugestellt=0, Semantik eingehalten | broker-pause nach 66 Bestaetigungen, Ausfall 5.1s
[rabbitmq] broker-pause / exactly-once, Lauf 1/5 ...
[rabbitmq] Verlust=0, Dupl. verarbeitet=0, Dupl. erkannt=0, erneut zugestellt=0, Semantik eingehalten | broker-pause nach 66 Bestaetigungen, Ausfall 5.1s
[rabbitmq] broker-pause / exactly-once, Lauf 2/5 ...
[rabbitmq] Verlust=0, Dupl. verarbeitet=0, Dupl. erkannt=0, erneut zugestellt=0, Semantik eingehalten | broker-pause nach 66 Bestaetigungen, Ausfall 5.0s
[rabbitmq] broker-pause / exactly-once, Lauf 3/5 ...
[rabbitmq] Verlust=0, Dupl. verarbeitet=0, Dupl. erkannt=0, erneut zugestellt=0, Semantik eingehalten | broker-pause nach 66 Bestaetigungen, Ausfall 5.1s
[rabbitmq] broker-pause / exactly-once, Lauf 4/5 ...
[rabbitmq] Verlust=0, Dupl. verarbeitet=0, Dupl. erkannt=0, erneut zugestellt=0, Semantik eingehalten | broker-pause nach 66 Bestaetigungen, Ausfall 5.1s
[rabbitmq] broker-pause / exactly-once, Lauf 5/5 ...
[rabbitmq] Verlust=0, Dupl. verarbeitet=0, Dupl. erkannt=0, erneut zugestellt=0, Semantik eingehalten | broker-pause nach 66 Bestaetigungen, Ausfall 5.1s
[rabbitmq] broker-restart / at-most-once, Lauf 1/5 ...
[rabbitmq] Verlust=0, Dupl. verarbeitet=0, Dupl. erkannt=0, erneut zugestellt=0, Semantik eingehalten | broker-restart nach 66 Bestaetigungen, Ausfall 4.2s; Consumer beendet (Exit 1), Neustart
[rabbitmq] broker-restart / at-most-once, Lauf 2/5 ...
[rabbitmq] Verlust=0, Dupl. verarbeitet=0, Dupl. erkannt=0, erneut zugestellt=0, Semantik eingehalten | broker-restart nach 66 Bestaetigungen, Ausfall 4.1s; Consumer beendet (Exit 1), Neustart
[rabbitmq] broker-restart / at-most-once, Lauf 3/5 ...
[rabbitmq] Verlust=0, Dupl. verarbeitet=0, Dupl. erkannt=0, erneut zugestellt=0, Semantik eingehalten | broker-restart nach 66 Bestaetigungen, Ausfall 4.2s; Consumer beendet (Exit 1), Neustart
[rabbitmq] broker-restart / at-most-once, Lauf 4/5 ...
[rabbitmq] Verlust=0, Dupl. verarbeitet=0, Dupl. erkannt=0, erneut zugestellt=0, Semantik eingehalten | broker-restart nach 66 Bestaetigungen, Ausfall 4.2s; Consumer beendet (Exit 1), Neustart
[rabbitmq] broker-restart / at-most-once, Lauf 5/5 ...
[rabbitmq] Verlust=0, Dupl. verarbeitet=0, Dupl. erkannt=0, erneut zugestellt=0, Semantik eingehalten | broker-restart nach 66 Bestaetigungen, Ausfall 4.2s; Consumer beendet (Exit 1), Neustart
[rabbitmq] broker-restart / at-least-once, Lauf 1/5 ...
[rabbitmq] Verlust=0, Dupl. verarbeitet=2, Dupl. erkannt=0, erneut zugestellt=2, Semantik eingehalten | broker-restart nach 66 Bestaetigungen, Ausfall 4.1s; Consumer beendet (Exit 1), Neustart
[rabbitmq] broker-restart / at-least-once, Lauf 2/5 ...
[rabbitmq] Verlust=0, Dupl. verarbeitet=1, Dupl. erkannt=0, erneut zugestellt=1, Semantik eingehalten | broker-restart nach 66 Bestaetigungen, Ausfall 4.1s; Consumer beendet (Exit 1), Neustart
[rabbitmq] broker-restart / at-least-once, Lauf 3/5 ...
[rabbitmq] Verlust=0, Dupl. verarbeitet=1, Dupl. erkannt=0, erneut zugestellt=1, Semantik eingehalten | broker-restart nach 66 Bestaetigungen, Ausfall 4.1s; Consumer beendet (Exit 1), Neustart
[rabbitmq] broker-restart / at-least-once, Lauf 4/5 ...
[rabbitmq] Verlust=0, Dupl. verarbeitet=1, Dupl. erkannt=0, erneut zugestellt=1, Semantik eingehalten | broker-restart nach 66 Bestaetigungen, Ausfall 4.1s; Consumer beendet (Exit 1), Neustart
[rabbitmq] broker-restart / at-least-once, Lauf 5/5 ...
[rabbitmq] Verlust=0, Dupl. verarbeitet=1, Dupl. erkannt=0, erneut zugestellt=1, Semantik eingehalten | broker-restart nach 66 Bestaetigungen, Ausfall 4.1s; Consumer beendet (Exit 1), Neustart
[rabbitmq] broker-restart / exactly-once, Lauf 1/5 ...
[rabbitmq] Verlust=0, Dupl. verarbeitet=0, Dupl. erkannt=1, erneut zugestellt=1, Semantik eingehalten | broker-restart nach 66 Bestaetigungen, Ausfall 4.2s; Consumer beendet (Exit 1), Neustart
[rabbitmq] broker-restart / exactly-once, Lauf 2/5 ...
[rabbitmq] Verlust=0, Dupl. verarbeitet=0, Dupl. erkannt=1, erneut zugestellt=1, Semantik eingehalten | broker-restart nach 66 Bestaetigungen, Ausfall 4.1s; Consumer beendet (Exit 1), Neustart
[rabbitmq] broker-restart / exactly-once, Lauf 3/5 ...
[rabbitmq] Verlust=0, Dupl. verarbeitet=0, Dupl. erkannt=1, erneut zugestellt=1, Semantik eingehalten | broker-restart nach 66 Bestaetigungen, Ausfall 4.2s; Consumer beendet (Exit 1), Neustart
[rabbitmq] broker-restart / exactly-once, Lauf 4/5 ...
[rabbitmq] Verlust=0, Dupl. verarbeitet=0, Dupl. erkannt=1, erneut zugestellt=1, Semantik eingehalten | broker-restart nach 66 Bestaetigungen, Ausfall 4.1s; Consumer beendet (Exit 1), Neustart
[rabbitmq] broker-restart / exactly-once, Lauf 5/5 ...
[rabbitmq] Verlust=0, Dupl. verarbeitet=0, Dupl. erkannt=1, erneut zugestellt=1, Semantik eingehalten | broker-restart nach 66 Bestaetigungen, Ausfall 4.1s; Consumer beendet (Exit 1), Neustart

Bericht geschrieben: uc5_bericht_1790425540.md
[2026-09-26T14:25:40+02:00] OK: UC5 Messung rabbitmq
[2026-09-26T14:25:40+02:00] START: UC5 Aufwaermen ibmmq
[ibmmq] crash-pre / at-most-once, Lauf 1/1 ...
[ibmmq] Verlust=1, Dupl. verarbeitet=0, Dupl. erkannt=0, erneut zugestellt=0, Semantik eingehalten | Absturz seq=66 phase=pre
[ibmmq] crash-pre / at-least-once, Lauf 1/1 ...
[ibmmq] Verlust=0, Dupl. verarbeitet=0, Dupl. erkannt=0, erneut zugestellt=1, Semantik eingehalten | Absturz seq=66 phase=pre
[ibmmq] crash-pre / exactly-once, Lauf 1/1 ...
[ibmmq] Verlust=0, Dupl. verarbeitet=0, Dupl. erkannt=0, erneut zugestellt=1, Semantik eingehalten | Absturz seq=66 phase=pre
[ibmmq] crash-post / at-most-once, Lauf 1/1 ...
[ibmmq] Verlust=0, Dupl. verarbeitet=0, Dupl. erkannt=0, erneut zugestellt=0, Semantik eingehalten | Absturz seq=66 phase=post
[ibmmq] crash-post / at-least-once, Lauf 1/1 ...
[ibmmq] Verlust=0, Dupl. verarbeitet=1, Dupl. erkannt=0, erneut zugestellt=1, Semantik eingehalten | Absturz seq=66 phase=post
[ibmmq] crash-post / exactly-once, Lauf 1/1 ...
[ibmmq] Verlust=0, Dupl. verarbeitet=0, Dupl. erkannt=1, erneut zugestellt=1, Semantik eingehalten | Absturz seq=66 phase=post
[ibmmq] broker-pause / at-most-once, Lauf 1/1 ...
[ibmmq] Verlust=0, Dupl. verarbeitet=0, Dupl. erkannt=0, erneut zugestellt=0, Semantik eingehalten | broker-pause nach 66 Bestaetigungen, Ausfall 5.0s
[ibmmq] broker-pause / at-least-once, Lauf 1/1 ...
[ibmmq] Verlust=0, Dupl. verarbeitet=0, Dupl. erkannt=0, erneut zugestellt=0, Semantik eingehalten | broker-pause nach 66 Bestaetigungen, Ausfall 5.0s
[ibmmq] broker-pause / exactly-once, Lauf 1/1 ...
[ibmmq] Verlust=0, Dupl. verarbeitet=0, Dupl. erkannt=0, erneut zugestellt=0, Semantik eingehalten | broker-pause nach 66 Bestaetigungen, Ausfall 5.1s
[ibmmq] broker-restart / at-most-once, Lauf 1/1 ...
[ibmmq] Verlust=0, Dupl. verarbeitet=0, Dupl. erkannt=0, erneut zugestellt=0, Semantik eingehalten | broker-restart nach 66 Bestaetigungen, Ausfall 3.5s; Consumer beendet (Exit 1), Neustart
[ibmmq] broker-restart / at-least-once, Lauf 1/1 ...
[ibmmq] Verlust=0, Dupl. verarbeitet=0, Dupl. erkannt=0, erneut zugestellt=0, Semantik eingehalten | broker-restart nach 66 Bestaetigungen, Ausfall 4.0s; Consumer beendet (Exit 1), Neustart
[ibmmq] broker-restart / exactly-once, Lauf 1/1 ...
[ibmmq] Verlust=0, Dupl. verarbeitet=0, Dupl. erkannt=0, erneut zugestellt=0, Semantik eingehalten | broker-restart nach 66 Bestaetigungen, Ausfall 3.4s; Consumer beendet (Exit 1), Neustart

Bericht geschrieben: uc5_bericht_1790425714.md
[2026-09-26T14:28:34+02:00] OK: UC5 Aufwaermen ibmmq
[2026-09-26T14:28:34+02:00] START: UC5 Messung ibmmq
[ibmmq] crash-pre / at-most-once, Lauf 1/5 ...
[ibmmq] Verlust=1, Dupl. verarbeitet=0, Dupl. erkannt=0, erneut zugestellt=0, Semantik eingehalten | Absturz seq=66 phase=pre
[ibmmq] crash-pre / at-most-once, Lauf 2/5 ...
[ibmmq] Verlust=1, Dupl. verarbeitet=0, Dupl. erkannt=0, erneut zugestellt=0, Semantik eingehalten | Absturz seq=66 phase=pre
[ibmmq] crash-pre / at-most-once, Lauf 3/5 ...
[ibmmq] Verlust=1, Dupl. verarbeitet=0, Dupl. erkannt=0, erneut zugestellt=0, Semantik eingehalten | Absturz seq=66 phase=pre
[ibmmq] crash-pre / at-most-once, Lauf 4/5 ...
[ibmmq] Verlust=1, Dupl. verarbeitet=0, Dupl. erkannt=0, erneut zugestellt=0, Semantik eingehalten | Absturz seq=66 phase=pre
[ibmmq] crash-pre / at-most-once, Lauf 5/5 ...
[ibmmq] Verlust=1, Dupl. verarbeitet=0, Dupl. erkannt=0, erneut zugestellt=0, Semantik eingehalten | Absturz seq=66 phase=pre
[ibmmq] crash-pre / at-least-once, Lauf 1/5 ...
[ibmmq] Verlust=0, Dupl. verarbeitet=0, Dupl. erkannt=0, erneut zugestellt=1, Semantik eingehalten | Absturz seq=66 phase=pre
[ibmmq] crash-pre / at-least-once, Lauf 2/5 ...
[ibmmq] Verlust=0, Dupl. verarbeitet=0, Dupl. erkannt=0, erneut zugestellt=1, Semantik eingehalten | Absturz seq=66 phase=pre
[ibmmq] crash-pre / at-least-once, Lauf 3/5 ...
[ibmmq] Verlust=0, Dupl. verarbeitet=0, Dupl. erkannt=0, erneut zugestellt=1, Semantik eingehalten | Absturz seq=66 phase=pre
[ibmmq] crash-pre / at-least-once, Lauf 4/5 ...
[ibmmq] Verlust=0, Dupl. verarbeitet=0, Dupl. erkannt=0, erneut zugestellt=1, Semantik eingehalten | Absturz seq=66 phase=pre
[ibmmq] crash-pre / at-least-once, Lauf 5/5 ...
[ibmmq] Verlust=0, Dupl. verarbeitet=0, Dupl. erkannt=0, erneut zugestellt=1, Semantik eingehalten | Absturz seq=66 phase=pre
[ibmmq] crash-pre / exactly-once, Lauf 1/5 ...
[ibmmq] Verlust=0, Dupl. verarbeitet=0, Dupl. erkannt=0, erneut zugestellt=1, Semantik eingehalten | Absturz seq=66 phase=pre
[ibmmq] crash-pre / exactly-once, Lauf 2/5 ...
[ibmmq] Verlust=0, Dupl. verarbeitet=0, Dupl. erkannt=0, erneut zugestellt=1, Semantik eingehalten | Absturz seq=66 phase=pre
[ibmmq] crash-pre / exactly-once, Lauf 3/5 ...
[ibmmq] Verlust=0, Dupl. verarbeitet=0, Dupl. erkannt=0, erneut zugestellt=1, Semantik eingehalten | Absturz seq=66 phase=pre
[ibmmq] crash-pre / exactly-once, Lauf 4/5 ...
[ibmmq] Verlust=0, Dupl. verarbeitet=0, Dupl. erkannt=0, erneut zugestellt=1, Semantik eingehalten | Absturz seq=66 phase=pre
[ibmmq] crash-pre / exactly-once, Lauf 5/5 ...
[ibmmq] Verlust=0, Dupl. verarbeitet=0, Dupl. erkannt=0, erneut zugestellt=1, Semantik eingehalten | Absturz seq=66 phase=pre
[ibmmq] crash-post / at-most-once, Lauf 1/5 ...
[ibmmq] Verlust=0, Dupl. verarbeitet=0, Dupl. erkannt=0, erneut zugestellt=0, Semantik eingehalten | Absturz seq=66 phase=post
[ibmmq] crash-post / at-most-once, Lauf 2/5 ...
[ibmmq] Verlust=0, Dupl. verarbeitet=0, Dupl. erkannt=0, erneut zugestellt=0, Semantik eingehalten | Absturz seq=66 phase=post
[ibmmq] crash-post / at-most-once, Lauf 3/5 ...
[ibmmq] Verlust=0, Dupl. verarbeitet=0, Dupl. erkannt=0, erneut zugestellt=0, Semantik eingehalten | Absturz seq=66 phase=post
[ibmmq] crash-post / at-most-once, Lauf 4/5 ...
[ibmmq] Verlust=0, Dupl. verarbeitet=0, Dupl. erkannt=0, erneut zugestellt=0, Semantik eingehalten | Absturz seq=66 phase=post
[ibmmq] crash-post / at-most-once, Lauf 5/5 ...
[ibmmq] Verlust=0, Dupl. verarbeitet=0, Dupl. erkannt=0, erneut zugestellt=0, Semantik eingehalten | Absturz seq=66 phase=post
[ibmmq] crash-post / at-least-once, Lauf 1/5 ...
[ibmmq] Verlust=0, Dupl. verarbeitet=1, Dupl. erkannt=0, erneut zugestellt=1, Semantik eingehalten | Absturz seq=66 phase=post
[ibmmq] crash-post / at-least-once, Lauf 2/5 ...
[ibmmq] Verlust=0, Dupl. verarbeitet=1, Dupl. erkannt=0, erneut zugestellt=1, Semantik eingehalten | Absturz seq=66 phase=post
[ibmmq] crash-post / at-least-once, Lauf 3/5 ...
[ibmmq] Verlust=0, Dupl. verarbeitet=1, Dupl. erkannt=0, erneut zugestellt=1, Semantik eingehalten | Absturz seq=66 phase=post
[ibmmq] crash-post / at-least-once, Lauf 4/5 ...
[ibmmq] Verlust=0, Dupl. verarbeitet=1, Dupl. erkannt=0, erneut zugestellt=1, Semantik eingehalten | Absturz seq=66 phase=post
[ibmmq] crash-post / at-least-once, Lauf 5/5 ...
[ibmmq] Verlust=0, Dupl. verarbeitet=1, Dupl. erkannt=0, erneut zugestellt=1, Semantik eingehalten | Absturz seq=66 phase=post
[ibmmq] crash-post / exactly-once, Lauf 1/5 ...
[ibmmq] Verlust=0, Dupl. verarbeitet=0, Dupl. erkannt=1, erneut zugestellt=1, Semantik eingehalten | Absturz seq=66 phase=post
[ibmmq] crash-post / exactly-once, Lauf 2/5 ...
[ibmmq] Verlust=0, Dupl. verarbeitet=0, Dupl. erkannt=1, erneut zugestellt=1, Semantik eingehalten | Absturz seq=66 phase=post
[ibmmq] crash-post / exactly-once, Lauf 3/5 ...
[ibmmq] Verlust=0, Dupl. verarbeitet=0, Dupl. erkannt=1, erneut zugestellt=1, Semantik eingehalten | Absturz seq=66 phase=post
[ibmmq] crash-post / exactly-once, Lauf 4/5 ...
[ibmmq] Verlust=0, Dupl. verarbeitet=0, Dupl. erkannt=1, erneut zugestellt=1, Semantik eingehalten | Absturz seq=66 phase=post
[ibmmq] crash-post / exactly-once, Lauf 5/5 ...
[ibmmq] Verlust=0, Dupl. verarbeitet=0, Dupl. erkannt=1, erneut zugestellt=1, Semantik eingehalten | Absturz seq=66 phase=post
[ibmmq] broker-pause / at-most-once, Lauf 1/5 ...
[ibmmq] Verlust=0, Dupl. verarbeitet=0, Dupl. erkannt=0, erneut zugestellt=0, Semantik eingehalten | broker-pause nach 66 Bestaetigungen, Ausfall 5.1s
[ibmmq] broker-pause / at-most-once, Lauf 2/5 ...
[ibmmq] Verlust=0, Dupl. verarbeitet=0, Dupl. erkannt=0, erneut zugestellt=0, Semantik eingehalten | broker-pause nach 66 Bestaetigungen, Ausfall 5.0s
[ibmmq] broker-pause / at-most-once, Lauf 3/5 ...
[ibmmq] Verlust=0, Dupl. verarbeitet=0, Dupl. erkannt=0, erneut zugestellt=0, Semantik eingehalten | broker-pause nach 66 Bestaetigungen, Ausfall 5.1s
[ibmmq] broker-pause / at-most-once, Lauf 4/5 ...
[ibmmq] Verlust=0, Dupl. verarbeitet=0, Dupl. erkannt=0, erneut zugestellt=0, Semantik eingehalten | broker-pause nach 66 Bestaetigungen, Ausfall 5.0s
[ibmmq] broker-pause / at-most-once, Lauf 5/5 ...
[ibmmq] Verlust=0, Dupl. verarbeitet=0, Dupl. erkannt=0, erneut zugestellt=0, Semantik eingehalten | broker-pause nach 66 Bestaetigungen, Ausfall 5.0s
[ibmmq] broker-pause / at-least-once, Lauf 1/5 ...
[ibmmq] Verlust=0, Dupl. verarbeitet=0, Dupl. erkannt=0, erneut zugestellt=0, Semantik eingehalten | broker-pause nach 66 Bestaetigungen, Ausfall 5.1s
[ibmmq] broker-pause / at-least-once, Lauf 2/5 ...
[ibmmq] Verlust=0, Dupl. verarbeitet=0, Dupl. erkannt=0, erneut zugestellt=0, Semantik eingehalten | broker-pause nach 66 Bestaetigungen, Ausfall 5.1s
[ibmmq] broker-pause / at-least-once, Lauf 3/5 ...
[ibmmq] Verlust=0, Dupl. verarbeitet=0, Dupl. erkannt=0, erneut zugestellt=0, Semantik eingehalten | broker-pause nach 66 Bestaetigungen, Ausfall 5.2s
[ibmmq] broker-pause / at-least-once, Lauf 4/5 ...
[ibmmq] Verlust=0, Dupl. verarbeitet=0, Dupl. erkannt=0, erneut zugestellt=0, Semantik eingehalten | broker-pause nach 66 Bestaetigungen, Ausfall 5.1s
[ibmmq] broker-pause / at-least-once, Lauf 5/5 ...
[ibmmq] Verlust=0, Dupl. verarbeitet=0, Dupl. erkannt=0, erneut zugestellt=0, Semantik eingehalten | broker-pause nach 66 Bestaetigungen, Ausfall 5.1s
[ibmmq] broker-pause / exactly-once, Lauf 1/5 ...
[ibmmq] Verlust=0, Dupl. verarbeitet=0, Dupl. erkannt=0, erneut zugestellt=0, Semantik eingehalten | broker-pause nach 66 Bestaetigungen, Ausfall 5.2s
[ibmmq] broker-pause / exactly-once, Lauf 2/5 ...
[ibmmq] Verlust=0, Dupl. verarbeitet=0, Dupl. erkannt=0, erneut zugestellt=0, Semantik eingehalten | broker-pause nach 66 Bestaetigungen, Ausfall 5.0s
[ibmmq] broker-pause / exactly-once, Lauf 3/5 ...
[ibmmq] Verlust=0, Dupl. verarbeitet=0, Dupl. erkannt=0, erneut zugestellt=0, Semantik eingehalten | broker-pause nach 66 Bestaetigungen, Ausfall 5.0s
[ibmmq] broker-pause / exactly-once, Lauf 4/5 ...
[ibmmq] Verlust=0, Dupl. verarbeitet=0, Dupl. erkannt=0, erneut zugestellt=0, Semantik eingehalten | broker-pause nach 66 Bestaetigungen, Ausfall 5.1s
[ibmmq] broker-pause / exactly-once, Lauf 5/5 ...
[ibmmq] Verlust=0, Dupl. verarbeitet=0, Dupl. erkannt=0, erneut zugestellt=0, Semantik eingehalten | broker-pause nach 66 Bestaetigungen, Ausfall 5.0s
[ibmmq] broker-restart / at-most-once, Lauf 1/5 ...
[ibmmq] Verlust=0, Dupl. verarbeitet=0, Dupl. erkannt=0, erneut zugestellt=0, Semantik eingehalten | broker-restart nach 66 Bestaetigungen, Ausfall 3.5s; Consumer beendet (Exit 1), Neustart
[ibmmq] broker-restart / at-most-once, Lauf 2/5 ...
[ibmmq] Verlust=0, Dupl. verarbeitet=0, Dupl. erkannt=0, erneut zugestellt=0, Semantik eingehalten | broker-restart nach 66 Bestaetigungen, Ausfall 3.6s; Consumer beendet (Exit 1), Neustart
[ibmmq] broker-restart / at-most-once, Lauf 3/5 ...
[ibmmq] Verlust=0, Dupl. verarbeitet=0, Dupl. erkannt=0, erneut zugestellt=0, Semantik eingehalten | broker-restart nach 66 Bestaetigungen, Ausfall 4.1s; Consumer beendet (Exit 1), Neustart
[ibmmq] broker-restart / at-most-once, Lauf 4/5 ...
[ibmmq] Verlust=0, Dupl. verarbeitet=0, Dupl. erkannt=0, erneut zugestellt=0, Semantik eingehalten | broker-restart nach 66 Bestaetigungen, Ausfall 3.5s; Consumer beendet (Exit 1), Neustart
[ibmmq] broker-restart / at-most-once, Lauf 5/5 ...
[ibmmq] Verlust=0, Dupl. verarbeitet=0, Dupl. erkannt=0, erneut zugestellt=0, Semantik eingehalten | broker-restart nach 66 Bestaetigungen, Ausfall 4.1s; Consumer beendet (Exit 1), Neustart
[ibmmq] broker-restart / at-least-once, Lauf 1/5 ...
[ibmmq] Verlust=0, Dupl. verarbeitet=0, Dupl. erkannt=0, erneut zugestellt=0, Semantik eingehalten | broker-restart nach 66 Bestaetigungen, Ausfall 3.5s; Consumer beendet (Exit 1), Neustart
[ibmmq] broker-restart / at-least-once, Lauf 2/5 ...
[ibmmq] Verlust=0, Dupl. verarbeitet=0, Dupl. erkannt=0, erneut zugestellt=0, Semantik eingehalten | broker-restart nach 66 Bestaetigungen, Ausfall 3.4s; Consumer beendet (Exit 1), Neustart
[ibmmq] broker-restart / at-least-once, Lauf 3/5 ...
[ibmmq] Verlust=0, Dupl. verarbeitet=0, Dupl. erkannt=0, erneut zugestellt=0, Semantik eingehalten | broker-restart nach 66 Bestaetigungen, Ausfall 3.4s; Consumer beendet (Exit 1), Neustart
[ibmmq] broker-restart / at-least-once, Lauf 4/5 ...
[ibmmq] Verlust=0, Dupl. verarbeitet=0, Dupl. erkannt=0, erneut zugestellt=0, Semantik eingehalten | broker-restart nach 66 Bestaetigungen, Ausfall 4.4s; Consumer beendet (Exit 1), Neustart
[ibmmq] broker-restart / at-least-once, Lauf 5/5 ...
[ibmmq] Verlust=0, Dupl. verarbeitet=0, Dupl. erkannt=0, erneut zugestellt=0, Semantik eingehalten | broker-restart nach 66 Bestaetigungen, Ausfall 3.3s; Consumer beendet (Exit 1), Neustart
[ibmmq] broker-restart / exactly-once, Lauf 1/5 ...
[ibmmq] Verlust=0, Dupl. verarbeitet=0, Dupl. erkannt=0, erneut zugestellt=0, Semantik eingehalten | broker-restart nach 66 Bestaetigungen, Ausfall 3.3s; Consumer beendet (Exit 1), Neustart
[ibmmq] broker-restart / exactly-once, Lauf 2/5 ...
[ibmmq] Verlust=0, Dupl. verarbeitet=0, Dupl. erkannt=0, erneut zugestellt=0, Semantik eingehalten | broker-restart nach 66 Bestaetigungen, Ausfall 4.4s; Consumer beendet (Exit 1), Neustart
[ibmmq] broker-restart / exactly-once, Lauf 3/5 ...
[ibmmq] Verlust=0, Dupl. verarbeitet=0, Dupl. erkannt=0, erneut zugestellt=0, Semantik eingehalten | broker-restart nach 66 Bestaetigungen, Ausfall 4.3s; Consumer beendet (Exit 1), Neustart
[ibmmq] broker-restart / exactly-once, Lauf 4/5 ...
[ibmmq] Verlust=0, Dupl. verarbeitet=0, Dupl. erkannt=0, erneut zugestellt=0, Semantik eingehalten | broker-restart nach 66 Bestaetigungen, Ausfall 3.2s; Consumer beendet (Exit 1), Neustart
[ibmmq] broker-restart / exactly-once, Lauf 5/5 ...
[ibmmq] Verlust=0, Dupl. verarbeitet=0, Dupl. erkannt=0, erneut zugestellt=0, Semantik eingehalten | broker-restart nach 66 Bestaetigungen, Ausfall 3.3s; Consumer beendet (Exit 1), Neustart

Bericht geschrieben: uc5_bericht_1790426599.md
[2026-09-26T14:43:19+02:00] OK: UC5 Messung ibmmq
[2026-09-26T14:43:19+02:00] MESSTAG ENDE
