[2026-09-26T02:39:31+02:00] MESSTAG START
[2026-09-26T02:39:39+02:00] === BLOCK START: kafka ===
[2026-09-26T02:39:39+02:00] START: UC1 Aufwaermen kafka
[kafka] Lauf 1/1 mit 5000 Nachrichten ...
[kafka] Lauf 1: Mittel=0.16 ms, P99=0.30 ms, Rate=500.0 msg/s, Rueckstand=2

Bericht geschrieben: uc1_bericht_5000n_500r_1790383195.md
[2026-09-26T02:39:55+02:00] OK: UC1 Aufwaermen kafka
OK: 1 Lauf/Laeufe geprueft, Rate und Rueckstand innerhalb der Schwellen
[2026-09-26T02:39:55+02:00] START: UC1 Referenz kafka
[kafka] Lauf 1/5 mit 10000 Nachrichten ...
[kafka] Lauf 1: Mittel=0.12 ms, P99=0.20 ms, Rate=498.7 msg/s, Rueckstand=2
[kafka] Lauf 2/5 mit 10000 Nachrichten ...
[kafka] Lauf 2: Mittel=0.10 ms, P99=0.18 ms, Rate=500.0 msg/s, Rueckstand=0
[kafka] Lauf 3/5 mit 10000 Nachrichten ...
[kafka] Lauf 3: Mittel=0.10 ms, P99=0.18 ms, Rate=500.0 msg/s, Rueckstand=0
[kafka] Lauf 4/5 mit 10000 Nachrichten ...
[kafka] Lauf 4: Mittel=0.10 ms, P99=0.17 ms, Rate=500.0 msg/s, Rueckstand=0
[kafka] Lauf 5/5 mit 10000 Nachrichten ...
[kafka] Lauf 5: Mittel=0.10 ms, P99=0.17 ms, Rate=500.0 msg/s, Rueckstand=0

Bericht geschrieben: uc1_bericht_10000n_500r_1790383326.md
[2026-09-26T02:42:06+02:00] OK: UC1 Referenz kafka
OK: 5 Lauf/Laeufe geprueft, Rate und Rueckstand innerhalb der Schwellen
[2026-09-26T02:42:06+02:00] START: UC1b Stufenreihe kafka
[kafka] Lauf 1/3 mit 20000 Nachrichten ...
[kafka] Lauf 1: Mittel=0.10 ms, P99=0.17 ms, Rate=500.0 msg/s, Rueckstand=0
[kafka] Lauf 2/3 mit 20000 Nachrichten ...
[kafka] Lauf 2: Mittel=0.08 ms, P99=0.15 ms, Rate=500.0 msg/s, Rueckstand=0
[kafka] Lauf 3/3 mit 20000 Nachrichten ...
[kafka] Lauf 3: Mittel=0.11 ms, P99=0.18 ms, Rate=500.0 msg/s, Rueckstand=0

Bericht geschrieben: uc1_bericht_20000n_500r_1790383464.md
[kafka] Lauf 1/3 mit 20000 Nachrichten ...
[kafka] Lauf 1: Mittel=0.09 ms, P99=0.16 ms, Rate=1000.0 msg/s, Rueckstand=2
[kafka] Lauf 2/3 mit 20000 Nachrichten ...
[kafka] Lauf 2: Mittel=0.09 ms, P99=0.15 ms, Rate=1000.0 msg/s, Rueckstand=1
[kafka] Lauf 3/3 mit 20000 Nachrichten ...
[kafka] Lauf 3: Mittel=0.08 ms, P99=0.15 ms, Rate=999.9 msg/s, Rueckstand=3

Bericht geschrieben: uc1_bericht_20000n_1000r_1790383543.md
[kafka] Lauf 1/3 mit 20000 Nachrichten ...
[kafka] Lauf 1: Mittel=0.08 ms, P99=0.16 ms, Rate=1499.7 msg/s, Rueckstand=3
[kafka] Lauf 2/3 mit 20000 Nachrichten ...
[kafka] Lauf 2: Mittel=0.08 ms, P99=0.15 ms, Rate=1499.7 msg/s, Rueckstand=4
[kafka] Lauf 3/3 mit 20000 Nachrichten ...
[kafka] Lauf 3: Mittel=0.09 ms, P99=0.17 ms, Rate=1499.9 msg/s, Rueckstand=2

Bericht geschrieben: uc1_bericht_20000n_1500r_1790383601.md
[kafka] Lauf 1/3 mit 20000 Nachrichten ...
[kafka] Lauf 1: Mittel=0.08 ms, P99=0.17 ms, Rate=1999.2 msg/s, Rueckstand=4
[kafka] Lauf 2/3 mit 20000 Nachrichten ...
[kafka] Lauf 2: Mittel=0.09 ms, P99=0.16 ms, Rate=1998.9 msg/s, Rueckstand=6
[kafka] Lauf 3/3 mit 20000 Nachrichten ...
[kafka] Lauf 3: Mittel=0.08 ms, P99=0.16 ms, Rate=1999.5 msg/s, Rueckstand=3

Bericht geschrieben: uc1_bericht_20000n_2000r_1790383650.md
[kafka] Lauf 1/3 mit 20000 Nachrichten ...
[kafka] Lauf 1: Mittel=0.08 ms, P99=0.15 ms, Rate=2998.2 msg/s, Rueckstand=4
[kafka] Lauf 2/3 mit 20000 Nachrichten ...
[kafka] Lauf 2: Mittel=0.08 ms, P99=0.15 ms, Rate=2998.8 msg/s, Rueckstand=3
[kafka] Lauf 3/3 mit 20000 Nachrichten ...
[kafka] Lauf 3: Mittel=0.08 ms, P99=0.15 ms, Rate=2998.4 msg/s, Rueckstand=3

Bericht geschrieben: uc1_bericht_20000n_3000r_1790383688.md
[2026-09-26T02:48:08+02:00] OK: UC1b Stufenreihe kafka
[2026-09-26T02:48:08+02:00] START: UC2 kafka
[kafka] 1 Instanz(en), Lauf 1/10 ...
[kafka] 1 Instanz(en): 24517.3 msg/s, Verteilung 100000
[kafka] 1 Instanz(en), Lauf 2/10 ...
[kafka] 1 Instanz(en): 25857.7 msg/s, Verteilung 100000
[kafka] 1 Instanz(en), Lauf 3/10 ...
[kafka] 1 Instanz(en): 26007.0 msg/s, Verteilung 100000
[kafka] 1 Instanz(en), Lauf 4/10 ...
[kafka] 1 Instanz(en): 25778.0 msg/s, Verteilung 100000
[kafka] 1 Instanz(en), Lauf 5/10 ...
[kafka] 1 Instanz(en): 25873.9 msg/s, Verteilung 100000
[kafka] 1 Instanz(en), Lauf 6/10 ...
[kafka] 1 Instanz(en): 25605.7 msg/s, Verteilung 100000
[kafka] 1 Instanz(en), Lauf 7/10 ...
[kafka] 1 Instanz(en): 25674.7 msg/s, Verteilung 100000
[kafka] 1 Instanz(en), Lauf 8/10 ...
[kafka] 1 Instanz(en): 25450.4 msg/s, Verteilung 100000
[kafka] 1 Instanz(en), Lauf 9/10 ...
[kafka] 1 Instanz(en): 24065.2 msg/s, Verteilung 100000
[kafka] 1 Instanz(en), Lauf 10/10 ...
[kafka] 1 Instanz(en): 25353.6 msg/s, Verteilung 100000
[kafka] 2 Instanz(en), Lauf 1/10 ...
[kafka] 2 Instanz(en): 44569.3 msg/s, Verteilung 50000/50000
[kafka] 2 Instanz(en), Lauf 2/10 ...
[kafka] 2 Instanz(en): 42546.3 msg/s, Verteilung 50000/50000
[kafka] 2 Instanz(en), Lauf 3/10 ...
[kafka] 2 Instanz(en): 40311.1 msg/s, Verteilung 50000/50000
[kafka] 2 Instanz(en), Lauf 4/10 ...
[kafka] 2 Instanz(en): 44407.9 msg/s, Verteilung 50000/50000
[kafka] 2 Instanz(en), Lauf 5/10 ...
[kafka] 2 Instanz(en): 44643.9 msg/s, Verteilung 50000/50000
[kafka] 2 Instanz(en), Lauf 6/10 ...
[kafka] 2 Instanz(en): 45135.7 msg/s, Verteilung 50000/50000
[kafka] 2 Instanz(en), Lauf 7/10 ...
[kafka] 2 Instanz(en): 45732.7 msg/s, Verteilung 50000/50000
[kafka] 2 Instanz(en), Lauf 8/10 ...
[kafka] 2 Instanz(en): 42678.2 msg/s, Verteilung 50000/50000
[kafka] 2 Instanz(en), Lauf 9/10 ...
[kafka] 2 Instanz(en): 43802.0 msg/s, Verteilung 50000/50000
[kafka] 2 Instanz(en), Lauf 10/10 ...
[kafka] 2 Instanz(en): 40648.1 msg/s, Verteilung 50000/50000
[kafka] 4 Instanz(en), Lauf 1/10 ...
[kafka] 4 Instanz(en): 54231.5 msg/s, Verteilung 25000/25000/25000/25000
[kafka] 4 Instanz(en), Lauf 2/10 ...
[kafka] 4 Instanz(en): 58710.0 msg/s, Verteilung 25000/25000/25000/25000
[kafka] 4 Instanz(en), Lauf 3/10 ...
[kafka] 4 Instanz(en): 58816.2 msg/s, Verteilung 25000/25000/25000/25000
[kafka] 4 Instanz(en), Lauf 4/10 ...
[kafka] 4 Instanz(en): 60322.1 msg/s, Verteilung 25000/25000/25000/25000
[kafka] 4 Instanz(en), Lauf 5/10 ...
[kafka] 4 Instanz(en): 51178.8 msg/s, Verteilung 25000/25000/25000/25000
[kafka] 4 Instanz(en), Lauf 6/10 ...
[kafka] 4 Instanz(en): 56834.3 msg/s, Verteilung 25000/25000/25000/25000
[kafka] 4 Instanz(en), Lauf 7/10 ...
[kafka] 4 Instanz(en): 58453.7 msg/s, Verteilung 25000/25000/25000/25000
[kafka] 4 Instanz(en), Lauf 8/10 ...
[kafka] 4 Instanz(en): 58967.2 msg/s, Verteilung 25000/25000/25000/25000
[kafka] 4 Instanz(en), Lauf 9/10 ...
[kafka] 4 Instanz(en): 51290.9 msg/s, Verteilung 25000/25000/25000/25000
[kafka] 4 Instanz(en), Lauf 10/10 ...
[kafka] 4 Instanz(en): 56194.9 msg/s, Verteilung 25000/25000/25000/25000
[kafka] 8 Instanz(en), Lauf 1/10 ...
[kafka] 8 Instanz(en): 46748.7 msg/s, Verteilung 12500/12500/12500/12500/12500/12500/12500/12500
[kafka] 8 Instanz(en), Lauf 2/10 ...
[kafka] 8 Instanz(en): 46283.9 msg/s, Verteilung 12500/12500/12500/12500/12500/12500/12500/12500
[kafka] 8 Instanz(en), Lauf 3/10 ...
[kafka] 8 Instanz(en): 48231.2 msg/s, Verteilung 12500/12500/12500/12500/12500/12500/12500/12500
[kafka] 8 Instanz(en), Lauf 4/10 ...
[kafka] 8 Instanz(en): 47979.8 msg/s, Verteilung 12500/12500/12500/12500/12500/12500/12500/12500
[kafka] 8 Instanz(en), Lauf 5/10 ...
[kafka] 8 Instanz(en): 48915.2 msg/s, Verteilung 12500/12500/12500/12500/12500/12500/12500/12500
[kafka] 8 Instanz(en), Lauf 6/10 ...
[kafka] 8 Instanz(en): 49057.0 msg/s, Verteilung 12500/12500/12500/12500/12500/12500/12500/12500
[kafka] 8 Instanz(en), Lauf 7/10 ...
[kafka] 8 Instanz(en): 48884.1 msg/s, Verteilung 12500/12500/12500/12500/12500/12500/12500/12500
[kafka] 8 Instanz(en), Lauf 8/10 ...
[kafka] 8 Instanz(en): 48533.6 msg/s, Verteilung 12500/12500/12500/12500/12500/12500/12500/12500
[kafka] 8 Instanz(en), Lauf 9/10 ...
[kafka] 8 Instanz(en): 47275.1 msg/s, Verteilung 12500/12500/12500/12500/12500/12500/12500/12500
[kafka] 8 Instanz(en), Lauf 10/10 ...
[kafka] 8 Instanz(en): 47040.2 msg/s, Verteilung 12500/12500/12500/12500/12500/12500/12500/12500

Bericht geschrieben: uc2_bericht_100000n_1790384307.md
